<!doctype html public "-//w3c//dtd html 4.0 transitional//en">
<html><head>
<title>Static Call Graph - [FreeRtos_Project\FreeRtos_Project.axf]</title></head>
<body><HR>
<H1>Static Call Graph for image FreeRtos_Project\FreeRtos_Project.axf</H1><HR>
<BR><P>#&#060CALLGRAPH&#062# ARM Linker, 5060750: Last Updated: Sat May 09 00:50:00 2026
<BR><P>
<H3>Maximum Stack Usage =       1648 bytes + Unknown(Cycles, Untraceable Function Pointers)</H3><H3>
Call chain for Maximum Stack Depth:</H3>
main &rArr; ESPAT_GetWeatherNowEx &rArr; ESPAT_ParseWeather &rArr; atoi &rArr; strtol &rArr; _strtoul
<P>
<H3>
Mutually Recursive functions
</H3> <LI><a href="#[1c]">ADC_IRQHandler</a>&nbsp;&nbsp;&nbsp;&rArr;&nbsp;&nbsp;&nbsp;<a href="#[1c]">ADC_IRQHandler</a><BR>
 <LI><a href="#[4]">BusFault_Handler</a>&nbsp;&nbsp;&nbsp;&rArr;&nbsp;&nbsp;&nbsp;<a href="#[4]">BusFault_Handler</a><BR>
 <LI><a href="#[2]">HardFault_Handler</a>&nbsp;&nbsp;&nbsp;&rArr;&nbsp;&nbsp;&nbsp;<a href="#[2]">HardFault_Handler</a><BR>
 <LI><a href="#[3]">MemManage_Handler</a>&nbsp;&nbsp;&nbsp;&rArr;&nbsp;&nbsp;&nbsp;<a href="#[3]">MemManage_Handler</a><BR>
 <LI><a href="#[1]">NMI_Handler</a>&nbsp;&nbsp;&nbsp;&rArr;&nbsp;&nbsp;&nbsp;<a href="#[1]">NMI_Handler</a><BR>
 <LI><a href="#[a3]">UART_EndRxTransfer</a>&nbsp;&nbsp;&nbsp;&rArr;&nbsp;&nbsp;&nbsp;<a href="#[a3]">UART_EndRxTransfer</a><BR>
 <LI><a href="#[5]">UsageFault_Handler</a>&nbsp;&nbsp;&nbsp;&rArr;&nbsp;&nbsp;&nbsp;<a href="#[5]">UsageFault_Handler</a><BR>
</UL>
<P>
<H3>
Function Pointers
</H3><UL>
 <LI><a href="#[1c]">ADC_IRQHandler</a> from startup_stm32f411xe.o(.text) referenced from startup_stm32f411xe.o(RESET)
 <LI><a href="#[4]">BusFault_Handler</a> from stm32f4xx_it.o(i.BusFault_Handler) referenced from startup_stm32f411xe.o(RESET)
 <LI><a href="#[15]">DMA1_Stream0_IRQHandler</a> from startup_stm32f411xe.o(.text) referenced from startup_stm32f411xe.o(RESET)
 <LI><a href="#[16]">DMA1_Stream1_IRQHandler</a> from startup_stm32f411xe.o(.text) referenced from startup_stm32f411xe.o(RESET)
 <LI><a href="#[17]">DMA1_Stream2_IRQHandler</a> from startup_stm32f411xe.o(.text) referenced from startup_stm32f411xe.o(RESET)
 <LI><a href="#[18]">DMA1_Stream3_IRQHandler</a> from startup_stm32f411xe.o(.text) referenced from startup_stm32f411xe.o(RESET)
 <LI><a href="#[19]">DMA1_Stream4_IRQHandler</a> from startup_stm32f411xe.o(.text) referenced from startup_stm32f411xe.o(RESET)
 <LI><a href="#[1a]">DMA1_Stream5_IRQHandler</a> from startup_stm32f411xe.o(.text) referenced from startup_stm32f411xe.o(RESET)
 <LI><a href="#[1b]">DMA1_Stream6_IRQHandler</a> from startup_stm32f411xe.o(.text) referenced from startup_stm32f411xe.o(RESET)
 <LI><a href="#[30]">DMA1_Stream7_IRQHandler</a> from startup_stm32f411xe.o(.text) referenced from startup_stm32f411xe.o(RESET)
 <LI><a href="#[34]">DMA2_Stream0_IRQHandler</a> from startup_stm32f411xe.o(.text) referenced from startup_stm32f411xe.o(RESET)
 <LI><a href="#[35]">DMA2_Stream1_IRQHandler</a> from startup_stm32f411xe.o(.text) referenced from startup_stm32f411xe.o(RESET)
 <LI><a href="#[36]">DMA2_Stream2_IRQHandler</a> from startup_stm32f411xe.o(.text) referenced from startup_stm32f411xe.o(RESET)
 <LI><a href="#[37]">DMA2_Stream3_IRQHandler</a> from startup_stm32f411xe.o(.text) referenced from startup_stm32f411xe.o(RESET)
 <LI><a href="#[38]">DMA2_Stream4_IRQHandler</a> from startup_stm32f411xe.o(.text) referenced from startup_stm32f411xe.o(RESET)
 <LI><a href="#[3a]">DMA2_Stream5_IRQHandler</a> from startup_stm32f411xe.o(.text) referenced from startup_stm32f411xe.o(RESET)
 <LI><a href="#[3b]">DMA2_Stream6_IRQHandler</a> from startup_stm32f411xe.o(.text) referenced from startup_stm32f411xe.o(RESET)
 <LI><a href="#[3c]">DMA2_Stream7_IRQHandler</a> from startup_stm32f411xe.o(.text) referenced from startup_stm32f411xe.o(RESET)
 <LI><a href="#[7]">DebugMon_Handler</a> from stm32f4xx_it.o(i.DebugMon_Handler) referenced from startup_stm32f411xe.o(RESET)
 <LI><a href="#[10]">EXTI0_IRQHandler</a> from startup_stm32f411xe.o(.text) referenced from startup_stm32f411xe.o(RESET)
 <LI><a href="#[2d]">EXTI15_10_IRQHandler</a> from startup_stm32f411xe.o(.text) referenced from startup_stm32f411xe.o(RESET)
 <LI><a href="#[11]">EXTI1_IRQHandler</a> from startup_stm32f411xe.o(.text) referenced from startup_stm32f411xe.o(RESET)
 <LI><a href="#[12]">EXTI2_IRQHandler</a> from startup_stm32f411xe.o(.text) referenced from startup_stm32f411xe.o(RESET)
 <LI><a href="#[13]">EXTI3_IRQHandler</a> from startup_stm32f411xe.o(.text) referenced from startup_stm32f411xe.o(RESET)
 <LI><a href="#[14]">EXTI4_IRQHandler</a> from startup_stm32f411xe.o(.text) referenced from startup_stm32f411xe.o(RESET)
 <LI><a href="#[1d]">EXTI9_5_IRQHandler</a> from startup_stm32f411xe.o(.text) referenced from startup_stm32f411xe.o(RESET)
 <LI><a href="#[e]">FLASH_IRQHandler</a> from startup_stm32f411xe.o(.text) referenced from startup_stm32f411xe.o(RESET)
 <LI><a href="#[40]">FPU_IRQHandler</a> from startup_stm32f411xe.o(.text) referenced from startup_stm32f411xe.o(RESET)
 <LI><a href="#[2]">HardFault_Handler</a> from stm32f4xx_it.o(i.HardFault_Handler) referenced from startup_stm32f411xe.o(RESET)
 <LI><a href="#[26]">I2C1_ER_IRQHandler</a> from startup_stm32f411xe.o(.text) referenced from startup_stm32f411xe.o(RESET)
 <LI><a href="#[25]">I2C1_EV_IRQHandler</a> from startup_stm32f411xe.o(.text) referenced from startup_stm32f411xe.o(RESET)
 <LI><a href="#[28]">I2C2_ER_IRQHandler</a> from startup_stm32f411xe.o(.text) referenced from startup_stm32f411xe.o(RESET)
 <LI><a href="#[27]">I2C2_EV_IRQHandler</a> from startup_stm32f411xe.o(.text) referenced from startup_stm32f411xe.o(RESET)
 <LI><a href="#[3f]">I2C3_ER_IRQHandler</a> from startup_stm32f411xe.o(.text) referenced from startup_stm32f411xe.o(RESET)
 <LI><a href="#[3e]">I2C3_EV_IRQHandler</a> from startup_stm32f411xe.o(.text) referenced from startup_stm32f411xe.o(RESET)
 <LI><a href="#[3]">MemManage_Handler</a> from stm32f4xx_it.o(i.MemManage_Handler) referenced from startup_stm32f411xe.o(RESET)
 <LI><a href="#[1]">NMI_Handler</a> from stm32f4xx_it.o(i.NMI_Handler) referenced from startup_stm32f411xe.o(RESET)
 <LI><a href="#[39]">OTG_FS_IRQHandler</a> from startup_stm32f411xe.o(.text) referenced from startup_stm32f411xe.o(RESET)
 <LI><a href="#[2f]">OTG_FS_WKUP_IRQHandler</a> from startup_stm32f411xe.o(.text) referenced from startup_stm32f411xe.o(RESET)
 <LI><a href="#[b]">PVD_IRQHandler</a> from startup_stm32f411xe.o(.text) referenced from startup_stm32f411xe.o(RESET)
 <LI><a href="#[8]">PendSV_Handler</a> from stm32f4xx_it.o(i.PendSV_Handler) referenced from startup_stm32f411xe.o(RESET)
 <LI><a href="#[f]">RCC_IRQHandler</a> from startup_stm32f411xe.o(.text) referenced from startup_stm32f411xe.o(RESET)
 <LI><a href="#[2e]">RTC_Alarm_IRQHandler</a> from startup_stm32f411xe.o(.text) referenced from startup_stm32f411xe.o(RESET)
 <LI><a href="#[d]">RTC_WKUP_IRQHandler</a> from startup_stm32f411xe.o(.text) referenced from startup_stm32f411xe.o(RESET)
 <LI><a href="#[0]">Reset_Handler</a> from startup_stm32f411xe.o(.text) referenced from startup_stm32f411xe.o(RESET)
 <LI><a href="#[31]">SDIO_IRQHandler</a> from startup_stm32f411xe.o(.text) referenced from startup_stm32f411xe.o(RESET)
 <LI><a href="#[29]">SPI1_IRQHandler</a> from startup_stm32f411xe.o(.text) referenced from startup_stm32f411xe.o(RESET)
 <LI><a href="#[2a]">SPI2_IRQHandler</a> from startup_stm32f411xe.o(.text) referenced from startup_stm32f411xe.o(RESET)
 <LI><a href="#[33]">SPI3_IRQHandler</a> from startup_stm32f411xe.o(.text) referenced from startup_stm32f411xe.o(RESET)
 <LI><a href="#[41]">SPI4_IRQHandler</a> from startup_stm32f411xe.o(.text) referenced from startup_stm32f411xe.o(RESET)
 <LI><a href="#[42]">SPI5_IRQHandler</a> from startup_stm32f411xe.o(.text) referenced from startup_stm32f411xe.o(RESET)
 <LI><a href="#[6]">SVC_Handler</a> from stm32f4xx_it.o(i.SVC_Handler) referenced from startup_stm32f411xe.o(RESET)
 <LI><a href="#[9]">SysTick_Handler</a> from stm32f4xx_it.o(i.SysTick_Handler) referenced from startup_stm32f411xe.o(RESET)
 <LI><a href="#[44]">SystemInit</a> from system_stm32f4xx.o(i.SystemInit) referenced from startup_stm32f411xe.o(.text)
 <LI><a href="#[c]">TAMP_STAMP_IRQHandler</a> from startup_stm32f411xe.o(.text) referenced from startup_stm32f411xe.o(RESET)
 <LI><a href="#[1e]">TIM1_BRK_TIM9_IRQHandler</a> from startup_stm32f411xe.o(.text) referenced from startup_stm32f411xe.o(RESET)
 <LI><a href="#[21]">TIM1_CC_IRQHandler</a> from startup_stm32f411xe.o(.text) referenced from startup_stm32f411xe.o(RESET)
 <LI><a href="#[20]">TIM1_TRG_COM_TIM11_IRQHandler</a> from startup_stm32f411xe.o(.text) referenced from startup_stm32f411xe.o(RESET)
 <LI><a href="#[1f]">TIM1_UP_TIM10_IRQHandler</a> from stm32f4xx_it.o(i.TIM1_UP_TIM10_IRQHandler) referenced from startup_stm32f411xe.o(RESET)
 <LI><a href="#[22]">TIM2_IRQHandler</a> from startup_stm32f411xe.o(.text) referenced from startup_stm32f411xe.o(RESET)
 <LI><a href="#[23]">TIM3_IRQHandler</a> from startup_stm32f411xe.o(.text) referenced from startup_stm32f411xe.o(RESET)
 <LI><a href="#[24]">TIM4_IRQHandler</a> from startup_stm32f411xe.o(.text) referenced from startup_stm32f411xe.o(RESET)
 <LI><a href="#[32]">TIM5_IRQHandler</a> from startup_stm32f411xe.o(.text) referenced from startup_stm32f411xe.o(RESET)
 <LI><a href="#[46]">UART_DMAAbortOnError</a> from stm32f4xx_hal_uart.o(i.UART_DMAAbortOnError) referenced from stm32f4xx_hal_uart.o(i.HAL_UART_IRQHandler)
 <LI><a href="#[2b]">USART1_IRQHandler</a> from startup_stm32f411xe.o(.text) referenced from startup_stm32f411xe.o(RESET)
 <LI><a href="#[2c]">USART2_IRQHandler</a> from stm32f4xx_it.o(i.USART2_IRQHandler) referenced from startup_stm32f411xe.o(RESET)
 <LI><a href="#[3d]">USART6_IRQHandler</a> from startup_stm32f411xe.o(.text) referenced from startup_stm32f411xe.o(RESET)
 <LI><a href="#[5]">UsageFault_Handler</a> from stm32f4xx_it.o(i.UsageFault_Handler) referenced from startup_stm32f411xe.o(RESET)
 <LI><a href="#[a]">WWDG_IRQHandler</a> from startup_stm32f411xe.o(.text) referenced from startup_stm32f411xe.o(RESET)
 <LI><a href="#[45]">__main</a> from entry.o(.ARM.Collect$$$$00000000) referenced from startup_stm32f411xe.o(.text)
 <LI><a href="#[48]">_snputc</a> from printf6.o(i._snputc) referenced from printf6.o(i.__0snprintf$6)
 <LI><a href="#[47]">fputc</a> from usart.o(i.fputc) referenced from printf6.o(i.__0printf$6)
 <LI><a href="#[43]">main</a> from main.o(i.main) referenced from entry9a.o(.ARM.Collect$$$$0000000B)
</UL>
<P>
<H3>
Global Symbols
</H3>
<P><STRONG><a name="[45]"></a>__main</STRONG> (Thumb, 0 bytes, Stack size unknown bytes, entry.o(.ARM.Collect$$$$00000000))
<BR>[Address Reference Count : 1]<UL><LI> startup_stm32f411xe.o(.text)
</UL>
<P><STRONG><a name="[d5]"></a>_main_stk</STRONG> (Thumb, 0 bytes, Stack size unknown bytes, entry2.o(.ARM.Collect$$$$00000001))

<P><STRONG><a name="[49]"></a>_main_scatterload</STRONG> (Thumb, 0 bytes, Stack size unknown bytes, entry5.o(.ARM.Collect$$$$00000004))
<BR><BR>[Calls]<UL><LI><a href="#[4a]">&gt;&gt;</a>&nbsp;&nbsp;&nbsp;__scatterload
</UL>

<P><STRONG><a name="[56]"></a>__main_after_scatterload</STRONG> (Thumb, 0 bytes, Stack size unknown bytes, entry5.o(.ARM.Collect$$$$00000004))
<BR><BR>[Called By]<UL><LI><a href="#[4a]">&gt;&gt;</a>&nbsp;&nbsp;&nbsp;__scatterload
</UL>

<P><STRONG><a name="[d6]"></a>_main_clock</STRONG> (Thumb, 0 bytes, Stack size unknown bytes, entry7b.o(.ARM.Collect$$$$00000008))

<P><STRONG><a name="[d7]"></a>_main_cpp_init</STRONG> (Thumb, 0 bytes, Stack size unknown bytes, entry8b.o(.ARM.Collect$$$$0000000A))

<P><STRONG><a name="[d8]"></a>_main_init</STRONG> (Thumb, 0 bytes, Stack size unknown bytes, entry9a.o(.ARM.Collect$$$$0000000B))

<P><STRONG><a name="[d9]"></a>__rt_final_cpp</STRONG> (Thumb, 0 bytes, Stack size unknown bytes, entry10a.o(.ARM.Collect$$$$0000000D))

<P><STRONG><a name="[da]"></a>__rt_final_exit</STRONG> (Thumb, 0 bytes, Stack size unknown bytes, entry11a.o(.ARM.Collect$$$$0000000F))

<P><STRONG><a name="[0]"></a>Reset_Handler</STRONG> (Thumb, 8 bytes, Stack size 0 bytes, startup_stm32f411xe.o(.text))
<BR>[Address Reference Count : 1]<UL><LI> startup_stm32f411xe.o(RESET)
</UL>
<P><STRONG><a name="[1c]"></a>ADC_IRQHandler</STRONG> (Thumb, 0 bytes, Stack size 0 bytes, startup_stm32f411xe.o(.text))
<BR><BR>[Calls]<UL><LI><a href="#[1c]">&gt;&gt;</a>&nbsp;&nbsp;&nbsp;ADC_IRQHandler
</UL>
<BR>[Called By]<UL><LI><a href="#[1c]">&gt;&gt;</a>&nbsp;&nbsp;&nbsp;ADC_IRQHandler
</UL>
<BR>[Address Reference Count : 1]<UL><LI> startup_stm32f411xe.o(RESET)
</UL>
<P><STRONG><a name="[15]"></a>DMA1_Stream0_IRQHandler</STRONG> (Thumb, 0 bytes, Stack size 0 bytes, startup_stm32f411xe.o(.text))
<BR>[Address Reference Count : 1]<UL><LI> startup_stm32f411xe.o(RESET)
</UL>
<P><STRONG><a name="[16]"></a>DMA1_Stream1_IRQHandler</STRONG> (Thumb, 0 bytes, Stack size 0 bytes, startup_stm32f411xe.o(.text))
<BR>[Address Reference Count : 1]<UL><LI> startup_stm32f411xe.o(RESET)
</UL>
<P><STRONG><a name="[17]"></a>DMA1_Stream2_IRQHandler</STRONG> (Thumb, 0 bytes, Stack size 0 bytes, startup_stm32f411xe.o(.text))
<BR>[Address Reference Count : 1]<UL><LI> startup_stm32f411xe.o(RESET)
</UL>
<P><STRONG><a name="[18]"></a>DMA1_Stream3_IRQHandler</STRONG> (Thumb, 0 bytes, Stack size 0 bytes, startup_stm32f411xe.o(.text))
<BR>[Address Reference Count : 1]<UL><LI> startup_stm32f411xe.o(RESET)
</UL>
<P><STRONG><a name="[19]"></a>DMA1_Stream4_IRQHandler</STRONG> (Thumb, 0 bytes, Stack size 0 bytes, startup_stm32f411xe.o(.text))
<BR>[Address Reference Count : 1]<UL><LI> startup_stm32f411xe.o(RESET)
</UL>
<P><STRONG><a name="[1a]"></a>DMA1_Stream5_IRQHandler</STRONG> (Thumb, 0 bytes, Stack size 0 bytes, startup_stm32f411xe.o(.text))
<BR>[Address Reference Count : 1]<UL><LI> startup_stm32f411xe.o(RESET)
</UL>
<P><STRONG><a name="[1b]"></a>DMA1_Stream6_IRQHandler</STRONG> (Thumb, 0 bytes, Stack size 0 bytes, startup_stm32f411xe.o(.text))
<BR>[Address Reference Count : 1]<UL><LI> startup_stm32f411xe.o(RESET)
</UL>
<P><STRONG><a name="[30]"></a>DMA1_Stream7_IRQHandler</STRONG> (Thumb, 0 bytes, Stack size 0 bytes, startup_stm32f411xe.o(.text))
<BR>[Address Reference Count : 1]<UL><LI> startup_stm32f411xe.o(RESET)
</UL>
<P><STRONG><a name="[34]"></a>DMA2_Stream0_IRQHandler</STRONG> (Thumb, 0 bytes, Stack size 0 bytes, startup_stm32f411xe.o(.text))
<BR>[Address Reference Count : 1]<UL><LI> startup_stm32f411xe.o(RESET)
</UL>
<P><STRONG><a name="[35]"></a>DMA2_Stream1_IRQHandler</STRONG> (Thumb, 0 bytes, Stack size 0 bytes, startup_stm32f411xe.o(.text))
<BR>[Address Reference Count : 1]<UL><LI> startup_stm32f411xe.o(RESET)
</UL>
<P><STRONG><a name="[36]"></a>DMA2_Stream2_IRQHandler</STRONG> (Thumb, 0 bytes, Stack size 0 bytes, startup_stm32f411xe.o(.text))
<BR>[Address Reference Count : 1]<UL><LI> startup_stm32f411xe.o(RESET)
</UL>
<P><STRONG><a name="[37]"></a>DMA2_Stream3_IRQHandler</STRONG> (Thumb, 0 bytes, Stack size 0 bytes, startup_stm32f411xe.o(.text))
<BR>[Address Reference Count : 1]<UL><LI> startup_stm32f411xe.o(RESET)
</UL>
<P><STRONG><a name="[38]"></a>DMA2_Stream4_IRQHandler</STRONG> (Thumb, 0 bytes, Stack size 0 bytes, startup_stm32f411xe.o(.text))
<BR>[Address Reference Count : 1]<UL><LI> startup_stm32f411xe.o(RESET)
</UL>
<P><STRONG><a name="[3a]"></a>DMA2_Stream5_IRQHandler</STRONG> (Thumb, 0 bytes, Stack size 0 bytes, startup_stm32f411xe.o(.text))
<BR>[Address Reference Count : 1]<UL><LI> startup_stm32f411xe.o(RESET)
</UL>
<P><STRONG><a name="[3b]"></a>DMA2_Stream6_IRQHandler</STRONG> (Thumb, 0 bytes, Stack size 0 bytes, startup_stm32f411xe.o(.text))
<BR>[Address Reference Count : 1]<UL><LI> startup_stm32f411xe.o(RESET)
</UL>
<P><STRONG><a name="[3c]"></a>DMA2_Stream7_IRQHandler</STRONG> (Thumb, 0 bytes, Stack size 0 bytes, startup_stm32f411xe.o(.text))
<BR>[Address Reference Count : 1]<UL><LI> startup_stm32f411xe.o(RESET)
</UL>
<P><STRONG><a name="[10]"></a>EXTI0_IRQHandler</STRONG> (Thumb, 0 bytes, Stack size 0 bytes, startup_stm32f411xe.o(.text))
<BR>[Address Reference Count : 1]<UL><LI> startup_stm32f411xe.o(RESET)
</UL>
<P><STRONG><a name="[2d]"></a>EXTI15_10_IRQHandler</STRONG> (Thumb, 0 bytes, Stack size 0 bytes, startup_stm32f411xe.o(.text))
<BR>[Address Reference Count : 1]<UL><LI> startup_stm32f411xe.o(RESET)
</UL>
<P><STRONG><a name="[11]"></a>EXTI1_IRQHandler</STRONG> (Thumb, 0 bytes, Stack size 0 bytes, startup_stm32f411xe.o(.text))
<BR>[Address Reference Count : 1]<UL><LI> startup_stm32f411xe.o(RESET)
</UL>
<P><STRONG><a name="[12]"></a>EXTI2_IRQHandler</STRONG> (Thumb, 0 bytes, Stack size 0 bytes, startup_stm32f411xe.o(.text))
<BR>[Address Reference Count : 1]<UL><LI> startup_stm32f411xe.o(RESET)
</UL>
<P><STRONG><a name="[13]"></a>EXTI3_IRQHandler</STRONG> (Thumb, 0 bytes, Stack size 0 bytes, startup_stm32f411xe.o(.text))
<BR>[Address Reference Count : 1]<UL><LI> startup_stm32f411xe.o(RESET)
</UL>
<P><STRONG><a name="[14]"></a>EXTI4_IRQHandler</STRONG> (Thumb, 0 bytes, Stack size 0 bytes, startup_stm32f411xe.o(.text))
<BR>[Address Reference Count : 1]<UL><LI> startup_stm32f411xe.o(RESET)
</UL>
<P><STRONG><a name="[1d]"></a>EXTI9_5_IRQHandler</STRONG> (Thumb, 0 bytes, Stack size 0 bytes, startup_stm32f411xe.o(.text))
<BR>[Address Reference Count : 1]<UL><LI> startup_stm32f411xe.o(RESET)
</UL>
<P><STRONG><a name="[e]"></a>FLASH_IRQHandler</STRONG> (Thumb, 0 bytes, Stack size 0 bytes, startup_stm32f411xe.o(.text))
<BR>[Address Reference Count : 1]<UL><LI> startup_stm32f411xe.o(RESET)
</UL>
<P><STRONG><a name="[40]"></a>FPU_IRQHandler</STRONG> (Thumb, 0 bytes, Stack size 0 bytes, startup_stm32f411xe.o(.text))
<BR>[Address Reference Count : 1]<UL><LI> startup_stm32f411xe.o(RESET)
</UL>
<P><STRONG><a name="[26]"></a>I2C1_ER_IRQHandler</STRONG> (Thumb, 0 bytes, Stack size 0 bytes, startup_stm32f411xe.o(.text))
<BR>[Address Reference Count : 1]<UL><LI> startup_stm32f411xe.o(RESET)
</UL>
<P><STRONG><a name="[25]"></a>I2C1_EV_IRQHandler</STRONG> (Thumb, 0 bytes, Stack size 0 bytes, startup_stm32f411xe.o(.text))
<BR>[Address Reference Count : 1]<UL><LI> startup_stm32f411xe.o(RESET)
</UL>
<P><STRONG><a name="[28]"></a>I2C2_ER_IRQHandler</STRONG> (Thumb, 0 bytes, Stack size 0 bytes, startup_stm32f411xe.o(.text))
<BR>[Address Reference Count : 1]<UL><LI> startup_stm32f411xe.o(RESET)
</UL>
<P><STRONG><a name="[27]"></a>I2C2_EV_IRQHandler</STRONG> (Thumb, 0 bytes, Stack size 0 bytes, startup_stm32f411xe.o(.text))
<BR>[Address Reference Count : 1]<UL><LI> startup_stm32f411xe.o(RESET)
</UL>
<P><STRONG><a name="[3f]"></a>I2C3_ER_IRQHandler</STRONG> (Thumb, 0 bytes, Stack size 0 bytes, startup_stm32f411xe.o(.text))
<BR>[Address Reference Count : 1]<UL><LI> startup_stm32f411xe.o(RESET)
</UL>
<P><STRONG><a name="[3e]"></a>I2C3_EV_IRQHandler</STRONG> (Thumb, 0 bytes, Stack size 0 bytes, startup_stm32f411xe.o(.text))
<BR>[Address Reference Count : 1]<UL><LI> startup_stm32f411xe.o(RESET)
</UL>
<P><STRONG><a name="[39]"></a>OTG_FS_IRQHandler</STRONG> (Thumb, 0 bytes, Stack size 0 bytes, startup_stm32f411xe.o(.text))
<BR>[Address Reference Count : 1]<UL><LI> startup_stm32f411xe.o(RESET)
</UL>
<P><STRONG><a name="[2f]"></a>OTG_FS_WKUP_IRQHandler</STRONG> (Thumb, 0 bytes, Stack size 0 bytes, startup_stm32f411xe.o(.text))
<BR>[Address Reference Count : 1]<UL><LI> startup_stm32f411xe.o(RESET)
</UL>
<P><STRONG><a name="[b]"></a>PVD_IRQHandler</STRONG> (Thumb, 0 bytes, Stack size 0 bytes, startup_stm32f411xe.o(.text))
<BR>[Address Reference Count : 1]<UL><LI> startup_stm32f411xe.o(RESET)
</UL>
<P><STRONG><a name="[f]"></a>RCC_IRQHandler</STRONG> (Thumb, 0 bytes, Stack size 0 bytes, startup_stm32f411xe.o(.text))
<BR>[Address Reference Count : 1]<UL><LI> startup_stm32f411xe.o(RESET)
</UL>
<P><STRONG><a name="[2e]"></a>RTC_Alarm_IRQHandler</STRONG> (Thumb, 0 bytes, Stack size 0 bytes, startup_stm32f411xe.o(.text))
<BR>[Address Reference Count : 1]<UL><LI> startup_stm32f411xe.o(RESET)
</UL>
<P><STRONG><a name="[d]"></a>RTC_WKUP_IRQHandler</STRONG> (Thumb, 0 bytes, Stack size 0 bytes, startup_stm32f411xe.o(.text))
<BR>[Address Reference Count : 1]<UL><LI> startup_stm32f411xe.o(RESET)
</UL>
<P><STRONG><a name="[31]"></a>SDIO_IRQHandler</STRONG> (Thumb, 0 bytes, Stack size 0 bytes, startup_stm32f411xe.o(.text))
<BR>[Address Reference Count : 1]<UL><LI> startup_stm32f411xe.o(RESET)
</UL>
<P><STRONG><a name="[29]"></a>SPI1_IRQHandler</STRONG> (Thumb, 0 bytes, Stack size 0 bytes, startup_stm32f411xe.o(.text))
<BR>[Address Reference Count : 1]<UL><LI> startup_stm32f411xe.o(RESET)
</UL>
<P><STRONG><a name="[2a]"></a>SPI2_IRQHandler</STRONG> (Thumb, 0 bytes, Stack size 0 bytes, startup_stm32f411xe.o(.text))
<BR>[Address Reference Count : 1]<UL><LI> startup_stm32f411xe.o(RESET)
</UL>
<P><STRONG><a name="[33]"></a>SPI3_IRQHandler</STRONG> (Thumb, 0 bytes, Stack size 0 bytes, startup_stm32f411xe.o(.text))
<BR>[Address Reference Count : 1]<UL><LI> startup_stm32f411xe.o(RESET)
</UL>
<P><STRONG><a name="[41]"></a>SPI4_IRQHandler</STRONG> (Thumb, 0 bytes, Stack size 0 bytes, startup_stm32f411xe.o(.text))
<BR>[Address Reference Count : 1]<UL><LI> startup_stm32f411xe.o(RESET)
</UL>
<P><STRONG><a name="[42]"></a>SPI5_IRQHandler</STRONG> (Thumb, 0 bytes, Stack size 0 bytes, startup_stm32f411xe.o(.text))
<BR>[Address Reference Count : 1]<UL><LI> startup_stm32f411xe.o(RESET)
</UL>
<P><STRONG><a name="[c]"></a>TAMP_STAMP_IRQHandler</STRONG> (Thumb, 0 bytes, Stack size 0 bytes, startup_stm32f411xe.o(.text))
<BR>[Address Reference Count : 1]<UL><LI> startup_stm32f411xe.o(RESET)
</UL>
<P><STRONG><a name="[1e]"></a>TIM1_BRK_TIM9_IRQHandler</STRONG> (Thumb, 0 bytes, Stack size 0 bytes, startup_stm32f411xe.o(.text))
<BR>[Address Reference Count : 1]<UL><LI> startup_stm32f411xe.o(RESET)
</UL>
<P><STRONG><a name="[21]"></a>TIM1_CC_IRQHandler</STRONG> (Thumb, 0 bytes, Stack size 0 bytes, startup_stm32f411xe.o(.text))
<BR>[Address Reference Count : 1]<UL><LI> startup_stm32f411xe.o(RESET)
</UL>
<P><STRONG><a name="[20]"></a>TIM1_TRG_COM_TIM11_IRQHandler</STRONG> (Thumb, 0 bytes, Stack size 0 bytes, startup_stm32f411xe.o(.text))
<BR>[Address Reference Count : 1]<UL><LI> startup_stm32f411xe.o(RESET)
</UL>
<P><STRONG><a name="[22]"></a>TIM2_IRQHandler</STRONG> (Thumb, 0 bytes, Stack size 0 bytes, startup_stm32f411xe.o(.text))
<BR>[Address Reference Count : 1]<UL><LI> startup_stm32f411xe.o(RESET)
</UL>
<P><STRONG><a name="[23]"></a>TIM3_IRQHandler</STRONG> (Thumb, 0 bytes, Stack size 0 bytes, startup_stm32f411xe.o(.text))
<BR>[Address Reference Count : 1]<UL><LI> startup_stm32f411xe.o(RESET)
</UL>
<P><STRONG><a name="[24]"></a>TIM4_IRQHandler</STRONG> (Thumb, 0 bytes, Stack size 0 bytes, startup_stm32f411xe.o(.text))
<BR>[Address Reference Count : 1]<UL><LI> startup_stm32f411xe.o(RESET)
</UL>
<P><STRONG><a name="[32]"></a>TIM5_IRQHandler</STRONG> (Thumb, 0 bytes, Stack size 0 bytes, startup_stm32f411xe.o(.text))
<BR>[Address Reference Count : 1]<UL><LI> startup_stm32f411xe.o(RESET)
</UL>
<P><STRONG><a name="[2b]"></a>USART1_IRQHandler</STRONG> (Thumb, 0 bytes, Stack size 0 bytes, startup_stm32f411xe.o(.text))
<BR>[Address Reference Count : 1]<UL><LI> startup_stm32f411xe.o(RESET)
</UL>
<P><STRONG><a name="[3d]"></a>USART6_IRQHandler</STRONG> (Thumb, 0 bytes, Stack size 0 bytes, startup_stm32f411xe.o(.text))
<BR>[Address Reference Count : 1]<UL><LI> startup_stm32f411xe.o(RESET)
</UL>
<P><STRONG><a name="[a]"></a>WWDG_IRQHandler</STRONG> (Thumb, 0 bytes, Stack size 0 bytes, startup_stm32f411xe.o(.text))
<BR>[Address Reference Count : 1]<UL><LI> startup_stm32f411xe.o(RESET)
</UL>
<P><STRONG><a name="[4b]"></a>__aeabi_uldivmod</STRONG> (Thumb, 98 bytes, Stack size 40 bytes, uldiv.o(.text))
<BR><BR>[Stack]<UL><LI>Max Depth = 40<LI>Call Chain = __aeabi_uldivmod
</UL>
<BR>[Calls]<UL><LI><a href="#[4c]">&gt;&gt;</a>&nbsp;&nbsp;&nbsp;__aeabi_llsr
<LI><a href="#[4d]">&gt;&gt;</a>&nbsp;&nbsp;&nbsp;__aeabi_llsl
</UL>
<BR>[Called By]<UL><LI><a href="#[8b]">&gt;&gt;</a>&nbsp;&nbsp;&nbsp;HAL_RCC_GetSysClockFreq
<LI><a href="#[aa]">&gt;&gt;</a>&nbsp;&nbsp;&nbsp;UART_SetConfig
</UL>

<P><STRONG><a name="[db]"></a>___aeabi_memcpy4$move</STRONG> (Thumb, 0 bytes, Stack size 8 bytes, memmovea.o(.text), UNUSED)

<P><STRONG><a name="[dc]"></a>___aeabi_memcpy8$move</STRONG> (Thumb, 0 bytes, Stack size 8 bytes, memmovea.o(.text), UNUSED)

<P><STRONG><a name="[6c]"></a>__aeabi_memcpy</STRONG> (Thumb, 64 bytes, Stack size 8 bytes, memmovea.o(.text))
<BR><BR>[Stack]<UL><LI>Max Depth = 8<LI>Call Chain = __aeabi_memcpy
</UL>
<BR>[Called By]<UL><LI><a href="#[68]">&gt;&gt;</a>&nbsp;&nbsp;&nbsp;ESPAT_GetWeatherNowEx
<LI><a href="#[6e]">&gt;&gt;</a>&nbsp;&nbsp;&nbsp;ESPAT_ParseWeather
<LI><a href="#[6d]">&gt;&gt;</a>&nbsp;&nbsp;&nbsp;ESPAT_ParseUpdateTime
</UL>

<P><STRONG><a name="[77]"></a>__aeabi_memmove</STRONG> (Thumb, 0 bytes, Stack size 8 bytes, memmovea.o(.text))
<BR><BR>[Stack]<UL><LI>Max Depth = 8<LI>Call Chain = __aeabi_memmove
</UL>
<BR>[Called By]<UL><LI><a href="#[69]">&gt;&gt;</a>&nbsp;&nbsp;&nbsp;ESPAT_SendCmdCollect
<LI><a href="#[65]">&gt;&gt;</a>&nbsp;&nbsp;&nbsp;ESPAT_SendCmdWait
</UL>

<P><STRONG><a name="[dd]"></a>__aeabi_memmove4</STRONG> (Thumb, 0 bytes, Stack size 8 bytes, memmovea.o(.text), UNUSED)

<P><STRONG><a name="[de]"></a>__aeabi_memmove8</STRONG> (Thumb, 0 bytes, Stack size 8 bytes, memmovea.o(.text), UNUSED)

<P><STRONG><a name="[4f]"></a>__aeabi_memset</STRONG> (Thumb, 14 bytes, Stack size 0 bytes, memseta.o(.text))
<BR><BR>[Called By]<UL><LI><a href="#[50]">&gt;&gt;</a>&nbsp;&nbsp;&nbsp;_memset$wrapper
<LI><a href="#[4e]">&gt;&gt;</a>&nbsp;&nbsp;&nbsp;__aeabi_memclr
</UL>

<P><STRONG><a name="[df]"></a>__aeabi_memset4</STRONG> (Thumb, 0 bytes, Stack size 0 bytes, memseta.o(.text), UNUSED)

<P><STRONG><a name="[e0]"></a>__aeabi_memset8</STRONG> (Thumb, 0 bytes, Stack size 0 bytes, memseta.o(.text), UNUSED)

<P><STRONG><a name="[4e]"></a>__aeabi_memclr</STRONG> (Thumb, 4 bytes, Stack size 0 bytes, memseta.o(.text))
<BR><BR>[Calls]<UL><LI><a href="#[4f]">&gt;&gt;</a>&nbsp;&nbsp;&nbsp;__aeabi_memset
</UL>
<BR>[Called By]<UL><LI><a href="#[69]">&gt;&gt;</a>&nbsp;&nbsp;&nbsp;ESPAT_SendCmdCollect
</UL>

<P><STRONG><a name="[78]"></a>__aeabi_memclr4</STRONG> (Thumb, 0 bytes, Stack size 0 bytes, memseta.o(.text))
<BR><BR>[Called By]<UL><LI><a href="#[a9]">&gt;&gt;</a>&nbsp;&nbsp;&nbsp;HAL_UART_MspInit
<LI><a href="#[8e]">&gt;&gt;</a>&nbsp;&nbsp;&nbsp;HAL_SPI_MspInit
<LI><a href="#[7c]">&gt;&gt;</a>&nbsp;&nbsp;&nbsp;HAL_I2C_MspInit
<LI><a href="#[ae]">&gt;&gt;</a>&nbsp;&nbsp;&nbsp;MX_GPIO_Init
<LI><a href="#[ca]">&gt;&gt;</a>&nbsp;&nbsp;&nbsp;SystemClock_Config
<LI><a href="#[65]">&gt;&gt;</a>&nbsp;&nbsp;&nbsp;ESPAT_SendCmdWait
</UL>

<P><STRONG><a name="[e1]"></a>__aeabi_memclr8</STRONG> (Thumb, 0 bytes, Stack size 0 bytes, memseta.o(.text), UNUSED)

<P><STRONG><a name="[50]"></a>_memset$wrapper</STRONG> (Thumb, 18 bytes, Stack size 8 bytes, memseta.o(.text), UNUSED)
<BR><BR>[Calls]<UL><LI><a href="#[4f]">&gt;&gt;</a>&nbsp;&nbsp;&nbsp;__aeabi_memset
</UL>

<P><STRONG><a name="[6a]"></a>strstr</STRONG> (Thumb, 36 bytes, Stack size 12 bytes, strstr.o(.text))
<BR><BR>[Stack]<UL><LI>Max Depth = 12<LI>Call Chain = strstr
</UL>
<BR>[Called By]<UL><LI><a href="#[68]">&gt;&gt;</a>&nbsp;&nbsp;&nbsp;ESPAT_GetWeatherNowEx
<LI><a href="#[69]">&gt;&gt;</a>&nbsp;&nbsp;&nbsp;ESPAT_SendCmdCollect
<LI><a href="#[6e]">&gt;&gt;</a>&nbsp;&nbsp;&nbsp;ESPAT_ParseWeather
<LI><a href="#[6d]">&gt;&gt;</a>&nbsp;&nbsp;&nbsp;ESPAT_ParseUpdateTime
<LI><a href="#[65]">&gt;&gt;</a>&nbsp;&nbsp;&nbsp;ESPAT_SendCmdWait
</UL>

<P><STRONG><a name="[6b]"></a>strchr</STRONG> (Thumb, 20 bytes, Stack size 0 bytes, strchr.o(.text))
<BR><BR>[Called By]<UL><LI><a href="#[68]">&gt;&gt;</a>&nbsp;&nbsp;&nbsp;ESPAT_GetWeatherNowEx
<LI><a href="#[6e]">&gt;&gt;</a>&nbsp;&nbsp;&nbsp;ESPAT_ParseWeather
<LI><a href="#[6d]">&gt;&gt;</a>&nbsp;&nbsp;&nbsp;ESPAT_ParseUpdateTime
<LI><a href="#[c2]">&gt;&gt;</a>&nbsp;&nbsp;&nbsp;ST7735_DrawStringMapleInternal
</UL>

<P><STRONG><a name="[73]"></a>strlen</STRONG> (Thumb, 14 bytes, Stack size 0 bytes, strlen.o(.text))
<BR><BR>[Called By]<UL><LI><a href="#[69]">&gt;&gt;</a>&nbsp;&nbsp;&nbsp;ESPAT_SendCmdCollect
<LI><a href="#[b8]">&gt;&gt;</a>&nbsp;&nbsp;&nbsp;ST7735_ChineseGlyphByBytes
<LI><a href="#[65]">&gt;&gt;</a>&nbsp;&nbsp;&nbsp;ESPAT_SendCmdWait
</UL>

<P><STRONG><a name="[b9]"></a>memcmp</STRONG> (Thumb, 26 bytes, Stack size 12 bytes, memcmp.o(.text))
<BR><BR>[Stack]<UL><LI>Max Depth = 12<LI>Call Chain = memcmp
</UL>
<BR>[Called By]<UL><LI><a href="#[b8]">&gt;&gt;</a>&nbsp;&nbsp;&nbsp;ST7735_ChineseGlyphByBytes
<LI><a href="#[b7]">&gt;&gt;</a>&nbsp;&nbsp;&nbsp;ST7735_ChineseGlyph
</UL>

<P><STRONG><a name="[51]"></a>atoi</STRONG> (Thumb, 26 bytes, Stack size 16 bytes, atoi.o(.text))
<BR><BR>[Stack]<UL><LI>Max Depth = 88<LI>Call Chain = atoi &rArr; strtol &rArr; _strtoul
</UL>
<BR>[Calls]<UL><LI><a href="#[53]">&gt;&gt;</a>&nbsp;&nbsp;&nbsp;strtol
<LI><a href="#[52]">&gt;&gt;</a>&nbsp;&nbsp;&nbsp;__aeabi_errno_addr
</UL>
<BR>[Called By]<UL><LI><a href="#[6e]">&gt;&gt;</a>&nbsp;&nbsp;&nbsp;ESPAT_ParseWeather
</UL>

<P><STRONG><a name="[e2]"></a>__aeabi_uidiv</STRONG> (Thumb, 0 bytes, Stack size 12 bytes, uidiv.o(.text), UNUSED)

<P><STRONG><a name="[d1]"></a>__aeabi_uidivmod</STRONG> (Thumb, 44 bytes, Stack size 12 bytes, uidiv.o(.text), UNUSED)
<BR><BR>[Called By]<UL><LI><a href="#[ce]">&gt;&gt;</a>&nbsp;&nbsp;&nbsp;_printf_core
</UL>

<P><STRONG><a name="[4d]"></a>__aeabi_llsl</STRONG> (Thumb, 30 bytes, Stack size 0 bytes, llshl.o(.text))
<BR><BR>[Called By]<UL><LI><a href="#[4b]">&gt;&gt;</a>&nbsp;&nbsp;&nbsp;__aeabi_uldivmod
</UL>

<P><STRONG><a name="[e3]"></a>_ll_shift_l</STRONG> (Thumb, 0 bytes, Stack size 0 bytes, llshl.o(.text), UNUSED)

<P><STRONG><a name="[4c]"></a>__aeabi_llsr</STRONG> (Thumb, 32 bytes, Stack size 0 bytes, llushr.o(.text))
<BR><BR>[Called By]<UL><LI><a href="#[4b]">&gt;&gt;</a>&nbsp;&nbsp;&nbsp;__aeabi_uldivmod
</UL>

<P><STRONG><a name="[e4]"></a>_ll_ushift_r</STRONG> (Thumb, 0 bytes, Stack size 0 bytes, llushr.o(.text), UNUSED)

<P><STRONG><a name="[53]"></a>strtol</STRONG> (Thumb, 112 bytes, Stack size 32 bytes, strtol.o(.text))
<BR><BR>[Stack]<UL><LI>Max Depth = 72<LI>Call Chain = strtol &rArr; _strtoul
</UL>
<BR>[Calls]<UL><LI><a href="#[55]">&gt;&gt;</a>&nbsp;&nbsp;&nbsp;_strtoul
<LI><a href="#[54]">&gt;&gt;</a>&nbsp;&nbsp;&nbsp;__rt_ctype_table
<LI><a href="#[52]">&gt;&gt;</a>&nbsp;&nbsp;&nbsp;__aeabi_errno_addr
</UL>
<BR>[Called By]<UL><LI><a href="#[51]">&gt;&gt;</a>&nbsp;&nbsp;&nbsp;atoi
</UL>

<P><STRONG><a name="[4a]"></a>__scatterload</STRONG> (Thumb, 28 bytes, Stack size 0 bytes, init.o(.text))
<BR><BR>[Calls]<UL><LI><a href="#[56]">&gt;&gt;</a>&nbsp;&nbsp;&nbsp;__main_after_scatterload
</UL>
<BR>[Called By]<UL><LI><a href="#[49]">&gt;&gt;</a>&nbsp;&nbsp;&nbsp;_main_scatterload
</UL>

<P><STRONG><a name="[e5]"></a>__scatterload_rt2</STRONG> (Thumb, 0 bytes, Stack size 0 bytes, init.o(.text), UNUSED)

<P><STRONG><a name="[54]"></a>__rt_ctype_table</STRONG> (Thumb, 4 bytes, Stack size 0 bytes, ctype_o.o(.text))
<BR><BR>[Called By]<UL><LI><a href="#[53]">&gt;&gt;</a>&nbsp;&nbsp;&nbsp;strtol
</UL>

<P><STRONG><a name="[55]"></a>_strtoul</STRONG> (Thumb, 158 bytes, Stack size 40 bytes, _strtoul.o(.text))
<BR><BR>[Stack]<UL><LI>Max Depth = 40<LI>Call Chain = _strtoul
</UL>
<BR>[Calls]<UL><LI><a href="#[57]">&gt;&gt;</a>&nbsp;&nbsp;&nbsp;_chval
<LI><a href="#[52]">&gt;&gt;</a>&nbsp;&nbsp;&nbsp;__aeabi_errno_addr
</UL>
<BR>[Called By]<UL><LI><a href="#[53]">&gt;&gt;</a>&nbsp;&nbsp;&nbsp;strtol
</UL>

<P><STRONG><a name="[57]"></a>_chval</STRONG> (Thumb, 28 bytes, Stack size 0 bytes, _chval.o(.text))
<BR><BR>[Called By]<UL><LI><a href="#[55]">&gt;&gt;</a>&nbsp;&nbsp;&nbsp;_strtoul
</UL>

<P><STRONG><a name="[4]"></a>BusFault_Handler</STRONG> (Thumb, 2 bytes, Stack size 0 bytes, stm32f4xx_it.o(i.BusFault_Handler))
<BR><BR>[Calls]<UL><LI><a href="#[4]">&gt;&gt;</a>&nbsp;&nbsp;&nbsp;BusFault_Handler
</UL>
<BR>[Called By]<UL><LI><a href="#[4]">&gt;&gt;</a>&nbsp;&nbsp;&nbsp;BusFault_Handler
</UL>
<BR>[Address Reference Count : 1]<UL><LI> startup_stm32f411xe.o(RESET)
</UL>
<P><STRONG><a name="[58]"></a>DHT11_Init</STRONG> (Thumb, 16 bytes, Stack size 8 bytes, driver_dht11.o(i.DHT11_Init))
<BR><BR>[Stack]<UL><LI>Max Depth = 84<LI>Call Chain = DHT11_Init &rArr; driver_timer_init &rArr; HAL_TIM_Base_Init &rArr; TIM_Base_SetConfig
</UL>
<BR>[Calls]<UL><LI><a href="#[59]">&gt;&gt;</a>&nbsp;&nbsp;&nbsp;driver_timer_init
<LI><a href="#[5a]">&gt;&gt;</a>&nbsp;&nbsp;&nbsp;DHT11_PinSet
</UL>
<BR>[Called By]<UL><LI><a href="#[43]">&gt;&gt;</a>&nbsp;&nbsp;&nbsp;main
</UL>

<P><STRONG><a name="[5e]"></a>DHT11_Read</STRONG> (Thumb, 188 bytes, Stack size 24 bytes, driver_dht11.o(i.DHT11_Read))
<BR><BR>[Stack]<UL><LI>Max Depth = 156<LI>Call Chain = DHT11_Read &rArr; DHT11_ReadByte &rArr; DHT11_WaitForLevel &rArr; udelay &rArr; driver_timer_init &rArr; HAL_TIM_Base_Init &rArr; TIM_Base_SetConfig
</UL>
<BR>[Calls]<UL><LI><a href="#[60]">&gt;&gt;</a>&nbsp;&nbsp;&nbsp;udelay
<LI><a href="#[5f]">&gt;&gt;</a>&nbsp;&nbsp;&nbsp;mdelay
<LI><a href="#[61]">&gt;&gt;</a>&nbsp;&nbsp;&nbsp;DHT11_WaitForLevel
<LI><a href="#[62]">&gt;&gt;</a>&nbsp;&nbsp;&nbsp;DHT11_ReadByte
<LI><a href="#[5a]">&gt;&gt;</a>&nbsp;&nbsp;&nbsp;DHT11_PinSet
</UL>
<BR>[Called By]<UL><LI><a href="#[43]">&gt;&gt;</a>&nbsp;&nbsp;&nbsp;main
</UL>

<P><STRONG><a name="[7]"></a>DebugMon_Handler</STRONG> (Thumb, 2 bytes, Stack size 0 bytes, stm32f4xx_it.o(i.DebugMon_Handler))
<BR>[Address Reference Count : 1]<UL><LI> startup_stm32f411xe.o(RESET)
</UL>
<P><STRONG><a name="[63]"></a>ESPAT_ConnectWiFi</STRONG> (Thumb, 188 bytes, Stack size 184 bytes, espat.o(i.ESPAT_ConnectWiFi))
<BR><BR>[Stack]<UL><LI>Max Depth = 544<LI>Call Chain = ESPAT_ConnectWiFi &rArr; ESPAT_SendCmdWait &rArr; HAL_UART_Transmit &rArr; UART_WaitOnFlagUntilTimeout
</UL>
<BR>[Calls]<UL><LI><a href="#[66]">&gt;&gt;</a>&nbsp;&nbsp;&nbsp;HAL_Delay
<LI><a href="#[67]">&gt;&gt;</a>&nbsp;&nbsp;&nbsp;__2snprintf
<LI><a href="#[64]">&gt;&gt;</a>&nbsp;&nbsp;&nbsp;__2printf
<LI><a href="#[65]">&gt;&gt;</a>&nbsp;&nbsp;&nbsp;ESPAT_SendCmdWait
</UL>
<BR>[Called By]<UL><LI><a href="#[43]">&gt;&gt;</a>&nbsp;&nbsp;&nbsp;main
</UL>

<P><STRONG><a name="[68]"></a>ESPAT_GetWeatherNowEx</STRONG> (Thumb, 254 bytes, Stack size 1424 bytes, espat.o(i.ESPAT_GetWeatherNowEx))
<BR><BR>[Stack]<UL><LI>Max Depth = 1584<LI>Call Chain = ESPAT_GetWeatherNowEx &rArr; ESPAT_ParseWeather &rArr; atoi &rArr; strtol &rArr; _strtoul
</UL>
<BR>[Calls]<UL><LI><a href="#[69]">&gt;&gt;</a>&nbsp;&nbsp;&nbsp;ESPAT_SendCmdCollect
<LI><a href="#[6e]">&gt;&gt;</a>&nbsp;&nbsp;&nbsp;ESPAT_ParseWeather
<LI><a href="#[6d]">&gt;&gt;</a>&nbsp;&nbsp;&nbsp;ESPAT_ParseUpdateTime
<LI><a href="#[67]">&gt;&gt;</a>&nbsp;&nbsp;&nbsp;__2snprintf
<LI><a href="#[64]">&gt;&gt;</a>&nbsp;&nbsp;&nbsp;__2printf
<LI><a href="#[6b]">&gt;&gt;</a>&nbsp;&nbsp;&nbsp;strchr
<LI><a href="#[6a]">&gt;&gt;</a>&nbsp;&nbsp;&nbsp;strstr
<LI><a href="#[6c]">&gt;&gt;</a>&nbsp;&nbsp;&nbsp;__aeabi_memcpy
</UL>
<BR>[Called By]<UL><LI><a href="#[43]">&gt;&gt;</a>&nbsp;&nbsp;&nbsp;main
</UL>

<P><STRONG><a name="[6f]"></a>ESPAT_Init</STRONG> (Thumb, 40 bytes, Stack size 8 bytes, espat.o(i.ESPAT_Init))
<BR><BR>[Stack]<UL><LI>Max Depth = 8<LI>Call Chain = ESPAT_Init
</UL>
<BR>[Calls]<UL><LI><a href="#[71]">&gt;&gt;</a>&nbsp;&nbsp;&nbsp;HAL_UART_Receive_IT
<LI><a href="#[70]">&gt;&gt;</a>&nbsp;&nbsp;&nbsp;ESPAT_RxFifoClear
</UL>
<BR>[Called By]<UL><LI><a href="#[43]">&gt;&gt;</a>&nbsp;&nbsp;&nbsp;main
</UL>

<P><STRONG><a name="[65]"></a>ESPAT_SendCmdWait</STRONG> (Thumb, 214 bytes, Stack size 296 bytes, espat.o(i.ESPAT_SendCmdWait))
<BR><BR>[Stack]<UL><LI>Max Depth = 360<LI>Call Chain = ESPAT_SendCmdWait &rArr; HAL_UART_Transmit &rArr; UART_WaitOnFlagUntilTimeout
</UL>
<BR>[Calls]<UL><LI><a href="#[74]">&gt;&gt;</a>&nbsp;&nbsp;&nbsp;HAL_UART_Transmit
<LI><a href="#[75]">&gt;&gt;</a>&nbsp;&nbsp;&nbsp;HAL_GetTick
<LI><a href="#[66]">&gt;&gt;</a>&nbsp;&nbsp;&nbsp;HAL_Delay
<LI><a href="#[76]">&gt;&gt;</a>&nbsp;&nbsp;&nbsp;ESPAT_RxFifoPop
<LI><a href="#[70]">&gt;&gt;</a>&nbsp;&nbsp;&nbsp;ESPAT_RxFifoClear
<LI><a href="#[72]">&gt;&gt;</a>&nbsp;&nbsp;&nbsp;ESPAT_GetUart
<LI><a href="#[73]">&gt;&gt;</a>&nbsp;&nbsp;&nbsp;strlen
<LI><a href="#[6a]">&gt;&gt;</a>&nbsp;&nbsp;&nbsp;strstr
<LI><a href="#[78]">&gt;&gt;</a>&nbsp;&nbsp;&nbsp;__aeabi_memclr4
<LI><a href="#[77]">&gt;&gt;</a>&nbsp;&nbsp;&nbsp;__aeabi_memmove
</UL>
<BR>[Called By]<UL><LI><a href="#[63]">&gt;&gt;</a>&nbsp;&nbsp;&nbsp;ESPAT_ConnectWiFi
</UL>

<P><STRONG><a name="[79]"></a>ESPAT_UART_RxCpltCallback</STRONG> (Thumb, 70 bytes, Stack size 8 bytes, espat.o(i.ESPAT_UART_RxCpltCallback))
<BR><BR>[Stack]<UL><LI>Max Depth = 8<LI>Call Chain = ESPAT_UART_RxCpltCallback
</UL>
<BR>[Calls]<UL><LI><a href="#[71]">&gt;&gt;</a>&nbsp;&nbsp;&nbsp;HAL_UART_Receive_IT
</UL>
<BR>[Called By]<UL><LI><a href="#[ac]">&gt;&gt;</a>&nbsp;&nbsp;&nbsp;HAL_UART_RxCpltCallback
</UL>

<P><STRONG><a name="[b0]"></a>Error_Handler</STRONG> (Thumb, 4 bytes, Stack size 0 bytes, main.o(i.Error_Handler))
<BR><BR>[Called By]<UL><LI><a href="#[b5]">&gt;&gt;</a>&nbsp;&nbsp;&nbsp;MX_USART2_UART_Init
<LI><a href="#[b4]">&gt;&gt;</a>&nbsp;&nbsp;&nbsp;MX_USART1_UART_Init
<LI><a href="#[b2]">&gt;&gt;</a>&nbsp;&nbsp;&nbsp;MX_TIM4_Init
<LI><a href="#[b1]">&gt;&gt;</a>&nbsp;&nbsp;&nbsp;MX_SPI1_Init
<LI><a href="#[af]">&gt;&gt;</a>&nbsp;&nbsp;&nbsp;MX_I2C1_Init
</UL>

<P><STRONG><a name="[d4]"></a>GetWeatherIconByCode</STRONG> (Thumb, 110 bytes, Stack size 0 bytes, espat.o(i.GetWeatherIconByCode))
<BR><BR>[Called By]<UL><LI><a href="#[43]">&gt;&gt;</a>&nbsp;&nbsp;&nbsp;main
</UL>

<P><STRONG><a name="[7a]"></a>HAL_DMA_Abort</STRONG> (Thumb, 146 bytes, Stack size 24 bytes, stm32f4xx_hal_dma.o(i.HAL_DMA_Abort))
<BR><BR>[Stack]<UL><LI>Max Depth = 24<LI>Call Chain = HAL_DMA_Abort
</UL>
<BR>[Calls]<UL><LI><a href="#[75]">&gt;&gt;</a>&nbsp;&nbsp;&nbsp;HAL_GetTick
</UL>
<BR>[Called By]<UL><LI><a href="#[a1]">&gt;&gt;</a>&nbsp;&nbsp;&nbsp;HAL_UART_IRQHandler
</UL>

<P><STRONG><a name="[a4]"></a>HAL_DMA_Abort_IT</STRONG> (Thumb, 36 bytes, Stack size 0 bytes, stm32f4xx_hal_dma.o(i.HAL_DMA_Abort_IT))
<BR><BR>[Called By]<UL><LI><a href="#[a1]">&gt;&gt;</a>&nbsp;&nbsp;&nbsp;HAL_UART_IRQHandler
</UL>

<P><STRONG><a name="[66]"></a>HAL_Delay</STRONG> (Thumb, 32 bytes, Stack size 16 bytes, stm32f4xx_hal.o(i.HAL_Delay))
<BR><BR>[Stack]<UL><LI>Max Depth = 16<LI>Call Chain = HAL_Delay
</UL>
<BR>[Calls]<UL><LI><a href="#[75]">&gt;&gt;</a>&nbsp;&nbsp;&nbsp;HAL_GetTick
</UL>
<BR>[Called By]<UL><LI><a href="#[c6]">&gt;&gt;</a>&nbsp;&nbsp;&nbsp;ST7735_Init
<LI><a href="#[63]">&gt;&gt;</a>&nbsp;&nbsp;&nbsp;ESPAT_ConnectWiFi
<LI><a href="#[43]">&gt;&gt;</a>&nbsp;&nbsp;&nbsp;main
<LI><a href="#[69]">&gt;&gt;</a>&nbsp;&nbsp;&nbsp;ESPAT_SendCmdCollect
<LI><a href="#[c7]">&gt;&gt;</a>&nbsp;&nbsp;&nbsp;ST7735_Reset
<LI><a href="#[65]">&gt;&gt;</a>&nbsp;&nbsp;&nbsp;ESPAT_SendCmdWait
</UL>

<P><STRONG><a name="[7e]"></a>HAL_GPIO_Init</STRONG> (Thumb, 446 bytes, Stack size 40 bytes, stm32f4xx_hal_gpio.o(i.HAL_GPIO_Init))
<BR><BR>[Stack]<UL><LI>Max Depth = 40<LI>Call Chain = HAL_GPIO_Init
</UL>
<BR>[Called By]<UL><LI><a href="#[a9]">&gt;&gt;</a>&nbsp;&nbsp;&nbsp;HAL_UART_MspInit
<LI><a href="#[8e]">&gt;&gt;</a>&nbsp;&nbsp;&nbsp;HAL_SPI_MspInit
<LI><a href="#[7c]">&gt;&gt;</a>&nbsp;&nbsp;&nbsp;HAL_I2C_MspInit
<LI><a href="#[ae]">&gt;&gt;</a>&nbsp;&nbsp;&nbsp;MX_GPIO_Init
</UL>

<P><STRONG><a name="[5c]"></a>HAL_GPIO_ReadPin</STRONG> (Thumb, 10 bytes, Stack size 0 bytes, stm32f4xx_hal_gpio.o(i.HAL_GPIO_ReadPin))
<BR><BR>[Called By]<UL><LI><a href="#[5b]">&gt;&gt;</a>&nbsp;&nbsp;&nbsp;DHT11_PinRead
</UL>

<P><STRONG><a name="[5d]"></a>HAL_GPIO_WritePin</STRONG> (Thumb, 10 bytes, Stack size 0 bytes, stm32f4xx_hal_gpio.o(i.HAL_GPIO_WritePin))
<BR><BR>[Called By]<UL><LI><a href="#[ae]">&gt;&gt;</a>&nbsp;&nbsp;&nbsp;MX_GPIO_Init
<LI><a href="#[bd]">&gt;&gt;</a>&nbsp;&nbsp;&nbsp;ST7735_WriteData
<LI><a href="#[bc]">&gt;&gt;</a>&nbsp;&nbsp;&nbsp;ST7735_WriteCommand
<LI><a href="#[c8]">&gt;&gt;</a>&nbsp;&nbsp;&nbsp;ST7735_WriteByte
<LI><a href="#[c7]">&gt;&gt;</a>&nbsp;&nbsp;&nbsp;ST7735_Reset
<LI><a href="#[5a]">&gt;&gt;</a>&nbsp;&nbsp;&nbsp;DHT11_PinSet
</UL>

<P><STRONG><a name="[75]"></a>HAL_GetTick</STRONG> (Thumb, 6 bytes, Stack size 0 bytes, stm32f4xx_hal.o(i.HAL_GetTick))
<BR><BR>[Called By]<UL><LI><a href="#[74]">&gt;&gt;</a>&nbsp;&nbsp;&nbsp;HAL_UART_Transmit
<LI><a href="#[8c]">&gt;&gt;</a>&nbsp;&nbsp;&nbsp;HAL_RCC_OscConfig
<LI><a href="#[8a]">&gt;&gt;</a>&nbsp;&nbsp;&nbsp;HAL_RCC_ClockConfig
<LI><a href="#[66]">&gt;&gt;</a>&nbsp;&nbsp;&nbsp;HAL_Delay
<LI><a href="#[43]">&gt;&gt;</a>&nbsp;&nbsp;&nbsp;main
<LI><a href="#[7a]">&gt;&gt;</a>&nbsp;&nbsp;&nbsp;HAL_DMA_Abort
<LI><a href="#[ad]">&gt;&gt;</a>&nbsp;&nbsp;&nbsp;UART_WaitOnFlagUntilTimeout
<LI><a href="#[8f]">&gt;&gt;</a>&nbsp;&nbsp;&nbsp;HAL_SPI_Transmit
<LI><a href="#[b6]">&gt;&gt;</a>&nbsp;&nbsp;&nbsp;SPI_WaitFlagStateUntilTimeout
<LI><a href="#[69]">&gt;&gt;</a>&nbsp;&nbsp;&nbsp;ESPAT_SendCmdCollect
<LI><a href="#[65]">&gt;&gt;</a>&nbsp;&nbsp;&nbsp;ESPAT_SendCmdWait
</UL>

<P><STRONG><a name="[7b]"></a>HAL_I2C_Init</STRONG> (Thumb, 376 bytes, Stack size 16 bytes, stm32f4xx_hal_i2c.o(i.HAL_I2C_Init))
<BR><BR>[Stack]<UL><LI>Max Depth = 88<LI>Call Chain = HAL_I2C_Init &rArr; HAL_I2C_MspInit &rArr; HAL_GPIO_Init
</UL>
<BR>[Calls]<UL><LI><a href="#[7c]">&gt;&gt;</a>&nbsp;&nbsp;&nbsp;HAL_I2C_MspInit
<LI><a href="#[7d]">&gt;&gt;</a>&nbsp;&nbsp;&nbsp;HAL_RCC_GetPCLK1Freq
</UL>
<BR>[Called By]<UL><LI><a href="#[af]">&gt;&gt;</a>&nbsp;&nbsp;&nbsp;MX_I2C1_Init
</UL>

<P><STRONG><a name="[7c]"></a>HAL_I2C_MspInit</STRONG> (Thumb, 92 bytes, Stack size 32 bytes, i2c.o(i.HAL_I2C_MspInit))
<BR><BR>[Stack]<UL><LI>Max Depth = 72<LI>Call Chain = HAL_I2C_MspInit &rArr; HAL_GPIO_Init
</UL>
<BR>[Calls]<UL><LI><a href="#[7e]">&gt;&gt;</a>&nbsp;&nbsp;&nbsp;HAL_GPIO_Init
<LI><a href="#[78]">&gt;&gt;</a>&nbsp;&nbsp;&nbsp;__aeabi_memclr4
</UL>
<BR>[Called By]<UL><LI><a href="#[7b]">&gt;&gt;</a>&nbsp;&nbsp;&nbsp;HAL_I2C_Init
</UL>

<P><STRONG><a name="[a0]"></a>HAL_IncTick</STRONG> (Thumb, 12 bytes, Stack size 0 bytes, stm32f4xx_hal.o(i.HAL_IncTick))
<BR><BR>[Called By]<UL><LI><a href="#[9c]">&gt;&gt;</a>&nbsp;&nbsp;&nbsp;HAL_TIM_PeriodElapsedCallback
</UL>

<P><STRONG><a name="[7f]"></a>HAL_Init</STRONG> (Thumb, 48 bytes, Stack size 8 bytes, stm32f4xx_hal.o(i.HAL_Init))
<BR><BR>[Stack]<UL><LI>Max Depth = 76<LI>Call Chain = HAL_Init &rArr; HAL_InitTick &rArr; HAL_TIM_Base_Init &rArr; TIM_Base_SetConfig
</UL>
<BR>[Calls]<UL><LI><a href="#[81]">&gt;&gt;</a>&nbsp;&nbsp;&nbsp;HAL_InitTick
<LI><a href="#[82]">&gt;&gt;</a>&nbsp;&nbsp;&nbsp;HAL_MspInit
<LI><a href="#[80]">&gt;&gt;</a>&nbsp;&nbsp;&nbsp;HAL_NVIC_SetPriorityGrouping
</UL>
<BR>[Called By]<UL><LI><a href="#[43]">&gt;&gt;</a>&nbsp;&nbsp;&nbsp;main
</UL>

<P><STRONG><a name="[81]"></a>HAL_InitTick</STRONG> (Thumb, 118 bytes, Stack size 40 bytes, stm32f4xx_hal_timebase_tim.o(i.HAL_InitTick))
<BR><BR>[Stack]<UL><LI>Max Depth = 68<LI>Call Chain = HAL_InitTick &rArr; HAL_TIM_Base_Init &rArr; TIM_Base_SetConfig
</UL>
<BR>[Calls]<UL><LI><a href="#[86]">&gt;&gt;</a>&nbsp;&nbsp;&nbsp;HAL_TIM_Base_Start_IT
<LI><a href="#[84]">&gt;&gt;</a>&nbsp;&nbsp;&nbsp;HAL_RCC_GetPCLK2Freq
<LI><a href="#[83]">&gt;&gt;</a>&nbsp;&nbsp;&nbsp;HAL_RCC_GetClockConfig
<LI><a href="#[88]">&gt;&gt;</a>&nbsp;&nbsp;&nbsp;HAL_NVIC_SetPriority
<LI><a href="#[87]">&gt;&gt;</a>&nbsp;&nbsp;&nbsp;HAL_NVIC_EnableIRQ
<LI><a href="#[85]">&gt;&gt;</a>&nbsp;&nbsp;&nbsp;HAL_TIM_Base_Init
</UL>
<BR>[Called By]<UL><LI><a href="#[8a]">&gt;&gt;</a>&nbsp;&nbsp;&nbsp;HAL_RCC_ClockConfig
<LI><a href="#[7f]">&gt;&gt;</a>&nbsp;&nbsp;&nbsp;HAL_Init
</UL>

<P><STRONG><a name="[82]"></a>HAL_MspInit</STRONG> (Thumb, 42 bytes, Stack size 8 bytes, stm32f4xx_hal_msp.o(i.HAL_MspInit))
<BR><BR>[Stack]<UL><LI>Max Depth = 8<LI>Call Chain = HAL_MspInit
</UL>
<BR>[Called By]<UL><LI><a href="#[7f]">&gt;&gt;</a>&nbsp;&nbsp;&nbsp;HAL_Init
</UL>

<P><STRONG><a name="[87]"></a>HAL_NVIC_EnableIRQ</STRONG> (Thumb, 26 bytes, Stack size 0 bytes, stm32f4xx_hal_cortex.o(i.HAL_NVIC_EnableIRQ))
<BR><BR>[Called By]<UL><LI><a href="#[81]">&gt;&gt;</a>&nbsp;&nbsp;&nbsp;HAL_InitTick
<LI><a href="#[a9]">&gt;&gt;</a>&nbsp;&nbsp;&nbsp;HAL_UART_MspInit
</UL>

<P><STRONG><a name="[88]"></a>HAL_NVIC_SetPriority</STRONG> (Thumb, 60 bytes, Stack size 16 bytes, stm32f4xx_hal_cortex.o(i.HAL_NVIC_SetPriority))
<BR><BR>[Stack]<UL><LI>Max Depth = 16<LI>Call Chain = HAL_NVIC_SetPriority
</UL>
<BR>[Calls]<UL><LI><a href="#[89]">&gt;&gt;</a>&nbsp;&nbsp;&nbsp;__NVIC_SetPriority
</UL>
<BR>[Called By]<UL><LI><a href="#[81]">&gt;&gt;</a>&nbsp;&nbsp;&nbsp;HAL_InitTick
<LI><a href="#[a9]">&gt;&gt;</a>&nbsp;&nbsp;&nbsp;HAL_UART_MspInit
</UL>

<P><STRONG><a name="[80]"></a>HAL_NVIC_SetPriorityGrouping</STRONG> (Thumb, 26 bytes, Stack size 0 bytes, stm32f4xx_hal_cortex.o(i.HAL_NVIC_SetPriorityGrouping))
<BR><BR>[Called By]<UL><LI><a href="#[7f]">&gt;&gt;</a>&nbsp;&nbsp;&nbsp;HAL_Init
</UL>

<P><STRONG><a name="[8a]"></a>HAL_RCC_ClockConfig</STRONG> (Thumb, 288 bytes, Stack size 32 bytes, stm32f4xx_hal_rcc.o(i.HAL_RCC_ClockConfig))
<BR><BR>[Stack]<UL><LI>Max Depth = 100<LI>Call Chain = HAL_RCC_ClockConfig &rArr; HAL_InitTick &rArr; HAL_TIM_Base_Init &rArr; TIM_Base_SetConfig
</UL>
<BR>[Calls]<UL><LI><a href="#[81]">&gt;&gt;</a>&nbsp;&nbsp;&nbsp;HAL_InitTick
<LI><a href="#[75]">&gt;&gt;</a>&nbsp;&nbsp;&nbsp;HAL_GetTick
<LI><a href="#[8b]">&gt;&gt;</a>&nbsp;&nbsp;&nbsp;HAL_RCC_GetSysClockFreq
</UL>
<BR>[Called By]<UL><LI><a href="#[ca]">&gt;&gt;</a>&nbsp;&nbsp;&nbsp;SystemClock_Config
</UL>

<P><STRONG><a name="[83]"></a>HAL_RCC_GetClockConfig</STRONG> (Thumb, 54 bytes, Stack size 0 bytes, stm32f4xx_hal_rcc.o(i.HAL_RCC_GetClockConfig))
<BR><BR>[Called By]<UL><LI><a href="#[81]">&gt;&gt;</a>&nbsp;&nbsp;&nbsp;HAL_InitTick
<LI><a href="#[59]">&gt;&gt;</a>&nbsp;&nbsp;&nbsp;driver_timer_init
</UL>

<P><STRONG><a name="[7d]"></a>HAL_RCC_GetPCLK1Freq</STRONG> (Thumb, 20 bytes, Stack size 0 bytes, stm32f4xx_hal_rcc.o(i.HAL_RCC_GetPCLK1Freq))
<BR><BR>[Called By]<UL><LI><a href="#[7b]">&gt;&gt;</a>&nbsp;&nbsp;&nbsp;HAL_I2C_Init
<LI><a href="#[aa]">&gt;&gt;</a>&nbsp;&nbsp;&nbsp;UART_SetConfig
<LI><a href="#[59]">&gt;&gt;</a>&nbsp;&nbsp;&nbsp;driver_timer_init
</UL>

<P><STRONG><a name="[84]"></a>HAL_RCC_GetPCLK2Freq</STRONG> (Thumb, 20 bytes, Stack size 0 bytes, stm32f4xx_hal_rcc.o(i.HAL_RCC_GetPCLK2Freq))
<BR><BR>[Called By]<UL><LI><a href="#[81]">&gt;&gt;</a>&nbsp;&nbsp;&nbsp;HAL_InitTick
<LI><a href="#[aa]">&gt;&gt;</a>&nbsp;&nbsp;&nbsp;UART_SetConfig
</UL>

<P><STRONG><a name="[8b]"></a>HAL_RCC_GetSysClockFreq</STRONG> (Thumb, 88 bytes, Stack size 8 bytes, stm32f4xx_hal_rcc.o(i.HAL_RCC_GetSysClockFreq))
<BR><BR>[Stack]<UL><LI>Max Depth = 48<LI>Call Chain = HAL_RCC_GetSysClockFreq &rArr; __aeabi_uldivmod
</UL>
<BR>[Calls]<UL><LI><a href="#[4b]">&gt;&gt;</a>&nbsp;&nbsp;&nbsp;__aeabi_uldivmod
</UL>
<BR>[Called By]<UL><LI><a href="#[8a]">&gt;&gt;</a>&nbsp;&nbsp;&nbsp;HAL_RCC_ClockConfig
</UL>

<P><STRONG><a name="[8c]"></a>HAL_RCC_OscConfig</STRONG> (Thumb, 856 bytes, Stack size 40 bytes, stm32f4xx_hal_rcc.o(i.HAL_RCC_OscConfig))
<BR><BR>[Stack]<UL><LI>Max Depth = 40<LI>Call Chain = HAL_RCC_OscConfig
</UL>
<BR>[Calls]<UL><LI><a href="#[75]">&gt;&gt;</a>&nbsp;&nbsp;&nbsp;HAL_GetTick
</UL>
<BR>[Called By]<UL><LI><a href="#[ca]">&gt;&gt;</a>&nbsp;&nbsp;&nbsp;SystemClock_Config
</UL>

<P><STRONG><a name="[8d]"></a>HAL_SPI_Init</STRONG> (Thumb, 188 bytes, Stack size 16 bytes, stm32f4xx_hal_spi.o(i.HAL_SPI_Init))
<BR><BR>[Stack]<UL><LI>Max Depth = 88<LI>Call Chain = HAL_SPI_Init &rArr; HAL_SPI_MspInit &rArr; HAL_GPIO_Init
</UL>
<BR>[Calls]<UL><LI><a href="#[8e]">&gt;&gt;</a>&nbsp;&nbsp;&nbsp;HAL_SPI_MspInit
</UL>
<BR>[Called By]<UL><LI><a href="#[b1]">&gt;&gt;</a>&nbsp;&nbsp;&nbsp;MX_SPI1_Init
</UL>

<P><STRONG><a name="[8e]"></a>HAL_SPI_MspInit</STRONG> (Thumb, 92 bytes, Stack size 32 bytes, spi.o(i.HAL_SPI_MspInit))
<BR><BR>[Stack]<UL><LI>Max Depth = 72<LI>Call Chain = HAL_SPI_MspInit &rArr; HAL_GPIO_Init
</UL>
<BR>[Calls]<UL><LI><a href="#[7e]">&gt;&gt;</a>&nbsp;&nbsp;&nbsp;HAL_GPIO_Init
<LI><a href="#[78]">&gt;&gt;</a>&nbsp;&nbsp;&nbsp;__aeabi_memclr4
</UL>
<BR>[Called By]<UL><LI><a href="#[8d]">&gt;&gt;</a>&nbsp;&nbsp;&nbsp;HAL_SPI_Init
</UL>

<P><STRONG><a name="[8f]"></a>HAL_SPI_Transmit</STRONG> (Thumb, 358 bytes, Stack size 40 bytes, stm32f4xx_hal_spi.o(i.HAL_SPI_Transmit))
<BR><BR>[Stack]<UL><LI>Max Depth = 96<LI>Call Chain = HAL_SPI_Transmit &rArr; SPI_EndRxTxTransaction &rArr; SPI_WaitFlagStateUntilTimeout
</UL>
<BR>[Calls]<UL><LI><a href="#[75]">&gt;&gt;</a>&nbsp;&nbsp;&nbsp;HAL_GetTick
<LI><a href="#[90]">&gt;&gt;</a>&nbsp;&nbsp;&nbsp;SPI_EndRxTxTransaction
</UL>
<BR>[Called By]<UL><LI><a href="#[bd]">&gt;&gt;</a>&nbsp;&nbsp;&nbsp;ST7735_WriteData
<LI><a href="#[bc]">&gt;&gt;</a>&nbsp;&nbsp;&nbsp;ST7735_WriteCommand
<LI><a href="#[c8]">&gt;&gt;</a>&nbsp;&nbsp;&nbsp;ST7735_WriteByte
</UL>

<P><STRONG><a name="[9d]"></a>HAL_TIMEx_BreakCallback</STRONG> (Thumb, 2 bytes, Stack size 0 bytes, stm32f4xx_hal_tim_ex.o(i.HAL_TIMEx_BreakCallback))
<BR><BR>[Called By]<UL><LI><a href="#[98]">&gt;&gt;</a>&nbsp;&nbsp;&nbsp;HAL_TIM_IRQHandler
</UL>

<P><STRONG><a name="[9f]"></a>HAL_TIMEx_CommutCallback</STRONG> (Thumb, 2 bytes, Stack size 0 bytes, stm32f4xx_hal_tim_ex.o(i.HAL_TIMEx_CommutCallback))
<BR><BR>[Called By]<UL><LI><a href="#[98]">&gt;&gt;</a>&nbsp;&nbsp;&nbsp;HAL_TIM_IRQHandler
</UL>

<P><STRONG><a name="[b3]"></a>HAL_TIMEx_MasterConfigSynchronization</STRONG> (Thumb, 104 bytes, Stack size 16 bytes, stm32f4xx_hal_tim_ex.o(i.HAL_TIMEx_MasterConfigSynchronization))
<BR><BR>[Stack]<UL><LI>Max Depth = 16<LI>Call Chain = HAL_TIMEx_MasterConfigSynchronization
</UL>
<BR>[Called By]<UL><LI><a href="#[b2]">&gt;&gt;</a>&nbsp;&nbsp;&nbsp;MX_TIM4_Init
</UL>

<P><STRONG><a name="[85]"></a>HAL_TIM_Base_Init</STRONG> (Thumb, 90 bytes, Stack size 8 bytes, stm32f4xx_hal_tim.o(i.HAL_TIM_Base_Init))
<BR><BR>[Stack]<UL><LI>Max Depth = 28<LI>Call Chain = HAL_TIM_Base_Init &rArr; TIM_Base_SetConfig
</UL>
<BR>[Calls]<UL><LI><a href="#[91]">&gt;&gt;</a>&nbsp;&nbsp;&nbsp;HAL_TIM_Base_MspInit
<LI><a href="#[92]">&gt;&gt;</a>&nbsp;&nbsp;&nbsp;TIM_Base_SetConfig
</UL>
<BR>[Called By]<UL><LI><a href="#[81]">&gt;&gt;</a>&nbsp;&nbsp;&nbsp;HAL_InitTick
<LI><a href="#[b2]">&gt;&gt;</a>&nbsp;&nbsp;&nbsp;MX_TIM4_Init
<LI><a href="#[59]">&gt;&gt;</a>&nbsp;&nbsp;&nbsp;driver_timer_init
</UL>

<P><STRONG><a name="[91]"></a>HAL_TIM_Base_MspInit</STRONG> (Thumb, 30 bytes, Stack size 8 bytes, tim.o(i.HAL_TIM_Base_MspInit))
<BR><BR>[Stack]<UL><LI>Max Depth = 8<LI>Call Chain = HAL_TIM_Base_MspInit
</UL>
<BR>[Called By]<UL><LI><a href="#[85]">&gt;&gt;</a>&nbsp;&nbsp;&nbsp;HAL_TIM_Base_Init
</UL>

<P><STRONG><a name="[d3]"></a>HAL_TIM_Base_Start</STRONG> (Thumb, 78 bytes, Stack size 0 bytes, stm32f4xx_hal_tim.o(i.HAL_TIM_Base_Start))
<BR><BR>[Called By]<UL><LI><a href="#[59]">&gt;&gt;</a>&nbsp;&nbsp;&nbsp;driver_timer_init
</UL>

<P><STRONG><a name="[86]"></a>HAL_TIM_Base_Start_IT</STRONG> (Thumb, 88 bytes, Stack size 0 bytes, stm32f4xx_hal_tim.o(i.HAL_TIM_Base_Start_IT))
<BR><BR>[Called By]<UL><LI><a href="#[81]">&gt;&gt;</a>&nbsp;&nbsp;&nbsp;HAL_InitTick
</UL>

<P><STRONG><a name="[93]"></a>HAL_TIM_ConfigClockSource</STRONG> (Thumb, 220 bytes, Stack size 16 bytes, stm32f4xx_hal_tim.o(i.HAL_TIM_ConfigClockSource))
<BR><BR>[Stack]<UL><LI>Max Depth = 24<LI>Call Chain = HAL_TIM_ConfigClockSource &rArr; TIM_ETR_SetConfig
</UL>
<BR>[Calls]<UL><LI><a href="#[94]">&gt;&gt;</a>&nbsp;&nbsp;&nbsp;TIM_ETR_SetConfig
<LI><a href="#[96]">&gt;&gt;</a>&nbsp;&nbsp;&nbsp;TIM_TI2_ConfigInputStage
<LI><a href="#[95]">&gt;&gt;</a>&nbsp;&nbsp;&nbsp;TIM_TI1_ConfigInputStage
<LI><a href="#[97]">&gt;&gt;</a>&nbsp;&nbsp;&nbsp;TIM_ITRx_SetConfig
</UL>
<BR>[Called By]<UL><LI><a href="#[b2]">&gt;&gt;</a>&nbsp;&nbsp;&nbsp;MX_TIM4_Init
</UL>

<P><STRONG><a name="[99]"></a>HAL_TIM_IC_CaptureCallback</STRONG> (Thumb, 2 bytes, Stack size 0 bytes, stm32f4xx_hal_tim.o(i.HAL_TIM_IC_CaptureCallback))
<BR><BR>[Called By]<UL><LI><a href="#[98]">&gt;&gt;</a>&nbsp;&nbsp;&nbsp;HAL_TIM_IRQHandler
</UL>

<P><STRONG><a name="[98]"></a>HAL_TIM_IRQHandler</STRONG> (Thumb, 304 bytes, Stack size 24 bytes, stm32f4xx_hal_tim.o(i.HAL_TIM_IRQHandler))
<BR><BR>[Stack]<UL><LI>Max Depth = 24<LI>Call Chain = HAL_TIM_IRQHandler
</UL>
<BR>[Calls]<UL><LI><a href="#[9c]">&gt;&gt;</a>&nbsp;&nbsp;&nbsp;HAL_TIM_PeriodElapsedCallback
<LI><a href="#[9e]">&gt;&gt;</a>&nbsp;&nbsp;&nbsp;HAL_TIM_TriggerCallback
<LI><a href="#[9b]">&gt;&gt;</a>&nbsp;&nbsp;&nbsp;HAL_TIM_PWM_PulseFinishedCallback
<LI><a href="#[9a]">&gt;&gt;</a>&nbsp;&nbsp;&nbsp;HAL_TIM_OC_DelayElapsedCallback
<LI><a href="#[99]">&gt;&gt;</a>&nbsp;&nbsp;&nbsp;HAL_TIM_IC_CaptureCallback
<LI><a href="#[9f]">&gt;&gt;</a>&nbsp;&nbsp;&nbsp;HAL_TIMEx_CommutCallback
<LI><a href="#[9d]">&gt;&gt;</a>&nbsp;&nbsp;&nbsp;HAL_TIMEx_BreakCallback
</UL>
<BR>[Called By]<UL><LI><a href="#[1f]">&gt;&gt;</a>&nbsp;&nbsp;&nbsp;TIM1_UP_TIM10_IRQHandler
</UL>

<P><STRONG><a name="[9a]"></a>HAL_TIM_OC_DelayElapsedCallback</STRONG> (Thumb, 2 bytes, Stack size 0 bytes, stm32f4xx_hal_tim.o(i.HAL_TIM_OC_DelayElapsedCallback))
<BR><BR>[Called By]<UL><LI><a href="#[98]">&gt;&gt;</a>&nbsp;&nbsp;&nbsp;HAL_TIM_IRQHandler
</UL>

<P><STRONG><a name="[9b]"></a>HAL_TIM_PWM_PulseFinishedCallback</STRONG> (Thumb, 2 bytes, Stack size 0 bytes, stm32f4xx_hal_tim.o(i.HAL_TIM_PWM_PulseFinishedCallback))
<BR><BR>[Called By]<UL><LI><a href="#[98]">&gt;&gt;</a>&nbsp;&nbsp;&nbsp;HAL_TIM_IRQHandler
</UL>

<P><STRONG><a name="[9c]"></a>HAL_TIM_PeriodElapsedCallback</STRONG> (Thumb, 14 bytes, Stack size 0 bytes, main.o(i.HAL_TIM_PeriodElapsedCallback))
<BR><BR>[Calls]<UL><LI><a href="#[a0]">&gt;&gt;</a>&nbsp;&nbsp;&nbsp;HAL_IncTick
</UL>
<BR>[Called By]<UL><LI><a href="#[98]">&gt;&gt;</a>&nbsp;&nbsp;&nbsp;HAL_TIM_IRQHandler
</UL>

<P><STRONG><a name="[9e]"></a>HAL_TIM_TriggerCallback</STRONG> (Thumb, 2 bytes, Stack size 0 bytes, stm32f4xx_hal_tim.o(i.HAL_TIM_TriggerCallback))
<BR><BR>[Called By]<UL><LI><a href="#[98]">&gt;&gt;</a>&nbsp;&nbsp;&nbsp;HAL_TIM_IRQHandler
</UL>

<P><STRONG><a name="[a6]"></a>HAL_UARTEx_RxEventCallback</STRONG> (Thumb, 2 bytes, Stack size 0 bytes, stm32f4xx_hal_uart.o(i.HAL_UARTEx_RxEventCallback))
<BR><BR>[Called By]<UL><LI><a href="#[a1]">&gt;&gt;</a>&nbsp;&nbsp;&nbsp;HAL_UART_IRQHandler
<LI><a href="#[a2]">&gt;&gt;</a>&nbsp;&nbsp;&nbsp;UART_Receive_IT
</UL>

<P><STRONG><a name="[a5]"></a>HAL_UART_ErrorCallback</STRONG> (Thumb, 2 bytes, Stack size 0 bytes, stm32f4xx_hal_uart.o(i.HAL_UART_ErrorCallback))
<BR><BR>[Called By]<UL><LI><a href="#[a1]">&gt;&gt;</a>&nbsp;&nbsp;&nbsp;HAL_UART_IRQHandler
<LI><a href="#[46]">&gt;&gt;</a>&nbsp;&nbsp;&nbsp;UART_DMAAbortOnError
</UL>

<P><STRONG><a name="[a1]"></a>HAL_UART_IRQHandler</STRONG> (Thumb, 636 bytes, Stack size 24 bytes, stm32f4xx_hal_uart.o(i.HAL_UART_IRQHandler))
<BR><BR>[Stack]<UL><LI>Max Depth = 48<LI>Call Chain = HAL_UART_IRQHandler &rArr; HAL_DMA_Abort
</UL>
<BR>[Calls]<UL><LI><a href="#[7a]">&gt;&gt;</a>&nbsp;&nbsp;&nbsp;HAL_DMA_Abort
<LI><a href="#[a4]">&gt;&gt;</a>&nbsp;&nbsp;&nbsp;HAL_DMA_Abort_IT
<LI><a href="#[a7]">&gt;&gt;</a>&nbsp;&nbsp;&nbsp;HAL_UART_TxCpltCallback
<LI><a href="#[a5]">&gt;&gt;</a>&nbsp;&nbsp;&nbsp;HAL_UART_ErrorCallback
<LI><a href="#[a6]">&gt;&gt;</a>&nbsp;&nbsp;&nbsp;HAL_UARTEx_RxEventCallback
<LI><a href="#[a2]">&gt;&gt;</a>&nbsp;&nbsp;&nbsp;UART_Receive_IT
<LI><a href="#[a3]">&gt;&gt;</a>&nbsp;&nbsp;&nbsp;UART_EndRxTransfer
</UL>
<BR>[Called By]<UL><LI><a href="#[2c]">&gt;&gt;</a>&nbsp;&nbsp;&nbsp;USART2_IRQHandler
</UL>

<P><STRONG><a name="[a8]"></a>HAL_UART_Init</STRONG> (Thumb, 100 bytes, Stack size 16 bytes, stm32f4xx_hal_uart.o(i.HAL_UART_Init))
<BR><BR>[Stack]<UL><LI>Max Depth = 104<LI>Call Chain = HAL_UART_Init &rArr; HAL_UART_MspInit &rArr; HAL_GPIO_Init
</UL>
<BR>[Calls]<UL><LI><a href="#[a9]">&gt;&gt;</a>&nbsp;&nbsp;&nbsp;HAL_UART_MspInit
<LI><a href="#[aa]">&gt;&gt;</a>&nbsp;&nbsp;&nbsp;UART_SetConfig
</UL>
<BR>[Called By]<UL><LI><a href="#[b5]">&gt;&gt;</a>&nbsp;&nbsp;&nbsp;MX_USART2_UART_Init
<LI><a href="#[b4]">&gt;&gt;</a>&nbsp;&nbsp;&nbsp;MX_USART1_UART_Init
</UL>

<P><STRONG><a name="[a9]"></a>HAL_UART_MspInit</STRONG> (Thumb, 170 bytes, Stack size 48 bytes, usart.o(i.HAL_UART_MspInit))
<BR><BR>[Stack]<UL><LI>Max Depth = 88<LI>Call Chain = HAL_UART_MspInit &rArr; HAL_GPIO_Init
</UL>
<BR>[Calls]<UL><LI><a href="#[88]">&gt;&gt;</a>&nbsp;&nbsp;&nbsp;HAL_NVIC_SetPriority
<LI><a href="#[87]">&gt;&gt;</a>&nbsp;&nbsp;&nbsp;HAL_NVIC_EnableIRQ
<LI><a href="#[7e]">&gt;&gt;</a>&nbsp;&nbsp;&nbsp;HAL_GPIO_Init
<LI><a href="#[78]">&gt;&gt;</a>&nbsp;&nbsp;&nbsp;__aeabi_memclr4
</UL>
<BR>[Called By]<UL><LI><a href="#[a8]">&gt;&gt;</a>&nbsp;&nbsp;&nbsp;HAL_UART_Init
</UL>

<P><STRONG><a name="[71]"></a>HAL_UART_Receive_IT</STRONG> (Thumb, 28 bytes, Stack size 0 bytes, stm32f4xx_hal_uart.o(i.HAL_UART_Receive_IT))
<BR><BR>[Calls]<UL><LI><a href="#[ab]">&gt;&gt;</a>&nbsp;&nbsp;&nbsp;UART_Start_Receive_IT
</UL>
<BR>[Called By]<UL><LI><a href="#[79]">&gt;&gt;</a>&nbsp;&nbsp;&nbsp;ESPAT_UART_RxCpltCallback
<LI><a href="#[6f]">&gt;&gt;</a>&nbsp;&nbsp;&nbsp;ESPAT_Init
</UL>

<P><STRONG><a name="[ac]"></a>HAL_UART_RxCpltCallback</STRONG> (Thumb, 4 bytes, Stack size 0 bytes, main.o(i.HAL_UART_RxCpltCallback))
<BR><BR>[Stack]<UL><LI>Max Depth = 8<LI>Call Chain = HAL_UART_RxCpltCallback &rArr; ESPAT_UART_RxCpltCallback
</UL>
<BR>[Calls]<UL><LI><a href="#[79]">&gt;&gt;</a>&nbsp;&nbsp;&nbsp;ESPAT_UART_RxCpltCallback
</UL>
<BR>[Called By]<UL><LI><a href="#[a2]">&gt;&gt;</a>&nbsp;&nbsp;&nbsp;UART_Receive_IT
</UL>

<P><STRONG><a name="[74]"></a>HAL_UART_Transmit</STRONG> (Thumb, 160 bytes, Stack size 32 bytes, stm32f4xx_hal_uart.o(i.HAL_UART_Transmit))
<BR><BR>[Stack]<UL><LI>Max Depth = 64<LI>Call Chain = HAL_UART_Transmit &rArr; UART_WaitOnFlagUntilTimeout
</UL>
<BR>[Calls]<UL><LI><a href="#[75]">&gt;&gt;</a>&nbsp;&nbsp;&nbsp;HAL_GetTick
<LI><a href="#[ad]">&gt;&gt;</a>&nbsp;&nbsp;&nbsp;UART_WaitOnFlagUntilTimeout
</UL>
<BR>[Called By]<UL><LI><a href="#[47]">&gt;&gt;</a>&nbsp;&nbsp;&nbsp;fputc
<LI><a href="#[69]">&gt;&gt;</a>&nbsp;&nbsp;&nbsp;ESPAT_SendCmdCollect
<LI><a href="#[65]">&gt;&gt;</a>&nbsp;&nbsp;&nbsp;ESPAT_SendCmdWait
</UL>

<P><STRONG><a name="[a7]"></a>HAL_UART_TxCpltCallback</STRONG> (Thumb, 2 bytes, Stack size 0 bytes, stm32f4xx_hal_uart.o(i.HAL_UART_TxCpltCallback))
<BR><BR>[Called By]<UL><LI><a href="#[a1]">&gt;&gt;</a>&nbsp;&nbsp;&nbsp;HAL_UART_IRQHandler
</UL>

<P><STRONG><a name="[2]"></a>HardFault_Handler</STRONG> (Thumb, 2 bytes, Stack size 0 bytes, stm32f4xx_it.o(i.HardFault_Handler))
<BR><BR>[Calls]<UL><LI><a href="#[2]">&gt;&gt;</a>&nbsp;&nbsp;&nbsp;HardFault_Handler
</UL>
<BR>[Called By]<UL><LI><a href="#[2]">&gt;&gt;</a>&nbsp;&nbsp;&nbsp;HardFault_Handler
</UL>
<BR>[Address Reference Count : 1]<UL><LI> startup_stm32f411xe.o(RESET)
</UL>
<P><STRONG><a name="[ae]"></a>MX_GPIO_Init</STRONG> (Thumb, 138 bytes, Stack size 40 bytes, gpio.o(i.MX_GPIO_Init))
<BR><BR>[Stack]<UL><LI>Max Depth = 80<LI>Call Chain = MX_GPIO_Init &rArr; HAL_GPIO_Init
</UL>
<BR>[Calls]<UL><LI><a href="#[5d]">&gt;&gt;</a>&nbsp;&nbsp;&nbsp;HAL_GPIO_WritePin
<LI><a href="#[7e]">&gt;&gt;</a>&nbsp;&nbsp;&nbsp;HAL_GPIO_Init
<LI><a href="#[78]">&gt;&gt;</a>&nbsp;&nbsp;&nbsp;__aeabi_memclr4
</UL>
<BR>[Called By]<UL><LI><a href="#[43]">&gt;&gt;</a>&nbsp;&nbsp;&nbsp;main
</UL>

<P><STRONG><a name="[af]"></a>MX_I2C1_Init</STRONG> (Thumb, 50 bytes, Stack size 8 bytes, i2c.o(i.MX_I2C1_Init))
<BR><BR>[Stack]<UL><LI>Max Depth = 96<LI>Call Chain = MX_I2C1_Init &rArr; HAL_I2C_Init &rArr; HAL_I2C_MspInit &rArr; HAL_GPIO_Init
</UL>
<BR>[Calls]<UL><LI><a href="#[7b]">&gt;&gt;</a>&nbsp;&nbsp;&nbsp;HAL_I2C_Init
<LI><a href="#[b0]">&gt;&gt;</a>&nbsp;&nbsp;&nbsp;Error_Handler
</UL>
<BR>[Called By]<UL><LI><a href="#[43]">&gt;&gt;</a>&nbsp;&nbsp;&nbsp;main
</UL>

<P><STRONG><a name="[b1]"></a>MX_SPI1_Init</STRONG> (Thumb, 60 bytes, Stack size 8 bytes, spi.o(i.MX_SPI1_Init))
<BR><BR>[Stack]<UL><LI>Max Depth = 96<LI>Call Chain = MX_SPI1_Init &rArr; HAL_SPI_Init &rArr; HAL_SPI_MspInit &rArr; HAL_GPIO_Init
</UL>
<BR>[Calls]<UL><LI><a href="#[8d]">&gt;&gt;</a>&nbsp;&nbsp;&nbsp;HAL_SPI_Init
<LI><a href="#[b0]">&gt;&gt;</a>&nbsp;&nbsp;&nbsp;Error_Handler
</UL>
<BR>[Called By]<UL><LI><a href="#[43]">&gt;&gt;</a>&nbsp;&nbsp;&nbsp;main
</UL>

<P><STRONG><a name="[b2]"></a>MX_TIM4_Init</STRONG> (Thumb, 92 bytes, Stack size 32 bytes, tim.o(i.MX_TIM4_Init))
<BR><BR>[Stack]<UL><LI>Max Depth = 60<LI>Call Chain = MX_TIM4_Init &rArr; HAL_TIM_Base_Init &rArr; TIM_Base_SetConfig
</UL>
<BR>[Calls]<UL><LI><a href="#[93]">&gt;&gt;</a>&nbsp;&nbsp;&nbsp;HAL_TIM_ConfigClockSource
<LI><a href="#[85]">&gt;&gt;</a>&nbsp;&nbsp;&nbsp;HAL_TIM_Base_Init
<LI><a href="#[b3]">&gt;&gt;</a>&nbsp;&nbsp;&nbsp;HAL_TIMEx_MasterConfigSynchronization
<LI><a href="#[b0]">&gt;&gt;</a>&nbsp;&nbsp;&nbsp;Error_Handler
</UL>
<BR>[Called By]<UL><LI><a href="#[43]">&gt;&gt;</a>&nbsp;&nbsp;&nbsp;main
</UL>

<P><STRONG><a name="[b4]"></a>MX_USART1_UART_Init</STRONG> (Thumb, 48 bytes, Stack size 8 bytes, usart.o(i.MX_USART1_UART_Init))
<BR><BR>[Stack]<UL><LI>Max Depth = 112<LI>Call Chain = MX_USART1_UART_Init &rArr; HAL_UART_Init &rArr; HAL_UART_MspInit &rArr; HAL_GPIO_Init
</UL>
<BR>[Calls]<UL><LI><a href="#[a8]">&gt;&gt;</a>&nbsp;&nbsp;&nbsp;HAL_UART_Init
<LI><a href="#[b0]">&gt;&gt;</a>&nbsp;&nbsp;&nbsp;Error_Handler
</UL>
<BR>[Called By]<UL><LI><a href="#[43]">&gt;&gt;</a>&nbsp;&nbsp;&nbsp;main
</UL>

<P><STRONG><a name="[b5]"></a>MX_USART2_UART_Init</STRONG> (Thumb, 48 bytes, Stack size 8 bytes, usart.o(i.MX_USART2_UART_Init))
<BR><BR>[Stack]<UL><LI>Max Depth = 112<LI>Call Chain = MX_USART2_UART_Init &rArr; HAL_UART_Init &rArr; HAL_UART_MspInit &rArr; HAL_GPIO_Init
</UL>
<BR>[Calls]<UL><LI><a href="#[a8]">&gt;&gt;</a>&nbsp;&nbsp;&nbsp;HAL_UART_Init
<LI><a href="#[b0]">&gt;&gt;</a>&nbsp;&nbsp;&nbsp;Error_Handler
</UL>
<BR>[Called By]<UL><LI><a href="#[43]">&gt;&gt;</a>&nbsp;&nbsp;&nbsp;main
</UL>

<P><STRONG><a name="[3]"></a>MemManage_Handler</STRONG> (Thumb, 2 bytes, Stack size 0 bytes, stm32f4xx_it.o(i.MemManage_Handler))
<BR><BR>[Calls]<UL><LI><a href="#[3]">&gt;&gt;</a>&nbsp;&nbsp;&nbsp;MemManage_Handler
</UL>
<BR>[Called By]<UL><LI><a href="#[3]">&gt;&gt;</a>&nbsp;&nbsp;&nbsp;MemManage_Handler
</UL>
<BR>[Address Reference Count : 1]<UL><LI> startup_stm32f411xe.o(RESET)
</UL>
<P><STRONG><a name="[1]"></a>NMI_Handler</STRONG> (Thumb, 2 bytes, Stack size 0 bytes, stm32f4xx_it.o(i.NMI_Handler))
<BR><BR>[Calls]<UL><LI><a href="#[1]">&gt;&gt;</a>&nbsp;&nbsp;&nbsp;NMI_Handler
</UL>
<BR>[Called By]<UL><LI><a href="#[1]">&gt;&gt;</a>&nbsp;&nbsp;&nbsp;NMI_Handler
</UL>
<BR>[Address Reference Count : 1]<UL><LI> startup_stm32f411xe.o(RESET)
</UL>
<P><STRONG><a name="[8]"></a>PendSV_Handler</STRONG> (Thumb, 2 bytes, Stack size 0 bytes, stm32f4xx_it.o(i.PendSV_Handler))
<BR>[Address Reference Count : 1]<UL><LI> startup_stm32f411xe.o(RESET)
</UL>
<P><STRONG><a name="[c0]"></a>ST7735_DrawImageLESize</STRONG> (Thumb, 250 bytes, Stack size 40 bytes, st7735.o(i.ST7735_DrawImageLESize))
<BR><BR>[Stack]<UL><LI>Max Depth = 184<LI>Call Chain = ST7735_DrawImageLESize &rArr; ST7735_SetAddressWindow &rArr; ST7735_WriteData &rArr; HAL_SPI_Transmit &rArr; SPI_EndRxTxTransaction &rArr; SPI_WaitFlagStateUntilTimeout
</UL>
<BR>[Calls]<UL><LI><a href="#[bd]">&gt;&gt;</a>&nbsp;&nbsp;&nbsp;ST7735_WriteData
<LI><a href="#[bc]">&gt;&gt;</a>&nbsp;&nbsp;&nbsp;ST7735_WriteCommand
<LI><a href="#[bb]">&gt;&gt;</a>&nbsp;&nbsp;&nbsp;ST7735_SetAddressWindow
</UL>
<BR>[Called By]<UL><LI><a href="#[43]">&gt;&gt;</a>&nbsp;&nbsp;&nbsp;main
</UL>

<P><STRONG><a name="[c1]"></a>ST7735_DrawRectangle</STRONG> (Thumb, 92 bytes, Stack size 24 bytes, st7735.o(i.ST7735_DrawRectangle))
<BR><BR>[Stack]<UL><LI>Max Depth = 168<LI>Call Chain = ST7735_DrawRectangle &rArr; ST7735_SetAddressWindow &rArr; ST7735_WriteData &rArr; HAL_SPI_Transmit &rArr; SPI_EndRxTxTransaction &rArr; SPI_WaitFlagStateUntilTimeout
</UL>
<BR>[Calls]<UL><LI><a href="#[bd]">&gt;&gt;</a>&nbsp;&nbsp;&nbsp;ST7735_WriteData
<LI><a href="#[bc]">&gt;&gt;</a>&nbsp;&nbsp;&nbsp;ST7735_WriteCommand
<LI><a href="#[bb]">&gt;&gt;</a>&nbsp;&nbsp;&nbsp;ST7735_SetAddressWindow
</UL>
<BR>[Called By]<UL><LI><a href="#[cb]">&gt;&gt;</a>&nbsp;&nbsp;&nbsp;UI_DrawLayout
<LI><a href="#[c5]">&gt;&gt;</a>&nbsp;&nbsp;&nbsp;ST7735_FillScreen
</UL>

<P><STRONG><a name="[c3]"></a>ST7735_DrawStringMapleSize</STRONG> (Thumb, 18 bytes, Stack size 32 bytes, st7735.o(i.ST7735_DrawStringMapleSize))
<BR><BR>[Stack]<UL><LI>Max Depth = 320<LI>Call Chain = ST7735_DrawStringMapleSize &rArr; ST7735_DrawStringMapleInternal &rArr; ST7735_DrawGlyphScaled &rArr; ST7735_SetAddressWindow &rArr; ST7735_WriteData &rArr; HAL_SPI_Transmit &rArr; SPI_EndRxTxTransaction &rArr; SPI_WaitFlagStateUntilTimeout
</UL>
<BR>[Calls]<UL><LI><a href="#[c2]">&gt;&gt;</a>&nbsp;&nbsp;&nbsp;ST7735_DrawStringMapleInternal
</UL>
<BR>[Called By]<UL><LI><a href="#[43]">&gt;&gt;</a>&nbsp;&nbsp;&nbsp;main
</UL>

<P><STRONG><a name="[c4]"></a>ST7735_DrawStringSize</STRONG> (Thumb, 150 bytes, Stack size 48 bytes, st7735.o(i.ST7735_DrawStringSize))
<BR><BR>[Stack]<UL><LI>Max Depth = 264<LI>Call Chain = ST7735_DrawStringSize &rArr; ST7735_DrawCharSize &rArr; ST7735_SetAddressWindow &rArr; ST7735_WriteData &rArr; HAL_SPI_Transmit &rArr; SPI_EndRxTxTransaction &rArr; SPI_WaitFlagStateUntilTimeout
</UL>
<BR>[Calls]<UL><LI><a href="#[ba]">&gt;&gt;</a>&nbsp;&nbsp;&nbsp;ST7735_DrawCharSize
</UL>
<BR>[Called By]<UL><LI><a href="#[43]">&gt;&gt;</a>&nbsp;&nbsp;&nbsp;main
</UL>

<P><STRONG><a name="[c5]"></a>ST7735_FillScreen</STRONG> (Thumb, 18 bytes, Stack size 8 bytes, st7735.o(i.ST7735_FillScreen))
<BR><BR>[Stack]<UL><LI>Max Depth = 176<LI>Call Chain = ST7735_FillScreen &rArr; ST7735_DrawRectangle &rArr; ST7735_SetAddressWindow &rArr; ST7735_WriteData &rArr; HAL_SPI_Transmit &rArr; SPI_EndRxTxTransaction &rArr; SPI_WaitFlagStateUntilTimeout
</UL>
<BR>[Calls]<UL><LI><a href="#[c1]">&gt;&gt;</a>&nbsp;&nbsp;&nbsp;ST7735_DrawRectangle
</UL>
<BR>[Called By]<UL><LI><a href="#[c6]">&gt;&gt;</a>&nbsp;&nbsp;&nbsp;ST7735_Init
</UL>

<P><STRONG><a name="[c6]"></a>ST7735_Init</STRONG> (Thumb, 544 bytes, Stack size 8 bytes, st7735.o(i.ST7735_Init))
<BR><BR>[Stack]<UL><LI>Max Depth = 184<LI>Call Chain = ST7735_Init &rArr; ST7735_FillScreen &rArr; ST7735_DrawRectangle &rArr; ST7735_SetAddressWindow &rArr; ST7735_WriteData &rArr; HAL_SPI_Transmit &rArr; SPI_EndRxTxTransaction &rArr; SPI_WaitFlagStateUntilTimeout
</UL>
<BR>[Calls]<UL><LI><a href="#[66]">&gt;&gt;</a>&nbsp;&nbsp;&nbsp;HAL_Delay
<LI><a href="#[bc]">&gt;&gt;</a>&nbsp;&nbsp;&nbsp;ST7735_WriteCommand
<LI><a href="#[c8]">&gt;&gt;</a>&nbsp;&nbsp;&nbsp;ST7735_WriteByte
<LI><a href="#[c9]">&gt;&gt;</a>&nbsp;&nbsp;&nbsp;ST7735_SetRotation
<LI><a href="#[c7]">&gt;&gt;</a>&nbsp;&nbsp;&nbsp;ST7735_Reset
<LI><a href="#[c5]">&gt;&gt;</a>&nbsp;&nbsp;&nbsp;ST7735_FillScreen
</UL>
<BR>[Called By]<UL><LI><a href="#[43]">&gt;&gt;</a>&nbsp;&nbsp;&nbsp;main
</UL>

<P><STRONG><a name="[c7]"></a>ST7735_Reset</STRONG> (Thumb, 44 bytes, Stack size 16 bytes, st7735.o(i.ST7735_Reset))
<BR><BR>[Stack]<UL><LI>Max Depth = 32<LI>Call Chain = ST7735_Reset &rArr; HAL_Delay
</UL>
<BR>[Calls]<UL><LI><a href="#[5d]">&gt;&gt;</a>&nbsp;&nbsp;&nbsp;HAL_GPIO_WritePin
<LI><a href="#[66]">&gt;&gt;</a>&nbsp;&nbsp;&nbsp;HAL_Delay
</UL>
<BR>[Called By]<UL><LI><a href="#[c6]">&gt;&gt;</a>&nbsp;&nbsp;&nbsp;ST7735_Init
</UL>

<P><STRONG><a name="[bb]"></a>ST7735_SetAddressWindow</STRONG> (Thumb, 60 bytes, Stack size 24 bytes, st7735.o(i.ST7735_SetAddressWindow))
<BR><BR>[Stack]<UL><LI>Max Depth = 144<LI>Call Chain = ST7735_SetAddressWindow &rArr; ST7735_WriteData &rArr; HAL_SPI_Transmit &rArr; SPI_EndRxTxTransaction &rArr; SPI_WaitFlagStateUntilTimeout
</UL>
<BR>[Calls]<UL><LI><a href="#[bd]">&gt;&gt;</a>&nbsp;&nbsp;&nbsp;ST7735_WriteData
<LI><a href="#[bc]">&gt;&gt;</a>&nbsp;&nbsp;&nbsp;ST7735_WriteCommand
</UL>
<BR>[Called By]<UL><LI><a href="#[c0]">&gt;&gt;</a>&nbsp;&nbsp;&nbsp;ST7735_DrawImageLESize
<LI><a href="#[c1]">&gt;&gt;</a>&nbsp;&nbsp;&nbsp;ST7735_DrawRectangle
<LI><a href="#[bf]">&gt;&gt;</a>&nbsp;&nbsp;&nbsp;ST7735_DrawGlyphScaled
<LI><a href="#[be]">&gt;&gt;</a>&nbsp;&nbsp;&nbsp;ST7735_DrawGlyph
<LI><a href="#[ba]">&gt;&gt;</a>&nbsp;&nbsp;&nbsp;ST7735_DrawCharSize
</UL>

<P><STRONG><a name="[c9]"></a>ST7735_SetRotation</STRONG> (Thumb, 46 bytes, Stack size 8 bytes, st7735.o(i.ST7735_SetRotation))
<BR><BR>[Stack]<UL><LI>Max Depth = 120<LI>Call Chain = ST7735_SetRotation &rArr; ST7735_WriteCommand &rArr; HAL_SPI_Transmit &rArr; SPI_EndRxTxTransaction &rArr; SPI_WaitFlagStateUntilTimeout
</UL>
<BR>[Calls]<UL><LI><a href="#[bc]">&gt;&gt;</a>&nbsp;&nbsp;&nbsp;ST7735_WriteCommand
<LI><a href="#[c8]">&gt;&gt;</a>&nbsp;&nbsp;&nbsp;ST7735_WriteByte
</UL>
<BR>[Called By]<UL><LI><a href="#[c6]">&gt;&gt;</a>&nbsp;&nbsp;&nbsp;ST7735_Init
</UL>

<P><STRONG><a name="[c8]"></a>ST7735_WriteByte</STRONG> (Thumb, 54 bytes, Stack size 16 bytes, st7735.o(i.ST7735_WriteByte))
<BR><BR>[Stack]<UL><LI>Max Depth = 112<LI>Call Chain = ST7735_WriteByte &rArr; HAL_SPI_Transmit &rArr; SPI_EndRxTxTransaction &rArr; SPI_WaitFlagStateUntilTimeout
</UL>
<BR>[Calls]<UL><LI><a href="#[5d]">&gt;&gt;</a>&nbsp;&nbsp;&nbsp;HAL_GPIO_WritePin
<LI><a href="#[8f]">&gt;&gt;</a>&nbsp;&nbsp;&nbsp;HAL_SPI_Transmit
</UL>
<BR>[Called By]<UL><LI><a href="#[c6]">&gt;&gt;</a>&nbsp;&nbsp;&nbsp;ST7735_Init
<LI><a href="#[c9]">&gt;&gt;</a>&nbsp;&nbsp;&nbsp;ST7735_SetRotation
</UL>

<P><STRONG><a name="[bc]"></a>ST7735_WriteCommand</STRONG> (Thumb, 56 bytes, Stack size 16 bytes, st7735.o(i.ST7735_WriteCommand))
<BR><BR>[Stack]<UL><LI>Max Depth = 112<LI>Call Chain = ST7735_WriteCommand &rArr; HAL_SPI_Transmit &rArr; SPI_EndRxTxTransaction &rArr; SPI_WaitFlagStateUntilTimeout
</UL>
<BR>[Calls]<UL><LI><a href="#[5d]">&gt;&gt;</a>&nbsp;&nbsp;&nbsp;HAL_GPIO_WritePin
<LI><a href="#[8f]">&gt;&gt;</a>&nbsp;&nbsp;&nbsp;HAL_SPI_Transmit
</UL>
<BR>[Called By]<UL><LI><a href="#[c6]">&gt;&gt;</a>&nbsp;&nbsp;&nbsp;ST7735_Init
<LI><a href="#[c0]">&gt;&gt;</a>&nbsp;&nbsp;&nbsp;ST7735_DrawImageLESize
<LI><a href="#[c9]">&gt;&gt;</a>&nbsp;&nbsp;&nbsp;ST7735_SetRotation
<LI><a href="#[bb]">&gt;&gt;</a>&nbsp;&nbsp;&nbsp;ST7735_SetAddressWindow
<LI><a href="#[c1]">&gt;&gt;</a>&nbsp;&nbsp;&nbsp;ST7735_DrawRectangle
<LI><a href="#[bf]">&gt;&gt;</a>&nbsp;&nbsp;&nbsp;ST7735_DrawGlyphScaled
<LI><a href="#[be]">&gt;&gt;</a>&nbsp;&nbsp;&nbsp;ST7735_DrawGlyph
<LI><a href="#[ba]">&gt;&gt;</a>&nbsp;&nbsp;&nbsp;ST7735_DrawCharSize
</UL>

<P><STRONG><a name="[bd]"></a>ST7735_WriteData</STRONG> (Thumb, 62 bytes, Stack size 24 bytes, st7735.o(i.ST7735_WriteData))
<BR><BR>[Stack]<UL><LI>Max Depth = 120<LI>Call Chain = ST7735_WriteData &rArr; HAL_SPI_Transmit &rArr; SPI_EndRxTxTransaction &rArr; SPI_WaitFlagStateUntilTimeout
</UL>
<BR>[Calls]<UL><LI><a href="#[5d]">&gt;&gt;</a>&nbsp;&nbsp;&nbsp;HAL_GPIO_WritePin
<LI><a href="#[8f]">&gt;&gt;</a>&nbsp;&nbsp;&nbsp;HAL_SPI_Transmit
</UL>
<BR>[Called By]<UL><LI><a href="#[c0]">&gt;&gt;</a>&nbsp;&nbsp;&nbsp;ST7735_DrawImageLESize
<LI><a href="#[bb]">&gt;&gt;</a>&nbsp;&nbsp;&nbsp;ST7735_SetAddressWindow
<LI><a href="#[c1]">&gt;&gt;</a>&nbsp;&nbsp;&nbsp;ST7735_DrawRectangle
<LI><a href="#[bf]">&gt;&gt;</a>&nbsp;&nbsp;&nbsp;ST7735_DrawGlyphScaled
<LI><a href="#[be]">&gt;&gt;</a>&nbsp;&nbsp;&nbsp;ST7735_DrawGlyph
<LI><a href="#[ba]">&gt;&gt;</a>&nbsp;&nbsp;&nbsp;ST7735_DrawCharSize
</UL>

<P><STRONG><a name="[6]"></a>SVC_Handler</STRONG> (Thumb, 2 bytes, Stack size 0 bytes, stm32f4xx_it.o(i.SVC_Handler))
<BR>[Address Reference Count : 1]<UL><LI> startup_stm32f411xe.o(RESET)
</UL>
<P><STRONG><a name="[9]"></a>SysTick_Handler</STRONG> (Thumb, 2 bytes, Stack size 0 bytes, stm32f4xx_it.o(i.SysTick_Handler))
<BR>[Address Reference Count : 1]<UL><LI> startup_stm32f411xe.o(RESET)
</UL>
<P><STRONG><a name="[ca]"></a>SystemClock_Config</STRONG> (Thumb, 136 bytes, Stack size 88 bytes, main.o(i.SystemClock_Config))
<BR><BR>[Stack]<UL><LI>Max Depth = 188<LI>Call Chain = SystemClock_Config &rArr; HAL_RCC_ClockConfig &rArr; HAL_InitTick &rArr; HAL_TIM_Base_Init &rArr; TIM_Base_SetConfig
</UL>
<BR>[Calls]<UL><LI><a href="#[8c]">&gt;&gt;</a>&nbsp;&nbsp;&nbsp;HAL_RCC_OscConfig
<LI><a href="#[8a]">&gt;&gt;</a>&nbsp;&nbsp;&nbsp;HAL_RCC_ClockConfig
<LI><a href="#[78]">&gt;&gt;</a>&nbsp;&nbsp;&nbsp;__aeabi_memclr4
</UL>
<BR>[Called By]<UL><LI><a href="#[43]">&gt;&gt;</a>&nbsp;&nbsp;&nbsp;main
</UL>

<P><STRONG><a name="[44]"></a>SystemInit</STRONG> (Thumb, 12 bytes, Stack size 0 bytes, system_stm32f4xx.o(i.SystemInit))
<BR>[Address Reference Count : 1]<UL><LI> startup_stm32f411xe.o(.text)
</UL>
<P><STRONG><a name="[1f]"></a>TIM1_UP_TIM10_IRQHandler</STRONG> (Thumb, 6 bytes, Stack size 0 bytes, stm32f4xx_it.o(i.TIM1_UP_TIM10_IRQHandler))
<BR><BR>[Stack]<UL><LI>Max Depth = 24<LI>Call Chain = TIM1_UP_TIM10_IRQHandler &rArr; HAL_TIM_IRQHandler
</UL>
<BR>[Calls]<UL><LI><a href="#[98]">&gt;&gt;</a>&nbsp;&nbsp;&nbsp;HAL_TIM_IRQHandler
</UL>
<BR>[Address Reference Count : 1]<UL><LI> startup_stm32f411xe.o(RESET)
</UL>
<P><STRONG><a name="[92]"></a>TIM_Base_SetConfig</STRONG> (Thumb, 130 bytes, Stack size 20 bytes, stm32f4xx_hal_tim.o(i.TIM_Base_SetConfig))
<BR><BR>[Stack]<UL><LI>Max Depth = 20<LI>Call Chain = TIM_Base_SetConfig
</UL>
<BR>[Called By]<UL><LI><a href="#[85]">&gt;&gt;</a>&nbsp;&nbsp;&nbsp;HAL_TIM_Base_Init
</UL>

<P><STRONG><a name="[94]"></a>TIM_ETR_SetConfig</STRONG> (Thumb, 20 bytes, Stack size 8 bytes, stm32f4xx_hal_tim.o(i.TIM_ETR_SetConfig))
<BR><BR>[Stack]<UL><LI>Max Depth = 8<LI>Call Chain = TIM_ETR_SetConfig
</UL>
<BR>[Called By]<UL><LI><a href="#[93]">&gt;&gt;</a>&nbsp;&nbsp;&nbsp;HAL_TIM_ConfigClockSource
</UL>

<P><STRONG><a name="[ab]"></a>UART_Start_Receive_IT</STRONG> (Thumb, 54 bytes, Stack size 0 bytes, stm32f4xx_hal_uart.o(i.UART_Start_Receive_IT))
<BR><BR>[Called By]<UL><LI><a href="#[71]">&gt;&gt;</a>&nbsp;&nbsp;&nbsp;HAL_UART_Receive_IT
</UL>

<P><STRONG><a name="[cb]"></a>UI_DrawLayout</STRONG> (Thumb, 72 bytes, Stack size 8 bytes, st7735.o(i.UI_DrawLayout))
<BR><BR>[Stack]<UL><LI>Max Depth = 176<LI>Call Chain = UI_DrawLayout &rArr; ST7735_DrawRectangle &rArr; ST7735_SetAddressWindow &rArr; ST7735_WriteData &rArr; HAL_SPI_Transmit &rArr; SPI_EndRxTxTransaction &rArr; SPI_WaitFlagStateUntilTimeout
</UL>
<BR>[Calls]<UL><LI><a href="#[c1]">&gt;&gt;</a>&nbsp;&nbsp;&nbsp;ST7735_DrawRectangle
</UL>
<BR>[Called By]<UL><LI><a href="#[43]">&gt;&gt;</a>&nbsp;&nbsp;&nbsp;main
</UL>

<P><STRONG><a name="[cc]"></a>UI_FormatTimeHM</STRONG> (Thumb, 74 bytes, Stack size 8 bytes, espat.o(i.UI_FormatTimeHM))
<BR><BR>[Stack]<UL><LI>Max Depth = 40<LI>Call Chain = UI_FormatTimeHM &rArr; __2snprintf
</UL>
<BR>[Calls]<UL><LI><a href="#[67]">&gt;&gt;</a>&nbsp;&nbsp;&nbsp;__2snprintf
</UL>
<BR>[Called By]<UL><LI><a href="#[43]">&gt;&gt;</a>&nbsp;&nbsp;&nbsp;main
</UL>

<P><STRONG><a name="[2c]"></a>USART2_IRQHandler</STRONG> (Thumb, 6 bytes, Stack size 0 bytes, stm32f4xx_it.o(i.USART2_IRQHandler))
<BR><BR>[Stack]<UL><LI>Max Depth = 48<LI>Call Chain = USART2_IRQHandler &rArr; HAL_UART_IRQHandler &rArr; HAL_DMA_Abort
</UL>
<BR>[Calls]<UL><LI><a href="#[a1]">&gt;&gt;</a>&nbsp;&nbsp;&nbsp;HAL_UART_IRQHandler
</UL>
<BR>[Address Reference Count : 1]<UL><LI> startup_stm32f411xe.o(RESET)
</UL>
<P><STRONG><a name="[5]"></a>UsageFault_Handler</STRONG> (Thumb, 2 bytes, Stack size 0 bytes, stm32f4xx_it.o(i.UsageFault_Handler))
<BR><BR>[Calls]<UL><LI><a href="#[5]">&gt;&gt;</a>&nbsp;&nbsp;&nbsp;UsageFault_Handler
</UL>
<BR>[Called By]<UL><LI><a href="#[5]">&gt;&gt;</a>&nbsp;&nbsp;&nbsp;UsageFault_Handler
</UL>
<BR>[Address Reference Count : 1]<UL><LI> startup_stm32f411xe.o(RESET)
</UL>
<P><STRONG><a name="[cd]"></a>__0printf$6</STRONG> (Thumb, 22 bytes, Stack size 24 bytes, printf6.o(i.__0printf$6), UNUSED)
<BR><BR>[Calls]<UL><LI><a href="#[ce]">&gt;&gt;</a>&nbsp;&nbsp;&nbsp;_printf_core
</UL>

<P><STRONG><a name="[e6]"></a>__1printf$6</STRONG> (Thumb, 0 bytes, Stack size 24 bytes, printf6.o(i.__0printf$6), UNUSED)

<P><STRONG><a name="[64]"></a>__2printf</STRONG> (Thumb, 0 bytes, Stack size 24 bytes, printf6.o(i.__0printf$6))
<BR><BR>[Stack]<UL><LI>Max Depth = 24<LI>Call Chain = __2printf
</UL>
<BR>[Called By]<UL><LI><a href="#[68]">&gt;&gt;</a>&nbsp;&nbsp;&nbsp;ESPAT_GetWeatherNowEx
<LI><a href="#[63]">&gt;&gt;</a>&nbsp;&nbsp;&nbsp;ESPAT_ConnectWiFi
<LI><a href="#[43]">&gt;&gt;</a>&nbsp;&nbsp;&nbsp;main
</UL>

<P><STRONG><a name="[cf]"></a>__0snprintf$6</STRONG> (Thumb, 44 bytes, Stack size 32 bytes, printf6.o(i.__0snprintf$6), UNUSED)
<BR><BR>[Calls]<UL><LI><a href="#[ce]">&gt;&gt;</a>&nbsp;&nbsp;&nbsp;_printf_core
</UL>

<P><STRONG><a name="[e7]"></a>__1snprintf$6</STRONG> (Thumb, 0 bytes, Stack size 32 bytes, printf6.o(i.__0snprintf$6), UNUSED)

<P><STRONG><a name="[67]"></a>__2snprintf</STRONG> (Thumb, 0 bytes, Stack size 32 bytes, printf6.o(i.__0snprintf$6))
<BR><BR>[Stack]<UL><LI>Max Depth = 32<LI>Call Chain = __2snprintf
</UL>
<BR>[Called By]<UL><LI><a href="#[cc]">&gt;&gt;</a>&nbsp;&nbsp;&nbsp;UI_FormatTimeHM
<LI><a href="#[68]">&gt;&gt;</a>&nbsp;&nbsp;&nbsp;ESPAT_GetWeatherNowEx
<LI><a href="#[63]">&gt;&gt;</a>&nbsp;&nbsp;&nbsp;ESPAT_ConnectWiFi
<LI><a href="#[43]">&gt;&gt;</a>&nbsp;&nbsp;&nbsp;main
</UL>

<P><STRONG><a name="[52]"></a>__aeabi_errno_addr</STRONG> (Thumb, 4 bytes, Stack size 0 bytes, errno.o(i.__aeabi_errno_addr))
<BR><BR>[Called By]<UL><LI><a href="#[55]">&gt;&gt;</a>&nbsp;&nbsp;&nbsp;_strtoul
<LI><a href="#[53]">&gt;&gt;</a>&nbsp;&nbsp;&nbsp;strtol
<LI><a href="#[51]">&gt;&gt;</a>&nbsp;&nbsp;&nbsp;atoi
</UL>

<P><STRONG><a name="[e8]"></a>__rt_errno_addr</STRONG> (Thumb, 0 bytes, Stack size 0 bytes, errno.o(i.__aeabi_errno_addr), UNUSED)

<P><STRONG><a name="[e9]"></a>__scatterload_copy</STRONG> (Thumb, 14 bytes, Stack size unknown bytes, handlers.o(i.__scatterload_copy), UNUSED)

<P><STRONG><a name="[ea]"></a>__scatterload_null</STRONG> (Thumb, 2 bytes, Stack size unknown bytes, handlers.o(i.__scatterload_null), UNUSED)

<P><STRONG><a name="[eb]"></a>__scatterload_zeroinit</STRONG> (Thumb, 14 bytes, Stack size unknown bytes, handlers.o(i.__scatterload_zeroinit), UNUSED)

<P><STRONG><a name="[59]"></a>driver_timer_init</STRONG> (Thumb, 102 bytes, Stack size 48 bytes, driver_timer.o(i.driver_timer_init))
<BR><BR>[Stack]<UL><LI>Max Depth = 76<LI>Call Chain = driver_timer_init &rArr; HAL_TIM_Base_Init &rArr; TIM_Base_SetConfig
</UL>
<BR>[Calls]<UL><LI><a href="#[83]">&gt;&gt;</a>&nbsp;&nbsp;&nbsp;HAL_RCC_GetClockConfig
<LI><a href="#[85]">&gt;&gt;</a>&nbsp;&nbsp;&nbsp;HAL_TIM_Base_Init
<LI><a href="#[7d]">&gt;&gt;</a>&nbsp;&nbsp;&nbsp;HAL_RCC_GetPCLK1Freq
<LI><a href="#[d3]">&gt;&gt;</a>&nbsp;&nbsp;&nbsp;HAL_TIM_Base_Start
</UL>
<BR>[Called By]<UL><LI><a href="#[58]">&gt;&gt;</a>&nbsp;&nbsp;&nbsp;DHT11_Init
<LI><a href="#[60]">&gt;&gt;</a>&nbsp;&nbsp;&nbsp;udelay
</UL>

<P><STRONG><a name="[47]"></a>fputc</STRONG> (Thumb, 20 bytes, Stack size 16 bytes, usart.o(i.fputc))
<BR><BR>[Stack]<UL><LI>Max Depth = 80<LI>Call Chain = fputc &rArr; HAL_UART_Transmit &rArr; UART_WaitOnFlagUntilTimeout
</UL>
<BR>[Calls]<UL><LI><a href="#[74]">&gt;&gt;</a>&nbsp;&nbsp;&nbsp;HAL_UART_Transmit
</UL>
<BR>[Address Reference Count : 1]<UL><LI> printf6.o(i.__0printf$6)
</UL>
<P><STRONG><a name="[43]"></a>main</STRONG> (Thumb, 686 bytes, Stack size 64 bytes, main.o(i.main))
<BR><BR>[Stack]<UL><LI>Max Depth = 1648<LI>Call Chain = main &rArr; ESPAT_GetWeatherNowEx &rArr; ESPAT_ParseWeather &rArr; atoi &rArr; strtol &rArr; _strtoul
</UL>
<BR>[Calls]<UL><LI><a href="#[cc]">&gt;&gt;</a>&nbsp;&nbsp;&nbsp;UI_FormatTimeHM
<LI><a href="#[cb]">&gt;&gt;</a>&nbsp;&nbsp;&nbsp;UI_DrawLayout
<LI><a href="#[c6]">&gt;&gt;</a>&nbsp;&nbsp;&nbsp;ST7735_Init
<LI><a href="#[c4]">&gt;&gt;</a>&nbsp;&nbsp;&nbsp;ST7735_DrawStringSize
<LI><a href="#[c3]">&gt;&gt;</a>&nbsp;&nbsp;&nbsp;ST7735_DrawStringMapleSize
<LI><a href="#[c0]">&gt;&gt;</a>&nbsp;&nbsp;&nbsp;ST7735_DrawImageLESize
<LI><a href="#[b5]">&gt;&gt;</a>&nbsp;&nbsp;&nbsp;MX_USART2_UART_Init
<LI><a href="#[b4]">&gt;&gt;</a>&nbsp;&nbsp;&nbsp;MX_USART1_UART_Init
<LI><a href="#[b2]">&gt;&gt;</a>&nbsp;&nbsp;&nbsp;MX_TIM4_Init
<LI><a href="#[b1]">&gt;&gt;</a>&nbsp;&nbsp;&nbsp;MX_SPI1_Init
<LI><a href="#[af]">&gt;&gt;</a>&nbsp;&nbsp;&nbsp;MX_I2C1_Init
<LI><a href="#[ae]">&gt;&gt;</a>&nbsp;&nbsp;&nbsp;MX_GPIO_Init
<LI><a href="#[7f]">&gt;&gt;</a>&nbsp;&nbsp;&nbsp;HAL_Init
<LI><a href="#[75]">&gt;&gt;</a>&nbsp;&nbsp;&nbsp;HAL_GetTick
<LI><a href="#[66]">&gt;&gt;</a>&nbsp;&nbsp;&nbsp;HAL_Delay
<LI><a href="#[d4]">&gt;&gt;</a>&nbsp;&nbsp;&nbsp;GetWeatherIconByCode
<LI><a href="#[6f]">&gt;&gt;</a>&nbsp;&nbsp;&nbsp;ESPAT_Init
<LI><a href="#[68]">&gt;&gt;</a>&nbsp;&nbsp;&nbsp;ESPAT_GetWeatherNowEx
<LI><a href="#[63]">&gt;&gt;</a>&nbsp;&nbsp;&nbsp;ESPAT_ConnectWiFi
<LI><a href="#[5e]">&gt;&gt;</a>&nbsp;&nbsp;&nbsp;DHT11_Read
<LI><a href="#[58]">&gt;&gt;</a>&nbsp;&nbsp;&nbsp;DHT11_Init
<LI><a href="#[ca]">&gt;&gt;</a>&nbsp;&nbsp;&nbsp;SystemClock_Config
<LI><a href="#[67]">&gt;&gt;</a>&nbsp;&nbsp;&nbsp;__2snprintf
<LI><a href="#[64]">&gt;&gt;</a>&nbsp;&nbsp;&nbsp;__2printf
</UL>
<BR>[Address Reference Count : 1]<UL><LI> entry9a.o(.ARM.Collect$$$$0000000B)
</UL>
<P><STRONG><a name="[5f]"></a>mdelay</STRONG> (Thumb, 28 bytes, Stack size 16 bytes, driver_timer.o(i.mdelay))
<BR><BR>[Stack]<UL><LI>Max Depth = 116<LI>Call Chain = mdelay &rArr; udelay &rArr; driver_timer_init &rArr; HAL_TIM_Base_Init &rArr; TIM_Base_SetConfig
</UL>
<BR>[Calls]<UL><LI><a href="#[60]">&gt;&gt;</a>&nbsp;&nbsp;&nbsp;udelay
</UL>
<BR>[Called By]<UL><LI><a href="#[5e]">&gt;&gt;</a>&nbsp;&nbsp;&nbsp;DHT11_Read
</UL>

<P><STRONG><a name="[60]"></a>udelay</STRONG> (Thumb, 64 bytes, Stack size 24 bytes, driver_timer.o(i.udelay))
<BR><BR>[Stack]<UL><LI>Max Depth = 100<LI>Call Chain = udelay &rArr; driver_timer_init &rArr; HAL_TIM_Base_Init &rArr; TIM_Base_SetConfig
</UL>
<BR>[Calls]<UL><LI><a href="#[59]">&gt;&gt;</a>&nbsp;&nbsp;&nbsp;driver_timer_init
</UL>
<BR>[Called By]<UL><LI><a href="#[5e]">&gt;&gt;</a>&nbsp;&nbsp;&nbsp;DHT11_Read
<LI><a href="#[5f]">&gt;&gt;</a>&nbsp;&nbsp;&nbsp;mdelay
<LI><a href="#[61]">&gt;&gt;</a>&nbsp;&nbsp;&nbsp;DHT11_WaitForLevel
<LI><a href="#[62]">&gt;&gt;</a>&nbsp;&nbsp;&nbsp;DHT11_ReadByte
</UL>
<P>
<H3>
Local Symbols
</H3>
<P><STRONG><a name="[97]"></a>TIM_ITRx_SetConfig</STRONG> (Thumb, 16 bytes, Stack size 0 bytes, stm32f4xx_hal_tim.o(i.TIM_ITRx_SetConfig))
<BR><BR>[Called By]<UL><LI><a href="#[93]">&gt;&gt;</a>&nbsp;&nbsp;&nbsp;HAL_TIM_ConfigClockSource
</UL>

<P><STRONG><a name="[95]"></a>TIM_TI1_ConfigInputStage</STRONG> (Thumb, 34 bytes, Stack size 8 bytes, stm32f4xx_hal_tim.o(i.TIM_TI1_ConfigInputStage))
<BR><BR>[Stack]<UL><LI>Max Depth = 8<LI>Call Chain = TIM_TI1_ConfigInputStage
</UL>
<BR>[Called By]<UL><LI><a href="#[93]">&gt;&gt;</a>&nbsp;&nbsp;&nbsp;HAL_TIM_ConfigClockSource
</UL>

<P><STRONG><a name="[96]"></a>TIM_TI2_ConfigInputStage</STRONG> (Thumb, 36 bytes, Stack size 8 bytes, stm32f4xx_hal_tim.o(i.TIM_TI2_ConfigInputStage))
<BR><BR>[Stack]<UL><LI>Max Depth = 8<LI>Call Chain = TIM_TI2_ConfigInputStage
</UL>
<BR>[Called By]<UL><LI><a href="#[93]">&gt;&gt;</a>&nbsp;&nbsp;&nbsp;HAL_TIM_ConfigClockSource
</UL>

<P><STRONG><a name="[89]"></a>__NVIC_SetPriority</STRONG> (Thumb, 32 bytes, Stack size 0 bytes, stm32f4xx_hal_cortex.o(i.__NVIC_SetPriority))
<BR><BR>[Called By]<UL><LI><a href="#[88]">&gt;&gt;</a>&nbsp;&nbsp;&nbsp;HAL_NVIC_SetPriority
</UL>

<P><STRONG><a name="[90]"></a>SPI_EndRxTxTransaction</STRONG> (Thumb, 98 bytes, Stack size 24 bytes, stm32f4xx_hal_spi.o(i.SPI_EndRxTxTransaction))
<BR><BR>[Stack]<UL><LI>Max Depth = 56<LI>Call Chain = SPI_EndRxTxTransaction &rArr; SPI_WaitFlagStateUntilTimeout
</UL>
<BR>[Calls]<UL><LI><a href="#[b6]">&gt;&gt;</a>&nbsp;&nbsp;&nbsp;SPI_WaitFlagStateUntilTimeout
</UL>
<BR>[Called By]<UL><LI><a href="#[8f]">&gt;&gt;</a>&nbsp;&nbsp;&nbsp;HAL_SPI_Transmit
</UL>

<P><STRONG><a name="[b6]"></a>SPI_WaitFlagStateUntilTimeout</STRONG> (Thumb, 182 bytes, Stack size 32 bytes, stm32f4xx_hal_spi.o(i.SPI_WaitFlagStateUntilTimeout))
<BR><BR>[Stack]<UL><LI>Max Depth = 32<LI>Call Chain = SPI_WaitFlagStateUntilTimeout
</UL>
<BR>[Calls]<UL><LI><a href="#[75]">&gt;&gt;</a>&nbsp;&nbsp;&nbsp;HAL_GetTick
</UL>
<BR>[Called By]<UL><LI><a href="#[90]">&gt;&gt;</a>&nbsp;&nbsp;&nbsp;SPI_EndRxTxTransaction
</UL>

<P><STRONG><a name="[46]"></a>UART_DMAAbortOnError</STRONG> (Thumb, 14 bytes, Stack size 8 bytes, stm32f4xx_hal_uart.o(i.UART_DMAAbortOnError))
<BR><BR>[Stack]<UL><LI>Max Depth = 8<LI>Call Chain = UART_DMAAbortOnError
</UL>
<BR>[Calls]<UL><LI><a href="#[a5]">&gt;&gt;</a>&nbsp;&nbsp;&nbsp;HAL_UART_ErrorCallback
</UL>
<BR>[Address Reference Count : 1]<UL><LI> stm32f4xx_hal_uart.o(i.HAL_UART_IRQHandler)
</UL>
<P><STRONG><a name="[a3]"></a>UART_EndRxTransfer</STRONG> (Thumb, 78 bytes, Stack size 0 bytes, stm32f4xx_hal_uart.o(i.UART_EndRxTransfer))
<BR><BR>[Calls]<UL><LI><a href="#[a3]">&gt;&gt;</a>&nbsp;&nbsp;&nbsp;UART_EndRxTransfer
</UL>
<BR>[Called By]<UL><LI><a href="#[a1]">&gt;&gt;</a>&nbsp;&nbsp;&nbsp;HAL_UART_IRQHandler
<LI><a href="#[ad]">&gt;&gt;</a>&nbsp;&nbsp;&nbsp;UART_WaitOnFlagUntilTimeout
<LI><a href="#[a3]">&gt;&gt;</a>&nbsp;&nbsp;&nbsp;UART_EndRxTransfer
</UL>

<P><STRONG><a name="[a2]"></a>UART_Receive_IT</STRONG> (Thumb, 194 bytes, Stack size 8 bytes, stm32f4xx_hal_uart.o(i.UART_Receive_IT))
<BR><BR>[Stack]<UL><LI>Max Depth = 16<LI>Call Chain = UART_Receive_IT &rArr; HAL_UART_RxCpltCallback &rArr; ESPAT_UART_RxCpltCallback
</UL>
<BR>[Calls]<UL><LI><a href="#[ac]">&gt;&gt;</a>&nbsp;&nbsp;&nbsp;HAL_UART_RxCpltCallback
<LI><a href="#[a6]">&gt;&gt;</a>&nbsp;&nbsp;&nbsp;HAL_UARTEx_RxEventCallback
</UL>
<BR>[Called By]<UL><LI><a href="#[a1]">&gt;&gt;</a>&nbsp;&nbsp;&nbsp;HAL_UART_IRQHandler
</UL>

<P><STRONG><a name="[aa]"></a>UART_SetConfig</STRONG> (Thumb, 258 bytes, Stack size 16 bytes, stm32f4xx_hal_uart.o(i.UART_SetConfig))
<BR><BR>[Stack]<UL><LI>Max Depth = 56<LI>Call Chain = UART_SetConfig &rArr; __aeabi_uldivmod
</UL>
<BR>[Calls]<UL><LI><a href="#[84]">&gt;&gt;</a>&nbsp;&nbsp;&nbsp;HAL_RCC_GetPCLK2Freq
<LI><a href="#[7d]">&gt;&gt;</a>&nbsp;&nbsp;&nbsp;HAL_RCC_GetPCLK1Freq
<LI><a href="#[4b]">&gt;&gt;</a>&nbsp;&nbsp;&nbsp;__aeabi_uldivmod
</UL>
<BR>[Called By]<UL><LI><a href="#[a8]">&gt;&gt;</a>&nbsp;&nbsp;&nbsp;HAL_UART_Init
</UL>

<P><STRONG><a name="[ad]"></a>UART_WaitOnFlagUntilTimeout</STRONG> (Thumb, 114 bytes, Stack size 32 bytes, stm32f4xx_hal_uart.o(i.UART_WaitOnFlagUntilTimeout))
<BR><BR>[Stack]<UL><LI>Max Depth = 32<LI>Call Chain = UART_WaitOnFlagUntilTimeout
</UL>
<BR>[Calls]<UL><LI><a href="#[75]">&gt;&gt;</a>&nbsp;&nbsp;&nbsp;HAL_GetTick
<LI><a href="#[a3]">&gt;&gt;</a>&nbsp;&nbsp;&nbsp;UART_EndRxTransfer
</UL>
<BR>[Called By]<UL><LI><a href="#[74]">&gt;&gt;</a>&nbsp;&nbsp;&nbsp;HAL_UART_Transmit
</UL>

<P><STRONG><a name="[5b]"></a>DHT11_PinRead</STRONG> (Thumb, 18 bytes, Stack size 8 bytes, driver_dht11.o(i.DHT11_PinRead))
<BR><BR>[Stack]<UL><LI>Max Depth = 8<LI>Call Chain = DHT11_PinRead
</UL>
<BR>[Calls]<UL><LI><a href="#[5c]">&gt;&gt;</a>&nbsp;&nbsp;&nbsp;HAL_GPIO_ReadPin
</UL>
<BR>[Called By]<UL><LI><a href="#[61]">&gt;&gt;</a>&nbsp;&nbsp;&nbsp;DHT11_WaitForLevel
<LI><a href="#[62]">&gt;&gt;</a>&nbsp;&nbsp;&nbsp;DHT11_ReadByte
</UL>

<P><STRONG><a name="[5a]"></a>DHT11_PinSet</STRONG> (Thumb, 16 bytes, Stack size 0 bytes, driver_dht11.o(i.DHT11_PinSet))
<BR><BR>[Calls]<UL><LI><a href="#[5d]">&gt;&gt;</a>&nbsp;&nbsp;&nbsp;HAL_GPIO_WritePin
</UL>
<BR>[Called By]<UL><LI><a href="#[5e]">&gt;&gt;</a>&nbsp;&nbsp;&nbsp;DHT11_Read
<LI><a href="#[58]">&gt;&gt;</a>&nbsp;&nbsp;&nbsp;DHT11_Init
</UL>

<P><STRONG><a name="[62]"></a>DHT11_ReadByte</STRONG> (Thumb, 62 bytes, Stack size 16 bytes, driver_dht11.o(i.DHT11_ReadByte))
<BR><BR>[Stack]<UL><LI>Max Depth = 132<LI>Call Chain = DHT11_ReadByte &rArr; DHT11_WaitForLevel &rArr; udelay &rArr; driver_timer_init &rArr; HAL_TIM_Base_Init &rArr; TIM_Base_SetConfig
</UL>
<BR>[Calls]<UL><LI><a href="#[60]">&gt;&gt;</a>&nbsp;&nbsp;&nbsp;udelay
<LI><a href="#[61]">&gt;&gt;</a>&nbsp;&nbsp;&nbsp;DHT11_WaitForLevel
<LI><a href="#[5b]">&gt;&gt;</a>&nbsp;&nbsp;&nbsp;DHT11_PinRead
</UL>
<BR>[Called By]<UL><LI><a href="#[5e]">&gt;&gt;</a>&nbsp;&nbsp;&nbsp;DHT11_Read
</UL>

<P><STRONG><a name="[61]"></a>DHT11_WaitForLevel</STRONG> (Thumb, 40 bytes, Stack size 16 bytes, driver_dht11.o(i.DHT11_WaitForLevel))
<BR><BR>[Stack]<UL><LI>Max Depth = 116<LI>Call Chain = DHT11_WaitForLevel &rArr; udelay &rArr; driver_timer_init &rArr; HAL_TIM_Base_Init &rArr; TIM_Base_SetConfig
</UL>
<BR>[Calls]<UL><LI><a href="#[60]">&gt;&gt;</a>&nbsp;&nbsp;&nbsp;udelay
<LI><a href="#[5b]">&gt;&gt;</a>&nbsp;&nbsp;&nbsp;DHT11_PinRead
</UL>
<BR>[Called By]<UL><LI><a href="#[5e]">&gt;&gt;</a>&nbsp;&nbsp;&nbsp;DHT11_Read
<LI><a href="#[62]">&gt;&gt;</a>&nbsp;&nbsp;&nbsp;DHT11_ReadByte
</UL>

<P><STRONG><a name="[b7]"></a>ST7735_ChineseGlyph</STRONG> (Thumb, 84 bytes, Stack size 32 bytes, st7735.o(i.ST7735_ChineseGlyph))
<BR><BR>[Stack]<UL><LI>Max Depth = 76<LI>Call Chain = ST7735_ChineseGlyph &rArr; ST7735_ChineseGlyphByBytes &rArr; memcmp
</UL>
<BR>[Calls]<UL><LI><a href="#[b8]">&gt;&gt;</a>&nbsp;&nbsp;&nbsp;ST7735_ChineseGlyphByBytes
<LI><a href="#[b9]">&gt;&gt;</a>&nbsp;&nbsp;&nbsp;memcmp
</UL>
<BR>[Called By]<UL><LI><a href="#[c2]">&gt;&gt;</a>&nbsp;&nbsp;&nbsp;ST7735_DrawStringMapleInternal
</UL>

<P><STRONG><a name="[b8]"></a>ST7735_ChineseGlyphByBytes</STRONG> (Thumb, 70 bytes, Stack size 32 bytes, st7735.o(i.ST7735_ChineseGlyphByBytes))
<BR><BR>[Stack]<UL><LI>Max Depth = 44<LI>Call Chain = ST7735_ChineseGlyphByBytes &rArr; memcmp
</UL>
<BR>[Calls]<UL><LI><a href="#[b9]">&gt;&gt;</a>&nbsp;&nbsp;&nbsp;memcmp
<LI><a href="#[73]">&gt;&gt;</a>&nbsp;&nbsp;&nbsp;strlen
</UL>
<BR>[Called By]<UL><LI><a href="#[b7]">&gt;&gt;</a>&nbsp;&nbsp;&nbsp;ST7735_ChineseGlyph
</UL>

<P><STRONG><a name="[ba]"></a>ST7735_DrawCharSize</STRONG> (Thumb, 310 bytes, Stack size 72 bytes, st7735.o(i.ST7735_DrawCharSize))
<BR><BR>[Stack]<UL><LI>Max Depth = 216<LI>Call Chain = ST7735_DrawCharSize &rArr; ST7735_SetAddressWindow &rArr; ST7735_WriteData &rArr; HAL_SPI_Transmit &rArr; SPI_EndRxTxTransaction &rArr; SPI_WaitFlagStateUntilTimeout
</UL>
<BR>[Calls]<UL><LI><a href="#[bd]">&gt;&gt;</a>&nbsp;&nbsp;&nbsp;ST7735_WriteData
<LI><a href="#[bc]">&gt;&gt;</a>&nbsp;&nbsp;&nbsp;ST7735_WriteCommand
<LI><a href="#[bb]">&gt;&gt;</a>&nbsp;&nbsp;&nbsp;ST7735_SetAddressWindow
</UL>
<BR>[Called By]<UL><LI><a href="#[c4]">&gt;&gt;</a>&nbsp;&nbsp;&nbsp;ST7735_DrawStringSize
</UL>

<P><STRONG><a name="[be]"></a>ST7735_DrawGlyph</STRONG> (Thumb, 204 bytes, Stack size 40 bytes, st7735.o(i.ST7735_DrawGlyph))
<BR><BR>[Stack]<UL><LI>Max Depth = 184<LI>Call Chain = ST7735_DrawGlyph &rArr; ST7735_SetAddressWindow &rArr; ST7735_WriteData &rArr; HAL_SPI_Transmit &rArr; SPI_EndRxTxTransaction &rArr; SPI_WaitFlagStateUntilTimeout
</UL>
<BR>[Calls]<UL><LI><a href="#[bd]">&gt;&gt;</a>&nbsp;&nbsp;&nbsp;ST7735_WriteData
<LI><a href="#[bc]">&gt;&gt;</a>&nbsp;&nbsp;&nbsp;ST7735_WriteCommand
<LI><a href="#[bb]">&gt;&gt;</a>&nbsp;&nbsp;&nbsp;ST7735_SetAddressWindow
</UL>
<BR>[Called By]<UL><LI><a href="#[c2]">&gt;&gt;</a>&nbsp;&nbsp;&nbsp;ST7735_DrawStringMapleInternal
</UL>

<P><STRONG><a name="[bf]"></a>ST7735_DrawGlyphScaled</STRONG> (Thumb, 238 bytes, Stack size 64 bytes, st7735.o(i.ST7735_DrawGlyphScaled))
<BR><BR>[Stack]<UL><LI>Max Depth = 208<LI>Call Chain = ST7735_DrawGlyphScaled &rArr; ST7735_SetAddressWindow &rArr; ST7735_WriteData &rArr; HAL_SPI_Transmit &rArr; SPI_EndRxTxTransaction &rArr; SPI_WaitFlagStateUntilTimeout
</UL>
<BR>[Calls]<UL><LI><a href="#[bd]">&gt;&gt;</a>&nbsp;&nbsp;&nbsp;ST7735_WriteData
<LI><a href="#[bc]">&gt;&gt;</a>&nbsp;&nbsp;&nbsp;ST7735_WriteCommand
<LI><a href="#[bb]">&gt;&gt;</a>&nbsp;&nbsp;&nbsp;ST7735_SetAddressWindow
</UL>
<BR>[Called By]<UL><LI><a href="#[c2]">&gt;&gt;</a>&nbsp;&nbsp;&nbsp;ST7735_DrawStringMapleInternal
</UL>

<P><STRONG><a name="[c2]"></a>ST7735_DrawStringMapleInternal</STRONG> (Thumb, 388 bytes, Stack size 80 bytes, st7735.o(i.ST7735_DrawStringMapleInternal))
<BR><BR>[Stack]<UL><LI>Max Depth = 288<LI>Call Chain = ST7735_DrawStringMapleInternal &rArr; ST7735_DrawGlyphScaled &rArr; ST7735_SetAddressWindow &rArr; ST7735_WriteData &rArr; HAL_SPI_Transmit &rArr; SPI_EndRxTxTransaction &rArr; SPI_WaitFlagStateUntilTimeout
</UL>
<BR>[Calls]<UL><LI><a href="#[bf]">&gt;&gt;</a>&nbsp;&nbsp;&nbsp;ST7735_DrawGlyphScaled
<LI><a href="#[be]">&gt;&gt;</a>&nbsp;&nbsp;&nbsp;ST7735_DrawGlyph
<LI><a href="#[b7]">&gt;&gt;</a>&nbsp;&nbsp;&nbsp;ST7735_ChineseGlyph
<LI><a href="#[6b]">&gt;&gt;</a>&nbsp;&nbsp;&nbsp;strchr
</UL>
<BR>[Called By]<UL><LI><a href="#[c3]">&gt;&gt;</a>&nbsp;&nbsp;&nbsp;ST7735_DrawStringMapleSize
</UL>

<P><STRONG><a name="[72]"></a>ESPAT_GetUart</STRONG> (Thumb, 14 bytes, Stack size 0 bytes, espat.o(i.ESPAT_GetUart))
<BR><BR>[Called By]<UL><LI><a href="#[69]">&gt;&gt;</a>&nbsp;&nbsp;&nbsp;ESPAT_SendCmdCollect
<LI><a href="#[65]">&gt;&gt;</a>&nbsp;&nbsp;&nbsp;ESPAT_SendCmdWait
</UL>

<P><STRONG><a name="[6d]"></a>ESPAT_ParseUpdateTime</STRONG> (Thumb, 132 bytes, Stack size 24 bytes, espat.o(i.ESPAT_ParseUpdateTime))
<BR><BR>[Stack]<UL><LI>Max Depth = 36<LI>Call Chain = ESPAT_ParseUpdateTime &rArr; strstr
</UL>
<BR>[Calls]<UL><LI><a href="#[6b]">&gt;&gt;</a>&nbsp;&nbsp;&nbsp;strchr
<LI><a href="#[6a]">&gt;&gt;</a>&nbsp;&nbsp;&nbsp;strstr
<LI><a href="#[6c]">&gt;&gt;</a>&nbsp;&nbsp;&nbsp;__aeabi_memcpy
</UL>
<BR>[Called By]<UL><LI><a href="#[68]">&gt;&gt;</a>&nbsp;&nbsp;&nbsp;ESPAT_GetWeatherNowEx
</UL>

<P><STRONG><a name="[6e]"></a>ESPAT_ParseWeather</STRONG> (Thumb, 242 bytes, Stack size 72 bytes, espat.o(i.ESPAT_ParseWeather))
<BR><BR>[Stack]<UL><LI>Max Depth = 160<LI>Call Chain = ESPAT_ParseWeather &rArr; atoi &rArr; strtol &rArr; _strtoul
</UL>
<BR>[Calls]<UL><LI><a href="#[51]">&gt;&gt;</a>&nbsp;&nbsp;&nbsp;atoi
<LI><a href="#[6b]">&gt;&gt;</a>&nbsp;&nbsp;&nbsp;strchr
<LI><a href="#[6a]">&gt;&gt;</a>&nbsp;&nbsp;&nbsp;strstr
<LI><a href="#[6c]">&gt;&gt;</a>&nbsp;&nbsp;&nbsp;__aeabi_memcpy
</UL>
<BR>[Called By]<UL><LI><a href="#[68]">&gt;&gt;</a>&nbsp;&nbsp;&nbsp;ESPAT_GetWeatherNowEx
</UL>

<P><STRONG><a name="[70]"></a>ESPAT_RxFifoClear</STRONG> (Thumb, 10 bytes, Stack size 0 bytes, espat.o(i.ESPAT_RxFifoClear))
<BR><BR>[Called By]<UL><LI><a href="#[6f]">&gt;&gt;</a>&nbsp;&nbsp;&nbsp;ESPAT_Init
<LI><a href="#[69]">&gt;&gt;</a>&nbsp;&nbsp;&nbsp;ESPAT_SendCmdCollect
<LI><a href="#[65]">&gt;&gt;</a>&nbsp;&nbsp;&nbsp;ESPAT_SendCmdWait
</UL>

<P><STRONG><a name="[76]"></a>ESPAT_RxFifoPop</STRONG> (Thumb, 38 bytes, Stack size 0 bytes, espat.o(i.ESPAT_RxFifoPop))
<BR><BR>[Called By]<UL><LI><a href="#[69]">&gt;&gt;</a>&nbsp;&nbsp;&nbsp;ESPAT_SendCmdCollect
<LI><a href="#[65]">&gt;&gt;</a>&nbsp;&nbsp;&nbsp;ESPAT_SendCmdWait
</UL>

<P><STRONG><a name="[69]"></a>ESPAT_SendCmdCollect</STRONG> (Thumb, 248 bytes, Stack size 40 bytes, espat.o(i.ESPAT_SendCmdCollect))
<BR><BR>[Stack]<UL><LI>Max Depth = 104<LI>Call Chain = ESPAT_SendCmdCollect &rArr; HAL_UART_Transmit &rArr; UART_WaitOnFlagUntilTimeout
</UL>
<BR>[Calls]<UL><LI><a href="#[74]">&gt;&gt;</a>&nbsp;&nbsp;&nbsp;HAL_UART_Transmit
<LI><a href="#[75]">&gt;&gt;</a>&nbsp;&nbsp;&nbsp;HAL_GetTick
<LI><a href="#[66]">&gt;&gt;</a>&nbsp;&nbsp;&nbsp;HAL_Delay
<LI><a href="#[76]">&gt;&gt;</a>&nbsp;&nbsp;&nbsp;ESPAT_RxFifoPop
<LI><a href="#[70]">&gt;&gt;</a>&nbsp;&nbsp;&nbsp;ESPAT_RxFifoClear
<LI><a href="#[72]">&gt;&gt;</a>&nbsp;&nbsp;&nbsp;ESPAT_GetUart
<LI><a href="#[73]">&gt;&gt;</a>&nbsp;&nbsp;&nbsp;strlen
<LI><a href="#[6a]">&gt;&gt;</a>&nbsp;&nbsp;&nbsp;strstr
<LI><a href="#[4e]">&gt;&gt;</a>&nbsp;&nbsp;&nbsp;__aeabi_memclr
<LI><a href="#[77]">&gt;&gt;</a>&nbsp;&nbsp;&nbsp;__aeabi_memmove
</UL>
<BR>[Called By]<UL><LI><a href="#[68]">&gt;&gt;</a>&nbsp;&nbsp;&nbsp;ESPAT_GetWeatherNowEx
</UL>

<P><STRONG><a name="[ce]"></a>_printf_core</STRONG> (Thumb, 748 bytes, Stack size 96 bytes, printf6.o(i._printf_core), UNUSED)
<BR><BR>[Calls]<UL><LI><a href="#[d1]">&gt;&gt;</a>&nbsp;&nbsp;&nbsp;__aeabi_uidivmod
<LI><a href="#[d0]">&gt;&gt;</a>&nbsp;&nbsp;&nbsp;_printf_pre_padding
<LI><a href="#[d2]">&gt;&gt;</a>&nbsp;&nbsp;&nbsp;_printf_post_padding
</UL>
<BR>[Called By]<UL><LI><a href="#[cf]">&gt;&gt;</a>&nbsp;&nbsp;&nbsp;__0snprintf$6
<LI><a href="#[cd]">&gt;&gt;</a>&nbsp;&nbsp;&nbsp;__0printf$6
</UL>

<P><STRONG><a name="[d2]"></a>_printf_post_padding</STRONG> (Thumb, 36 bytes, Stack size 24 bytes, printf6.o(i._printf_post_padding), UNUSED)
<BR><BR>[Called By]<UL><LI><a href="#[ce]">&gt;&gt;</a>&nbsp;&nbsp;&nbsp;_printf_core
</UL>

<P><STRONG><a name="[d0]"></a>_printf_pre_padding</STRONG> (Thumb, 46 bytes, Stack size 24 bytes, printf6.o(i._printf_pre_padding), UNUSED)
<BR><BR>[Called By]<UL><LI><a href="#[ce]">&gt;&gt;</a>&nbsp;&nbsp;&nbsp;_printf_core
</UL>

<P><STRONG><a name="[48]"></a>_snputc</STRONG> (Thumb, 22 bytes, Stack size 0 bytes, printf6.o(i._snputc))
<BR>[Address Reference Count : 1]<UL><LI> printf6.o(i.__0snprintf$6)
</UL><P>
<H3>
Undefined Global Symbols
</H3><HR></body></html>
