Component: ARM Compiler 5.06 update 6 (build 750) Tool: armlink [4d35ed]

==============================================================================

Section Cross References

    startup_stm32f411xe.o(RESET) refers to startup_stm32f411xe.o(STACK) for __initial_sp
    startup_stm32f411xe.o(RESET) refers to startup_stm32f411xe.o(.text) for Reset_Handler
    startup_stm32f411xe.o(RESET) refers to stm32f4xx_it.o(i.NMI_Handler) for NMI_Handler
    startup_stm32f411xe.o(RESET) refers to stm32f4xx_it.o(i.HardFault_Handler) for HardFault_Handler
    startup_stm32f411xe.o(RESET) refers to stm32f4xx_it.o(i.MemManage_Handler) for MemManage_Handler
    startup_stm32f411xe.o(RESET) refers to stm32f4xx_it.o(i.BusFault_Handler) for BusFault_Handler
    startup_stm32f411xe.o(RESET) refers to stm32f4xx_it.o(i.UsageFault_Handler) for UsageFault_Handler
    startup_stm32f411xe.o(RESET) refers to stm32f4xx_it.o(i.SVC_Handler) for SVC_Handler
    startup_stm32f411xe.o(RESET) refers to stm32f4xx_it.o(i.DebugMon_Handler) for DebugMon_Handler
    startup_stm32f411xe.o(RESET) refers to stm32f4xx_it.o(i.PendSV_Handler) for PendSV_Handler
    startup_stm32f411xe.o(RESET) refers to stm32f4xx_it.o(i.SysTick_Handler) for SysTick_Handler
    startup_stm32f411xe.o(RESET) refers to stm32f4xx_it.o(i.TIM1_UP_TIM10_IRQHandler) for TIM1_UP_TIM10_IRQHandler
    startup_stm32f411xe.o(RESET) refers to stm32f4xx_it.o(i.USART2_IRQHandler) for USART2_IRQHandler
    startup_stm32f411xe.o(.text) refers to system_stm32f4xx.o(i.SystemInit) for SystemInit
    startup_stm32f411xe.o(.text) refers to entry.o(.ARM.Collect$$$$00000000) for __main
    main.o(i.HAL_TIM_PeriodElapsedCallback) refers to stm32f4xx_hal.o(i.HAL_IncTick) for HAL_IncTick
    main.o(i.HAL_UART_RxCpltCallback) refers to espat.o(i.ESPAT_UART_RxCpltCallback) for ESPAT_UART_RxCpltCallback
    main.o(i.SystemClock_Config) refers to memseta.o(.text) for __aeabi_memclr4
    main.o(i.SystemClock_Config) refers to stm32f4xx_hal_rcc.o(i.HAL_RCC_OscConfig) for HAL_RCC_OscConfig
    main.o(i.SystemClock_Config) refers to stm32f4xx_hal_rcc.o(i.HAL_RCC_ClockConfig) for HAL_RCC_ClockConfig
    main.o(i.main) refers to stm32f4xx_hal.o(i.HAL_Init) for HAL_Init
    main.o(i.main) refers to main.o(i.SystemClock_Config) for SystemClock_Config
    main.o(i.main) refers to gpio.o(i.MX_GPIO_Init) for MX_GPIO_Init
    main.o(i.main) refers to spi.o(i.MX_SPI1_Init) for MX_SPI1_Init
    main.o(i.main) refers to i2c.o(i.MX_I2C1_Init) for MX_I2C1_Init
    main.o(i.main) refers to usart.o(i.MX_USART1_UART_Init) for MX_USART1_UART_Init
    main.o(i.main) refers to usart.o(i.MX_USART2_UART_Init) for MX_USART2_UART_Init
    main.o(i.main) refers to tim.o(i.MX_TIM4_Init) for MX_TIM4_Init
    main.o(i.main) refers to st7735.o(i.ST7735_Init) for ST7735_Init
    main.o(i.main) refers to driver_dht11.o(i.DHT11_Init) for DHT11_Init
    main.o(i.main) refers to espat.o(i.ESPAT_Init) for ESPAT_Init
    main.o(i.main) refers to st7735.o(i.UI_DrawLayout) for UI_DrawLayout
    main.o(i.main) refers to espat.o(i.ESPAT_ConnectWiFi) for ESPAT_ConnectWiFi
    main.o(i.main) refers to printf6.o(i.__0snprintf$6) for __2snprintf
    main.o(i.main) refers to printf6.o(i.__0printf$6) for __2printf
    main.o(i.main) refers to stm32f4xx_hal.o(i.HAL_GetTick) for HAL_GetTick
    main.o(i.main) refers to espat.o(i.ESPAT_GetWeatherNowEx) for ESPAT_GetWeatherNowEx
    main.o(i.main) refers to st7735.o(i.ST7735_DrawStringSize) for ST7735_DrawStringSize
    main.o(i.main) refers to espat.o(i.UI_FormatTimeHM) for UI_FormatTimeHM
    main.o(i.main) refers to st7735.o(i.ST7735_DrawStringMapleSize) for ST7735_DrawStringMapleSize
    main.o(i.main) refers to driver_dht11.o(i.DHT11_Read) for DHT11_Read
    main.o(i.main) refers to espat.o(i.GetWeatherIconByCode) for GetWeatherIconByCode
    main.o(i.main) refers to st7735.o(i.ST7735_DrawImageLESize) for ST7735_DrawImageLESize
    main.o(i.main) refers to stm32f4xx_hal.o(i.HAL_Delay) for HAL_Delay
    main.o(i.main) refers to usart.o(.bss) for huart2
    main.o(i.main) refers to main.o(.data) for .data
    main.o(i.main) refers to fonts.o(.constdata) for Font_7x10
    main.o(i.main) refers to font20_maple_bold.o(.constdata) for font20_maple_bold
    gpio.o(i.MX_GPIO_Init) refers to memseta.o(.text) for __aeabi_memclr4
    gpio.o(i.MX_GPIO_Init) refers to stm32f4xx_hal_gpio.o(i.HAL_GPIO_WritePin) for HAL_GPIO_WritePin
    gpio.o(i.MX_GPIO_Init) refers to stm32f4xx_hal_gpio.o(i.HAL_GPIO_Init) for HAL_GPIO_Init
    i2c.o(i.HAL_I2C_MspDeInit) refers to stm32f4xx_hal_gpio.o(i.HAL_GPIO_DeInit) for HAL_GPIO_DeInit
    i2c.o(i.HAL_I2C_MspInit) refers to memseta.o(.text) for __aeabi_memclr4
    i2c.o(i.HAL_I2C_MspInit) refers to stm32f4xx_hal_gpio.o(i.HAL_GPIO_Init) for HAL_GPIO_Init
    i2c.o(i.MX_I2C1_Init) refers to stm32f4xx_hal_i2c.o(i.HAL_I2C_Init) for HAL_I2C_Init
    i2c.o(i.MX_I2C1_Init) refers to main.o(i.Error_Handler) for Error_Handler
    i2c.o(i.MX_I2C1_Init) refers to i2c.o(.bss) for .bss
[...]
    DHT11_PinSet                             0x080004fd   Thumb Code    16  driver_dht11.o(i.DHT11_PinSet)
    i.DHT11_Read                             0x08000510   Section        0  driver_dht11.o(i.DHT11_Read)
    i.DHT11_ReadByte                         0x080005cc   Section        0  driver_dht11.o(i.DHT11_ReadByte)
    DHT11_ReadByte                           0x080005cd   Thumb Code    62  driver_dht11.o(i.DHT11_ReadByte)
    i.DHT11_WaitForLevel                     0x0800060a   Section        0  driver_dht11.o(i.DHT11_WaitForLevel)
    DHT11_WaitForLevel                       0x0800060b   Thumb Code    40  driver_dht11.o(i.DHT11_WaitForLevel)
    i.DebugMon_Handler                       0x08000632   Section        0  stm32f4xx_it.o(i.DebugMon_Handler)
    i.ESPAT_ConnectWiFi                      0x08000634   Section        0  espat.o(i.ESPAT_ConnectWiFi)
    i.ESPAT_GetUart                          0x080007bc   Section        0  espat.o(i.ESPAT_GetUart)
    ESPAT_GetUart                            0x080007bd   Thumb Code    14  espat.o(i.ESPAT_GetUart)
    i.ESPAT_GetWeatherNowEx                  0x080007d4   Section        0  espat.o(i.ESPAT_GetWeatherNowEx)
    i.ESPAT_Init                             0x08000990   Section        0  espat.o(i.ESPAT_Init)
    i.ESPAT_ParseUpdateTime                  0x080009c0   Section        0  espat.o(i.ESPAT_ParseUpdateTime)
    ESPAT_ParseUpdateTime                    0x080009c1   Thumb Code   132  espat.o(i.ESPAT_ParseUpdateTime)
    i.ESPAT_ParseWeather                     0x08000a54   Section        0  espat.o(i.ESPAT_ParseWeather)
    ESPAT_ParseWeather                       0x08000a55   Thumb Code   242  espat.o(i.ESPAT_ParseWeather)
    i.ESPAT_RxFifoClear                      0x08000b70   Section        0  espat.o(i.ESPAT_RxFifoClear)
    ESPAT_RxFifoClear                        0x08000b71   Thumb Code    10  espat.o(i.ESPAT_RxFifoClear)
    i.ESPAT_RxFifoPop                        0x08000b80   Section        0  espat.o(i.ESPAT_RxFifoPop)
    ESPAT_RxFifoPop                          0x08000b81   Thumb Code    38  espat.o(i.ESPAT_RxFifoPop)
    i.ESPAT_SendCmdCollect                   0x08000bb0   Section        0  espat.o(i.ESPAT_SendCmdCollect)
    ESPAT_SendCmdCollect                     0x08000bb1   Thumb Code   248  espat.o(i.ESPAT_SendCmdCollect)
    i.ESPAT_SendCmdWait                      0x08000ce4   Section        0  espat.o(i.ESPAT_SendCmdWait)
    i.ESPAT_UART_RxCpltCallback              0x08000dd0   Section        0  espat.o(i.ESPAT_UART_RxCpltCallback)
    i.Error_Handler                          0x08000e20   Section        0  main.o(i.Error_Handler)
    i.GetWeatherIconByCode                   0x08000e24   Section        0  espat.o(i.GetWeatherIconByCode)
    i.HAL_DMA_Abort                          0x08000eb4   Section        0  stm32f4xx_hal_dma.o(i.HAL_DMA_Abort)
    i.HAL_DMA_Abort_IT                       0x08000f46   Section        0  stm32f4xx_hal_dma.o(i.HAL_DMA_Abort_IT)
    i.HAL_Delay                              0x08000f6c   Section        0  stm32f4xx_hal.o(i.HAL_Delay)
    i.HAL_GPIO_Init                          0x08000f90   Section        0  stm32f4xx_hal_gpio.o(i.HAL_GPIO_Init)
    i.HAL_GPIO_ReadPin                       0x08001170   Section        0  stm32f4xx_hal_gpio.o(i.HAL_GPIO_ReadPin)
    i.HAL_GPIO_WritePin                      0x0800117a   Section        0  stm32f4xx_hal_gpio.o(i.HAL_GPIO_WritePin)
    i.HAL_GetTick                            0x08001184   Section        0  stm32f4xx_hal.o(i.HAL_GetTick)
    i.HAL_I2C_Init                           0x08001190   Section        0  stm32f4xx_hal_i2c.o(i.HAL_I2C_Init)
    i.HAL_I2C_MspInit                        0x08001318   Section        0  i2c.o(i.HAL_I2C_MspInit)
    i.HAL_IncTick                            0x08001380   Section        0  stm32f4xx_hal.o(i.HAL_IncTick)
    i.HAL_Init                               0x08001390   Section        0  stm32f4xx_hal.o(i.HAL_Init)
    i.HAL_InitTick                           0x080013c4   Section        0  stm32f4xx_hal_timebase_tim.o(i.HAL_InitTick)
    i.HAL_MspInit                            0x08001450   Section        0  stm32f4xx_hal_msp.o(i.HAL_MspInit)
    i.HAL_NVIC_EnableIRQ                     0x08001480   Section        0  stm32f4xx_hal_cortex.o(i.HAL_NVIC_EnableIRQ)
    i.HAL_NVIC_SetPriority                   0x0800149c   Section        0  stm32f4xx_hal_cortex.o(i.HAL_NVIC_SetPriority)
    i.HAL_NVIC_SetPriorityGrouping           0x080014dc   Section        0  stm32f4xx_hal_cortex.o(i.HAL_NVIC_SetPriorityGrouping)
    i.HAL_RCC_ClockConfig                    0x08001500   Section        0  stm32f4xx_hal_rcc.o(i.HAL_RCC_ClockConfig)
    i.HAL_RCC_GetClockConfig                 0x08001634   Section        0  stm32f4xx_hal_rcc.o(i.HAL_RCC_GetClockConfig)
    i.HAL_RCC_GetPCLK1Freq                   0x08001674   Section        0  stm32f4xx_hal_rcc.o(i.HAL_RCC_GetPCLK1Freq)
    i.HAL_RCC_GetPCLK2Freq                   0x08001694   Section        0  stm32f4xx_hal_rcc.o(i.HAL_RCC_GetPCLK2Freq)
    i.HAL_RCC_GetSysClockFreq                0x080016b4   Section        0  stm32f4xx_hal_rcc.o(i.HAL_RCC_GetSysClockFreq)
    i.HAL_RCC_OscConfig                      0x08001718   Section        0  stm32f4xx_hal_rcc.o(i.HAL_RCC_OscConfig)
    i.HAL_SPI_Init                           0x08001a84   Section        0  stm32f4xx_hal_spi.o(i.HAL_SPI_Init)
    i.HAL_SPI_MspInit                        0x08001b40   Section        0  spi.o(i.HAL_SPI_MspInit)
    i.HAL_SPI_Transmit                       0x08001ba8   Section        0  stm32f4xx_hal_spi.o(i.HAL_SPI_Transmit)
    i.HAL_TIMEx_BreakCallback                0x08001d0e   Section        0  stm32f4xx_hal_tim_ex.o(i.HAL_TIMEx_BreakCallback)
    i.HAL_TIMEx_CommutCallback               0x08001d10   Section        0  stm32f4xx_hal_tim_ex.o(i.HAL_TIMEx_CommutCallback)
    i.HAL_TIMEx_MasterConfigSynchronization  0x08001d14   Section        0  stm32f4xx_hal_tim_ex.o(i.HAL_TIMEx_MasterConfigSynchronization)
    i.HAL_TIM_Base_Init                      0x08001d90   Section        0  stm32f4xx_hal_tim.o(i.HAL_TIM_Base_Init)
    i.HAL_TIM_Base_MspInit                   0x08001dec   Section        0  tim.o(i.HAL_TIM_Base_MspInit)
    i.HAL_TIM_Base_Start                     0x08001e14   Section        0  stm32f4xx_hal_tim.o(i.HAL_TIM_Base_Start)
    i.HAL_TIM_Base_Start_IT                  0x08001e78   Section        0  stm32f4xx_hal_tim.o(i.HAL_TIM_Base_Start_IT)
    i.HAL_TIM_ConfigClockSource              0x08001ee4   Section        0  stm32f4xx_hal_tim.o(i.HAL_TIM_ConfigClockSource)
    i.HAL_TIM_IC_CaptureCallback             0x08001fc0   Section        0  stm32f4xx_hal_tim.o(i.HAL_TIM_IC_CaptureCallback)
    i.HAL_TIM_IRQHandler                     0x08001fc2   Section        0  stm32f4xx_hal_tim.o(i.HAL_TIM_IRQHandler)
    i.HAL_TIM_OC_DelayElapsedCallback        0x080020f2   Section        0  stm32f4xx_hal_tim.o(i.HAL_TIM_OC_DelayElapsedCallback)
    i.HAL_TIM_PWM_PulseFinishedCallback      0x080020f4   Section        0  stm32f4xx_hal_tim.o(i.HAL_TIM_PWM_PulseFinishedCallback)
    i.HAL_TIM_PeriodElapsedCallback          0x080020f8   Section        0  main.o(i.HAL_TIM_PeriodElapsedCallback)
    i.HAL_TIM_TriggerCallback                0x0800210c   Section        0  stm32f4xx_hal_tim.o(i.HAL_TIM_TriggerCallback)
    i.HAL_UARTEx_RxEventCallback             0x0800210e   Section        0  stm32f4xx_hal_uart.o(i.HAL_UARTEx_RxEventCallback)
    i.HAL_UART_ErrorCallback                 0x08002110   Section        0  stm32f4xx_hal_uart.o(i.HAL_UART_ErrorCallback)
    i.HAL_UART_IRQHandler                    0x08002114   Section        0  stm32f4xx_hal_uart.o(i.HAL_UART_IRQHandler)
    i.HAL_UART_Init                          0x08002394   Section        0  stm32f4xx_hal_uart.o(i.HAL_UART_Init)
    i.HAL_UART_MspInit                       0x080023f8   Section        0  usart.o(i.HAL_UART_MspInit)
    i.HAL_UART_Receive_IT                    0x080024b4   Section        0  stm32f4xx_hal_uart.o(i.HAL_UART_Receive_IT)
    i.HAL_UART_RxCpltCallback                0x080024d0   Section        0  main.o(i.HAL_UART_RxCpltCallback)
    i.HAL_UART_Transmit                      0x080024d4   Section        0  stm32f4xx_hal_uart.o(i.HAL_UART_Transmit)
    i.HAL_UART_TxCpltCallback                0x08002574   Section        0  stm32f4xx_hal_uart.o(i.HAL_UART_TxCpltCallback)
    i.HardFault_Handler                      0x08002576   Section        0  stm32f4xx_it.o(i.HardFault_Handler)
    i.MX_GPIO_Init                           0x08002578   Section        0  gpio.o(i.MX_GPIO_Init)
    i.MX_I2C1_Init                           0x0800260c   Section        0  i2c.o(i.MX_I2C1_Init)
    i.MX_SPI1_Init                           0x0800264c   Section        0  spi.o(i.MX_SPI1_Init)
    i.MX_TIM4_Init                           0x08002690   Section        0  tim.o(i.MX_TIM4_Init)
    i.MX_USART1_UART_Init                    0x080026f4   Section        0  usart.o(i.MX_USART1_UART_Init)
    i.MX_USART2_UART_Init                    0x0800272c   Section        0  usart.o(i.MX_USART2_UART_Init)
    i.MemManage_Handler                      0x08002764   Section        0  stm32f4xx_it.o(i.MemManage_Handler)
    i.NMI_Handler                            0x08002766   Section        0  stm32f4xx_it.o(i.NMI_Handler)
    i.PendSV_Handler                         0x08002768   Section        0  stm32f4xx_it.o(i.PendSV_Handler)
    i.SPI_EndRxTxTransaction                 0x0800276c   Section        0  stm32f4xx_hal_spi.o(i.SPI_EndRxTxTransaction)
    SPI_EndRxTxTransaction                   0x0800276d   Thumb Code    98  stm32f4xx_hal_spi.o(i.SPI_EndRxTxTransaction)
    i.SPI_WaitFlagStateUntilTimeout          0x080027d8   Section        0  stm32f4xx_hal_spi.o(i.SPI_WaitFlagStateUntilTimeout)
    SPI_WaitFlagStateUntilTimeout            0x080027d9   Thumb Code   182  stm32f4xx_hal_spi.o(i.SPI_WaitFlagStateUntilTimeout)
    i.ST7735_ChineseGlyph                    0x08002894   Section        0  st7735.o(i.ST7735_ChineseGlyph)
    ST7735_ChineseGlyph                      0x08002895   Thumb Code    84  st7735.o(i.ST7735_ChineseGlyph)
    i.ST7735_ChineseGlyphByBytes             0x080028ec   Section        0  st7735.o(i.ST7735_ChineseGlyphByBytes)
    ST7735_ChineseGlyphByBytes               0x080028ed   Thumb Code    70  st7735.o(i.ST7735_ChineseGlyphByBytes)
    i.ST7735_DrawCharSize                    0x08002934   Section        0  st7735.o(i.ST7735_DrawCharSize)
    ST7735_DrawCharSize                      0x08002935   Thumb Code   310  st7735.o(i.ST7735_DrawCharSize)
    i.ST7735_DrawGlyph                       0x08002a74   Section        0  st7735.o(i.ST7735_DrawGlyph)
    ST7735_DrawGlyph                         0x08002a75   Thumb Code   204  st7735.o(i.ST7735_DrawGlyph)
    i.ST7735_DrawGlyphScaled                 0x08002b44   Section        0  st7735.o(i.ST7735_DrawGlyphScaled)
    ST7735_DrawGlyphScaled                   0x08002b45   Thumb Code   238  st7735.o(i.ST7735_DrawGlyphScaled)
    i.ST7735_DrawImageLESize                 0x08002c38   Section        0  st7735.o(i.ST7735_DrawImageLESize)
    i.ST7735_DrawRectangle                   0x08002d38   Section        0  st7735.o(i.ST7735_DrawRectangle)
    i.ST7735_DrawStringMapleInternal         0x08002d98   Section        0  st7735.o(i.ST7735_DrawStringMapleInternal)
    ST7735_DrawStringMapleInternal           0x08002d99   Thumb Code   388  st7735.o(i.ST7735_DrawStringMapleInternal)
    i.ST7735_DrawStringMapleSize             0x08002f20   Section        0  st7735.o(i.ST7735_DrawStringMapleSize)
    i.ST7735_DrawStringSize                  0x08002f32   Section        0  st7735.o(i.ST7735_DrawStringSize)
    i.ST7735_FillScreen                      0x08002fc8   Section        0  st7735.o(i.ST7735_FillScreen)
    i.ST7735_Init                            0x08002fda   Section        0  st7735.o(i.ST7735_Init)
    i.ST7735_Reset                           0x080031fc   Section        0  st7735.o(i.ST7735_Reset)
    i.ST7735_SetAddressWindow                0x0800322c   Section        0  st7735.o(i.ST7735_SetAddressWindow)
    i.ST7735_SetRotation                     0x08003268   Section        0  st7735.o(i.ST7735_SetRotation)
    i.ST7735_WriteByte                       0x08003298   Section        0  st7735.o(i.ST7735_WriteByte)
    i.ST7735_WriteCommand                    0x080032d8   Section        0  st7735.o(i.ST7735_WriteCommand)
    i.ST7735_WriteData                       0x08003318   Section        0  st7735.o(i.ST7735_WriteData)
    i.SVC_Handler                            0x08003360   Section        0  stm32f4xx_it.o(i.SVC_Handler)
    i.SysTick_Handler                        0x08003362   Section        0  stm32f4xx_it.o(i.SysTick_Handler)
    i.SystemClock_Config                     0x08003364   Section        0  main.o(i.SystemClock_Config)
    i.SystemInit                             0x080033f4   Section        0  system_stm32f4xx.o(i.SystemInit)
    i.TIM1_UP_TIM10_IRQHandler               0x08003404   Section        0  stm32f4xx_it.o(i.TIM1_UP_TIM10_IRQHandler)
    i.TIM_Base_SetConfig                     0x08003410   Section        0  stm32f4xx_hal_tim.o(i.TIM_Base_SetConfig)
    i.TIM_ETR_SetConfig                      0x080034b0   Section        0  stm32f4xx_hal_tim.o(i.TIM_ETR_SetConfig)
    i.TIM_ITRx_SetConfig                     0x080034c4   Section        0  stm32f4xx_hal_tim.o(i.TIM_ITRx_SetConfig)
    TIM_ITRx_SetConfig                       0x080034c5   Thumb Code    16  stm32f4xx_hal_tim.o(i.TIM_ITRx_SetConfig)
    i.TIM_TI1_ConfigInputStage               0x080034d4   Section        0  stm32f4xx_hal_tim.o(i.TIM_TI1_ConfigInputStage)
    TIM_TI1_ConfigInputStage                 0x080034d5   Thumb Code    34  stm32f4xx_hal_tim.o(i.TIM_TI1_ConfigInputStage)
    i.TIM_TI2_ConfigInputStage               0x080034f6   Section        0  stm32f4xx_hal_tim.o(i.TIM_TI2_ConfigInputStage)
    TIM_TI2_ConfigInputStage                 0x080034f7   Thumb Code    36  stm32f4xx_hal_tim.o(i.TIM_TI2_ConfigInputStage)
    i.UART_DMAAbortOnError                   0x0800351a   Section        0  stm32f4xx_hal_uart.o(i.UART_DMAAbortOnError)
    UART_DMAAbortOnError                     0x0800351b   Thumb Code    14  stm32f4xx_hal_uart.o(i.UART_DMAAbortOnError)
    i.UART_EndRxTransfer                     0x08003528   Section        0  stm32f4xx_hal_uart.o(i.UART_EndRxTransfer)
    UART_EndRxTransfer                       0x08003529   Thumb Code    78  stm32f4xx_hal_uart.o(i.UART_EndRxTransfer)
    i.UART_Receive_IT                        0x08003576   Section        0  stm32f4xx_hal_uart.o(i.UART_Receive_IT)
    UART_Receive_IT                          0x08003577   Thumb Code   194  stm32f4xx_hal_uart.o(i.UART_Receive_IT)
    i.UART_SetConfig                         0x08003638   Section        0  stm32f4xx_hal_uart.o(i.UART_SetConfig)
    UART_SetConfig                           0x08003639   Thumb Code   258  stm32f4xx_hal_uart.o(i.UART_SetConfig)
    i.UART_Start_Receive_IT                  0x08003744   Section        0  stm32f4xx_hal_uart.o(i.UART_Start_Receive_IT)
    i.UART_WaitOnFlagUntilTimeout            0x0800377a   Section        0  stm32f4xx_hal_uart.o(i.UART_WaitOnFlagUntilTimeout)
    UART_WaitOnFlagUntilTimeout              0x0800377b   Thumb Code   114  stm32f4xx_hal_uart.o(i.UART_WaitOnFlagUntilTimeout)
    i.UI_DrawLayout                          0x080037ec   Section        0  st7735.o(i.UI_DrawLayout)
    i.UI_FormatTimeHM                        0x08003834   Section        0  espat.o(i.UI_FormatTimeHM)
    i.USART2_IRQHandler                      0x08003888   Section        0  stm32f4xx_it.o(i.USART2_IRQHandler)
    i.UsageFault_Handler                     0x08003894   Section        0  stm32f4xx_it.o(i.UsageFault_Handler)
    i.__0printf$6                            0x08003898   Section        0  printf6.o(i.__0printf$6)
    i.__0snprintf$6                          0x080038b8   Section        0  printf6.o(i.__0snprintf$6)
    i.__NVIC_SetPriority                     0x080038e8   Section        0  stm32f4xx_hal_cortex.o(i.__NVIC_SetPriority)
    __NVIC_SetPriority                       0x080038e9   Thumb Code    32  stm32f4xx_hal_cortex.o(i.__NVIC_SetPriority)
    i.__aeabi_errno_addr                     0x08003908   Section        0  errno.o(i.__aeabi_errno_addr)
    i.__scatterload_copy                     0x08003910   Section       14  handlers.o(i.__scatterload_copy)
    i.__scatterload_null                     0x0800391e   Section        2  handlers.o(i.__scatterload_null)
    i.__scatterload_zeroinit                 0x08003920   Section       14  handlers.o(i.__scatterload_zeroinit)
    i._printf_core                           0x08003930   Section        0  printf6.o(i._printf_core)
    _printf_core                             0x08003931   Thumb Code   748  printf6.o(i._printf_core)
    i._printf_post_padding                   0x08003c20   Section        0  printf6.o(i._printf_post_padding)
    _printf_post_padding                     0x08003c21   Thumb Code    36  printf6.o(i._printf_post_padding)
    i._printf_pre_padding                    0x08003c44   Section        0  printf6.o(i._printf_pre_padding)
    _printf_pre_padding                      0x08003c45   Thumb Code    46  printf6.o(i._printf_pre_padding)
    i._snputc                                0x08003c72   Section        0  printf6.o(i._snputc)
    _snputc                                  0x08003c73   Thumb Code    22  printf6.o(i._snputc)
    i.driver_timer_init                      0x08003c88   Section        0  driver_timer.o(i.driver_timer_init)
    i.fputc                                  0x08003d00   Section        0  usart.o(i.fputc)
    i.main                                   0x08003d18   Section        0  main.o(i.main)
    i.mdelay                                 0x080040b0   Section        0  driver_timer.o(i.mdelay)
    i.udelay                                 0x080040cc   Section        0  driver_timer.o(i.udelay)
    .constdata                               0x08004110   Section       16  system_stm32f4xx.o(.constdata)
    .constdata                               0x08004120   Section        8  system_stm32f4xx.o(.constdata)
    .constdata                               0x08004128   Section     5832  icon_duoyun_1.o(.constdata)
    gImage_icon_duoyun                       0x08004128   Data        5832  icon_duoyun_1.o(.constdata)
    .constdata                               0x080057f0   Section        8  icon_duoyun_1.o(.constdata)
    .constdata                               0x080057f8   Section     5832  icon_leizhenyu_1.o(.constdata)
    gImage_icon_leizhenyu                    0x080057f8   Data        5832  icon_leizhenyu_1.o(.constdata)
    .constdata                               0x08006ec0   Section        8  icon_leizhenyu_1.o(.constdata)
    .constdata                               0x08006ec8   Section     5832  icon_na_1.o(.constdata)
    gImage_icon_na                           0x08006ec8   Data        5832  icon_na_1.o(.constdata)
    .constdata                               0x08008590   Section        8  icon_na_1.o(.constdata)
    .constdata                               0x08008598   Section     5832  icon_qing_1.o(.constdata)
    gImage_icon_qing                         0x08008598   Data        5832  icon_qing_1.o(.constdata)
    .constdata                               0x08009c60   Section        8  icon_qing_1.o(.constdata)
    .constdata                               0x08009c68   Section     5832  icon_yintian_1.o(.constdata)
    gImage_icon_yintian                      0x08009c68   Data        5832  icon_yintian_1.o(.constdata)
    .constdata                               0x0800b330   Section        8  icon_yintian_1.o(.constdata)
    .constdata                               0x0800b338   Section     5832  icon_yueliang_1.o(.constdata)
    gImage_icon_yueliang                     0x0800b338   Data        5832  icon_yueliang_1.o(.constdata)
    .constdata                               0x0800ca00   Section        8  icon_yueliang_1.o(.constdata)
    .constdata                               0x0800ca08   Section     5832  icon_zhongxue_1.o(.constdata)
    gImage_icon_zhongxue                     0x0800ca08   Data        5832  icon_zhongxue_1.o(.constdata)
    .constdata                               0x0800e0d0   Section        8  icon_zhongxue_1.o(.constdata)
    .constdata                               0x0800e0d8   Section     5832  icon_zhongyu_1.o(.constdata)
    gImage_icon_zhongyu                      0x0800e0d8   Data        5832  icon_zhongyu_1.o(.constdata)
    .constdata                               0x0800f7a0   Section        8  icon_zhongyu_1.o(.constdata)
    .constdata                               0x0800f7a8   Section       60  font20_maple_bold.o(.constdata)
    <Data1>                                  0x0800f7a8   Data          60  font20_maple_bold.o(.constdata)
    .constdata                               0x0800f7e4   Section       60  font20_maple_bold.o(.constdata)
    <Data2>                                  0x0800f7e4   Data          60  font20_maple_bold.o(.constdata)
    .constdata                               0x0800f820   Section       60  font20_maple_bold.o(.constdata)
    <Data3>                                  0x0800f820   Data          60  font20_maple_bold.o(.constdata)
    .constdata                               0x0800f85c   Section       60  font20_maple_bold.o(.constdata)
    <Data4>                                  0x0800f85c   Data          60  font20_maple_bold.o(.constdata)
    .constdata                               0x0800f898   Section       60  font20_maple_bold.o(.constdata)
    <Data5>                                  0x0800f898   Data          60  font20_maple_bold.o(.constdata)
    .constdata                               0x0800f8d4   Section       60  font20_maple_bold.o(.constdata)
    <Data6>                                  0x0800f8d4   Data          60  font20_maple_bold.o(.constdata)
    .constdata                               0x0800f910   Section       60  font20_maple_bold.o(.constdata)
    <Data7>                                  0x0800f910   Data          60  font20_maple_bold.o(.constdata)
    .constdata                               0x0800f94c   Section       60  font20_maple_bold.o(.constdata)
    <Data8>                                  0x0800f94c   Data          60  font20_maple_bold.o(.constdata)
    .constdata                               0x0800f988   Section       60  font20_maple_bold.o(.constdata)
    <Data9>                                  0x0800f988   Data          60  font20_maple_bold.o(.constdata)
    .constdata                               0x0800f9c4   Section       60  font20_maple_bold.o(.constdata)
    <Data10>                                 0x0800f9c4   Data          60  font20_maple_bold.o(.constdata)
    .constdata                               0x0800fa00   Section       60  font20_maple_bold.o(.constdata)
    <Data11>                                 0x0800fa00   Data          60  font20_maple_bold.o(.constdata)
    .constdata                               0x0800fa3c   Section       60  font20_maple_bold.o(.constdata)
    <Data12>                                 0x0800fa3c   Data          60  font20_maple_bold.o(.constdata)
    .constdata                               0x0800fa78   Section       60  font20_maple_bold.o(.constdata)
    <Data13>                                 0x0800fa78   Data          60  font20_maple_bold.o(.constdata)
    .constdata                               0x0800fab4   Section       60  font20_maple_bold.o(.constdata)
    <Data14>                                 0x0800fab4   Data          60  font20_maple_bold.o(.constdata)
    .constdata                               0x0800faf0   Section       60  font20_maple_bold.o(.constdata)
    <Data15>                                 0x0800faf0   Data          60  font20_maple_bold.o(.constdata)
    .constdata                               0x0800fb2c   Section       60  font20_maple_bold.o(.constdata)
    <Data16>                                 0x0800fb2c   Data          60  font20_maple_bold.o(.constdata)
    .constdata                               0x0800fb68   Section       60  font20_maple_bold.o(.constdata)
    <Data17>                                 0x0800fb68   Data          60  font20_maple_bold.o(.constdata)
    .constdata                               0x0800fba4   Section       60  font20_maple_bold.o(.constdata)
    <Data18>                                 0x0800fba4   Data          60  font20_maple_bold.o(.constdata)
    .constdata                               0x0800fbe0   Section       60  font20_maple_bold.o(.constdata)
    <Data19>                                 0x0800fbe0   Data          60  font20_maple_bold.o(.constdata)
    .constdata                               0x0800fc1c   Section       60  font20_maple_bold.o(.constdata)
    <Data20>                                 0x0800fc1c   Data          60  font20_maple_bold.o(.constdata)
    .constdata                               0x0800fc58   Section       60  font20_maple_bold.o(.constdata)
    <Data21>                                 0x0800fc58   Data          60  font20_maple_bold.o(.constdata)
    .constdata                               0x0800fc94   Section       60  font20_maple_bold.o(.constdata)
    <Data22>                                 0x0800fc94   Data          60  font20_maple_bold.o(.constdata)
    .constdata                               0x0800fcd0   Section       60  font20_maple_bold.o(.constdata)
    <Data23>                                 0x0800fcd0   Data          60  font20_maple_bold.o(.constdata)
    .constdata                               0x0800fd0c   Section       60  font20_maple_bold.o(.constdata)
    <Data24>                                 0x0800fd0c   Data          60  font20_maple_bold.o(.constdata)
    .constdata                               0x0800fd48   Section     3800  font20_maple_bold.o(.constdata)
    ascii_model                              0x0800fd48   Data        3800  font20_maple_bold.o(.constdata)
    .constdata                               0x08010c20   Section      200  font20_maple_bold.o(.constdata)
    chinese_model                            0x08010c20   Data         200  font20_maple_bold.o(.constdata)
    .constdata                               0x08010ce8   Section       16  font20_maple_bold.o(.constdata)
    .constdata                               0x08010cf8   Section     3800  fonts.o(.constdata)
    Font7x10                                 0x08010cf8   Data        3800  fonts.o(.constdata)
    .constdata                               0x08011bd0   Section        4  fonts.o(.constdata)
    Font_custom                              0x08011bd0   Data           4  fonts.o(.constdata)
    .constdata                               0x08011bd4   Section        8  fonts.o(.constdata)
    .constdata                               0x08011bdc   Section        8  fonts.o(.constdata)
    .constdata                               0x08011be4   Section      672  st7735.o(.constdata)
    kDefaultAsciiMap                         0x08011be4   Data          96  st7735.o(.constdata)
    kUtf8ToGbkMap                            0x08011c44   Data         576  st7735.o(.constdata)
    .constdata                               0x08011e84   Section      129  ctype_o.o(.constdata)
    .constdata                               0x08011f08   Section        4  ctype_o.o(.constdata)
    table                                    0x08011f08   Data           4  ctype_o.o(.constdata)
    .conststring                             0x08011f0c   Section       91  font20_maple_bold.o(.conststring)
    .conststring                             0x08011f68   Section      195  st7735.o(.conststring)
    .conststring                             0x0801202c   Section      113  espat.o(.conststring)
    .data                                    0x20000000   Section       68  main.o(.data)
    .data                                    0x20000044   Section       12  stm32f4xx_hal.o(.data)
    .data                                    0x20000050   Section        4  system_stm32f4xx.o(.data)
    .data                                    0x20000054   Section        1  driver_timer.o(.data)
    s_timer_inited                           0x20000054   Data           1  driver_timer.o(.data)
    .data                                    0x20000058   Section       12  espat.o(.data)
    s_wifi_state                             0x20000058   Data           1  espat.o(.data)
    s_wifi_connected                         0x20000059   Data           1  espat.o(.data)
    s_rx_it_byte                             0x2000005a   Data           1  espat.o(.data)
    s_rx_head                                0x2000005c   Data           2  espat.o(.data)
    s_rx_tail                                0x2000005e   Data           2  espat.o(.data)
    s_esp_huart                              0x20000060   Data           4  espat.o(.data)
    .data                                    0x20000064   Section        4  stdout.o(.data)
    .data                                    0x20000068   Section        4  errno.o(.data)
    _errno                                   0x20000068   Data           4  errno.o(.data)
    .bss                                     0x2000006c   Section       84  i2c.o(.bss)
    .bss                                     0x200000c0   Section       88  spi.o(.bss)
    .bss                                     0x20000118   Section       72  tim.o(.bss)
    .bss                                     0x20000160   Section      144  usart.o(.bss)
    .bss                                     0x200001f0   Section       72  stm32f4xx_hal_timebase_tim.o(.bss)
    .bss                                     0x20000238   Section     2048  st7735.o(.bss)
    buff                                     0x20000238   Data         256  st7735.o(.bss)
    line                                     0x20000338   Data         256  st7735.o(.bss)
    line                                     0x20000438   Data         256  st7735.o(.bss)
    line                                     0x20000538   Data         256  st7735.o(.bss)
    line                                     0x20000638   Data         256  st7735.o(.bss)
    line                                     0x20000738   Data         256  st7735.o(.bss)
    line                                     0x20000838   Data         256  st7735.o(.bss)
    line                                     0x20000938   Data         256  st7735.o(.bss)
    .bss                                     0x20000a38   Section     2048  espat.o(.bss)
    s_rx_fifo                                0x20000a38   Data        2048  espat.o(.bss)
    STACK                                    0x20001238   Section     1024  startup_stm32f411xe.o(STACK)

    Global Symbols

    Symbol Name                              Value     Ov Type        Size  Object(Section)

    BuildAttributes$$THM_ISAv4$E$P$D$K$B$S$7EM$VFPi3$EXTD16$VFPS$VFMA$PE$A:L22UL41UL21$X:L11$S22US41US21$IEEE1$IW$USESV6$~STKCKD$USESV7$~SHL$OSPACE$ROPI$EBA8$MICROLIB$REQ8$PRES8$EABIv2 0x00000000   Number         0  anon$$obj.o ABSOLUTE
    __ARM_use_no_argv                        0x00000000   Number         0  main.o ABSOLUTE
    _printf_a                                0x00000000   Number         0  stubs.o ABSOLUTE
    _printf_c                                0x00000000   Number         0  stubs.o ABSOLUTE
    _printf_charcount                        0x00000000   Number         0  stubs.o ABSOLUTE
    _printf_d                                0x00000000   Number         0  stubs.o ABSOLUTE
    _printf_e                                0x00000000   Number         0  stubs.o ABSOLUTE
    _printf_f                                0x00000000   Number         0  stubs.o ABSOLUTE
    _printf_flags                            0x00000000   Number         0  stubs.o ABSOLUTE
    _printf_fp_dec                           0x00000000   Number         0  stubs.o ABSOLUTE
    _printf_fp_hex                           0x00000000   Number         0  stubs.o ABSOLUTE
    _printf_g                                0x00000000   Number         0  stubs.o ABSOLUTE
    _printf_i                                0x00000000   Number         0  stubs.o ABSOLUTE
    _printf_int_dec                          0x00000000   Number         0  stubs.o ABSOLUTE
    _printf_l                                0x00000000   Number         0  stubs.o ABSOLUTE
    _printf_lc                               0x00000000   Number         0  stubs.o ABSOLUTE
    _printf_ll                               0x00000000   Number         0  stubs.o ABSOLUTE
    _printf_lld                              0x00000000   Number         0  stubs.o ABSOLUTE
    _printf_lli                              0x00000000   Number         0  stubs.o ABSOLUTE
    _printf_llo                              0x00000000   Number         0  stubs.o ABSOLUTE
    _printf_llu                              0x00000000   Number         0  stubs.o ABSOLUTE
    _printf_llx                              0x00000000   Number         0  stubs.o ABSOLUTE
    _printf_longlong_dec                     0x00000000   Number         0  stubs.o ABSOLUTE
    _printf_longlong_hex                     0x00000000   Number         0  stubs.o ABSOLUTE
    _printf_longlong_oct                     0x00000000   Number         0  stubs.o ABSOLUTE
    _printf_ls                               0x00000000   Number         0  stubs.o ABSOLUTE
    _printf_mbtowc                           0x00000000   Number         0  stubs.o ABSOLUTE
    _printf_n                                0x00000000   Number         0  stubs.o ABSOLUTE
    _printf_o                                0x00000000   Number         0  stubs.o ABSOLUTE
    _printf_p                                0x00000000   Number         0  stubs.o ABSOLUTE
    _printf_percent                          0x00000000   Number         0  stubs.o ABSOLUTE
    _printf_pre_padding                      0x00000000   Number         0  stubs.o ABSOLUTE
    _printf_return_value                     0x00000000   Number         0  stubs.o ABSOLUTE
    _printf_s                                0x00000000   Number         0  stubs.o ABSOLUTE
    _printf_sizespec                         0x00000000   Number         0  stubs.o ABSOLUTE
    _printf_str                              0x00000000   Number         0  stubs.o ABSOLUTE
    _printf_truncate_signed                  0x00000000   Number         0  stubs.o ABSOLUTE
    _printf_truncate_unsigned                0x00000000   Number         0  stubs.o ABSOLUTE
    _printf_u                                0x00000000   Number         0  stubs.o ABSOLUTE
    _printf_wc                               0x00000000   Number         0  stubs.o ABSOLUTE
    _printf_wctomb                           0x00000000   Number         0  stubs.o ABSOLUTE
    _printf_widthprec                        0x00000000   Number         0  stubs.o ABSOLUTE
    _printf_x                                0x00000000   Number         0  stubs.o ABSOLUTE
    __cpp_initialize__aeabi_                  - Undefined Weak Reference
    __cxa_finalize                            - Undefined Weak Reference
    __decompress                              - Undefined Weak Reference
    _clock_init                               - Undefined Weak Reference
    _microlib_exit                            - Undefined Weak Reference
    __Vectors_Size                           0x00000198   Number         0  startup_stm32f411xe.o ABSOLUTE
    __Vectors                                0x08000000   Data           4  startup_stm32f411xe.o(RESET)
    __Vectors_End                            0x08000198   Data           0  startup_stm32f411xe.o(RESET)
    __main                                   0x08000199   Thumb Code     0  entry.o(.ARM.Collect$$$$00000000)
    _main_stk                                0x08000199   Thumb Code     0  entry2.o(.ARM.Collect$$$$00000001)
    _main_scatterload                        0x0800019d   Thumb Code     0  entry5.o(.ARM.Collect$$$$00000004)
    __main_after_scatterload                 0x080001a1   Thumb Code     0  entry5.o(.ARM.Collect$$$$00000004)
    _main_clock                              0x080001a1   Thumb Code     0  entry7b.o(.ARM.Collect$$$$00000008)
    _main_cpp_init                           0x080001a1   Thumb Code     0  entry8b.o(.ARM.Collect$$$$0000000A)
    _main_init                               0x080001a1   Thumb Code     0  entry9a.o(.ARM.Collect$$$$0000000B)
    __rt_final_cpp                           0x080001a9   Thumb Code     0  entry10a.o(.ARM.Collect$$$$0000000D)
    __rt_final_exit                          0x080001a9   Thumb Code     0  entry11a.o(.ARM.Collect$$$$0000000F)
    Reset_Handler                            0x080001ad   Thumb Code     8  startup_stm32f411xe.o(.text)
    ADC_IRQHandler                           0x080001c7   Thumb Code     0  startup_stm32f411xe.o(.text)
    DMA1_Stream0_IRQHandler                  0x080001c7   Thumb Code     0  startup_stm32f411xe.o(.text)
    DMA1_Stream1_IRQHandler                  0x080001c7   Thumb Code     0  startup_stm32f411xe.o(.text)
    DMA1_Stream2_IRQHandler                  0x080001c7   Thumb Code     0  startup_stm32f411xe.o(.text)
    DMA1_Stream3_IRQHandler                  0x080001c7   Thumb Code     0  startup_stm32f411xe.o(.text)
    DMA1_Stream4_IRQHandler                  0x080001c7   Thumb Code     0  startup_stm32f411xe.o(.text)
    DMA1_Stream5_IRQHandler                  0x080001c7   Thumb Code     0  startup_stm32f411xe.o(.text)
    DMA1_Stream6_IRQHandler                  0x080001c7   Thumb Code     0  startup_stm32f411xe.o(.text)
    DMA1_Stream7_IRQHandler                  0x080001c7   Thumb Code     0  startup_stm32f411xe.o(.text)
    DMA2_Stream0_IRQHandler                  0x080001c7   Thumb Code     0  startup_stm32f411xe.o(.text)
    DMA2_Stream1_IRQHandler                  0x080001c7   Thumb Code     0  startup_stm32f411xe.o(.text)
    DMA2_Stream2_IRQHandler                  0x080001c7   Thumb Code     0  startup_stm32f411xe.o(.text)
    DMA2_Stream3_IRQHandler                  0x080001c7   Thumb Code     0  startup_stm32f411xe.o(.text)
    DMA2_Stream4_IRQHandler                  0x080001c7   Thumb Code     0  startup_stm32f411xe.o(.text)
    DMA2_Stream5_IRQHandler                  0x080001c7   Thumb Code     0  startup_stm32f411xe.o(.text)
    DMA2_Stream6_IRQHandler                  0x080001c7   Thumb Code     0  startup_stm32f411xe.o(.text)
    DMA2_Stream7_IRQHandler                  0x080001c7   Thumb Code     0  startup_stm32f411xe.o(.text)
    EXTI0_IRQHandler                         0x080001c7   Thumb Code     0  startup_stm32f411xe.o(.text)
    EXTI15_10_IRQHandler                     0x080001c7   Thumb Code     0  startup_stm32f411xe.o(.text)
    EXTI1_IRQHandler                         0x080001c7   Thumb Code     0  startup_stm32f411xe.o(.text)
    EXTI2_IRQHandler                         0x080001c7   Thumb Code     0  startup_stm32f411xe.o(.text)
    EXTI3_IRQHandler                         0x080001c7   Thumb Code     0  startup_stm32f411xe.o(.text)
    EXTI4_IRQHandler                         0x080001c7   Thumb Code     0  startup_stm32f411xe.o(.text)
    EXTI9_5_IRQHandler                       0x080001c7   Thumb Code     0  startup_stm32f411xe.o(.text)
    FLASH_IRQHandler                         0x080001c7   Thumb Code     0  startup_stm32f411xe.o(.text)
    FPU_IRQHandler                           0x080001c7   Thumb Code     0  startup_stm32f411xe.o(.text)
    I2C1_ER_IRQHandler                       0x080001c7   Thumb Code     0  startup_stm32f411xe.o(.text)
    I2C1_EV_IRQHandler                       0x080001c7   Thumb Code     0  startup_stm32f411xe.o(.text)
    I2C2_ER_IRQHandler                       0x080001c7   Thumb Code     0  startup_stm32f411xe.o(.text)
    I2C2_EV_IRQHandler                       0x080001c7   Thumb Code     0  startup_stm32f411xe.o(.text)
    I2C3_ER_IRQHandler                       0x080001c7   Thumb Code     0  startup_stm32f411xe.o(.text)
    I2C3_EV_IRQHandler                       0x080001c7   Thumb Code     0  startup_stm32f411xe.o(.text)
    OTG_FS_IRQHandler                        0x080001c7   Thumb Code     0  startup_stm32f411xe.o(.text)
    OTG_FS_WKUP_IRQHandler                   0x080001c7   Thumb Code     0  startup_stm32f411xe.o(.text)
    PVD_IRQHandler                           0x080001c7   Thumb Code     0  startup_stm32f411xe.o(.text)
    RCC_IRQHandler                           0x080001c7   Thumb Code     0  startup_stm32f411xe.o(.text)
    RTC_Alarm_IRQHandler                     0x080001c7   Thumb Code     0  startup_stm32f411xe.o(.text)
    RTC_WKUP_IRQHandler                      0x080001c7   Thumb Code     0  startup_stm32f411xe.o(.text)
    SDIO_IRQHandler                          0x080001c7   Thumb Code     0  startup_stm32f411xe.o(.text)
    SPI1_IRQHandler                          0x080001c7   Thumb Code     0  startup_stm32f411xe.o(.text)
    SPI2_IRQHandler                          0x080001c7   Thumb Code     0  startup_stm32f411xe.o(.text)
    SPI3_IRQHandler                          0x080001c7   Thumb Code     0  startup_stm32f411xe.o(.text)
    SPI4_IRQHandler                          0x080001c7   Thumb Code     0  startup_stm32f411xe.o(.text)
    SPI5_IRQHandler                          0x080001c7   Thumb Code     0  startup_stm32f411xe.o(.text)
    TAMP_STAMP_IRQHandler                    0x080001c7   Thumb Code     0  startup_stm32f411xe.o(.text)
    TIM1_BRK_TIM9_IRQHandler                 0x080001c7   Thumb Code     0  startup_stm32f411xe.o(.text)
    TIM1_CC_IRQHandler                       0x080001c7   Thumb Code     0  startup_stm32f411xe.o(.text)
    TIM1_TRG_COM_TIM11_IRQHandler            0x080001c7   Thumb Code     0  startup_stm32f411xe.o(.text)
    TIM2_IRQHandler                          0x080001c7   Thumb Code     0  startup_stm32f411xe.o(.text)
    TIM3_IRQHandler                          0x080001c7   Thumb Code     0  startup_stm32f411xe.o(.text)
    TIM4_IRQHandler                          0x080001c7   Thumb Code     0  startup_stm32f411xe.o(.text)
    TIM5_IRQHandler                          0x080001c7   Thumb Code     0  startup_stm32f411xe.o(.text)
    USART1_IRQHandler                        0x080001c7   Thumb Code     0  startup_stm32f411xe.o(.text)
    USART6_IRQHandler                        0x080001c7   Thumb Code     0  startup_stm32f411xe.o(.text)
    WWDG_IRQHandler                          0x080001c7   Thumb Code     0  startup_stm32f411xe.o(.text)
    __aeabi_uldivmod                         0x080001d1   Thumb Code    98  uldiv.o(.text)
    ___aeabi_memcpy4$move                    0x08000233   Thumb Code     0  memmovea.o(.text)
    ___aeabi_memcpy8$move                    0x08000233   Thumb Code     0  memmovea.o(.text)
    __aeabi_memcpy                           0x08000233   Thumb Code    64  memmovea.o(.text)
    __aeabi_memmove                          0x08000233   Thumb Code     0  memmovea.o(.text)
    __aeabi_memmove4                         0x08000233   Thumb Code     0  memmovea.o(.text)
    __aeabi_memmove8                         0x08000233   Thumb Code     0  memmovea.o(.text)
    __aeabi_memset                           0x08000273   Thumb Code    14  memseta.o(.text)
    __aeabi_memset4                          0x08000273   Thumb Code     0  memseta.o(.text)
    __aeabi_memset8                          0x08000273   Thumb Code     0  memseta.o(.text)
    __aeabi_memclr                           0x08000281   Thumb Code     4  memseta.o(.text)
    __aeabi_memclr4                          0x08000281   Thumb Code     0  memseta.o(.text)
    __aeabi_memclr8                          0x08000281   Thumb Code     0  memseta.o(.text)
    _memset$wrapper                          0x08000285   Thumb Code    18  memseta.o(.text)
    strstr                                   0x08000297   Thumb Code    36  strstr.o(.text)
    strchr                                   0x080002bb   Thumb Code    20  strchr.o(.text)
    strlen                                   0x080002cf   Thumb Code    14  strlen.o(.text)
    memcmp                                   0x080002dd   Thumb Code    26  memcmp.o(.text)
    atoi                                     0x080002f7   Thumb Code    26  atoi.o(.text)
    __aeabi_uidiv                            0x08000311   Thumb Code     0  uidiv.o(.text)
    __aeabi_uidivmod                         0x08000311   Thumb Code    44  uidiv.o(.text)
    __aeabi_llsl                             0x0800033d   Thumb Code    30  llshl.o(.text)
    _ll_shift_l                              0x0800033d   Thumb Code     0  llshl.o(.text)
    __aeabi_llsr                             0x0800035b   Thumb Code    32  llushr.o(.text)
    _ll_ushift_r                             0x0800035b   Thumb Code     0  llushr.o(.text)
    strtol                                   0x0800037b   Thumb Code   112  strtol.o(.text)
    __scatterload                            0x080003ed   Thumb Code    28  init.o(.text)
    __scatterload_rt2                        0x080003ed   Thumb Code     0  init.o(.text)
    __rt_ctype_table                         0x08000411   Thumb Code     4  ctype_o.o(.text)
    _strtoul                                 0x08000419   Thumb Code   158  _strtoul.o(.text)
    _chval                                   0x080004b7   Thumb Code    28  _chval.o(.text)
    BusFault_Handler                         0x080004d3   Thumb Code     2  stm32f4xx_it.o(i.BusFault_Handler)
    DHT11_Init                               0x080004d5   Thumb Code    16  driver_dht11.o(i.DHT11_Init)
    DHT11_Read                               0x08000511   Thumb Code   188  driver_dht11.o(i.DHT11_Read)
    DebugMon_Handler                         0x08000633   Thumb Code     2  stm32f4xx_it.o(i.DebugMon_Handler)
    ESPAT_ConnectWiFi                        0x08000635   Thumb Code   188  espat.o(i.ESPAT_ConnectWiFi)
    ESPAT_GetWeatherNowEx                    0x080007d5   Thumb Code   254  espat.o(i.ESPAT_GetWeatherNowEx)
    ESPAT_Init                               0x08000991   Thumb Code    40  espat.o(i.ESPAT_Init)
    ESPAT_SendCmdWait                        0x08000ce5   Thumb Code   214  espat.o(i.ESPAT_SendCmdWait)
    ESPAT_UART_RxCpltCallback                0x08000dd1   Thumb Code    70  espat.o(i.ESPAT_UART_RxCpltCallback)
    Error_Handler                            0x08000e21   Thumb Code     4  main.o(i.Error_Handler)
    GetWeatherIconByCode                     0x08000e25   Thumb Code   110  espat.o(i.GetWeatherIconByCode)
    HAL_DMA_Abort                            0x08000eb5   Thumb Code   146  stm32f4xx_hal_dma.o(i.HAL_DMA_Abort)
    HAL_DMA_Abort_IT                         0x08000f47   Thumb Code    36  stm32f4xx_hal_dma.o(i.HAL_DMA_Abort_IT)
    HAL_Delay                                0x08000f6d   Thumb Code    32  stm32f4xx_hal.o(i.HAL_Delay)
    HAL_GPIO_Init                            0x08000f91   Thumb Code   446  stm32f4xx_hal_gpio.o(i.HAL_GPIO_Init)
    HAL_GPIO_ReadPin                         0x08001171   Thumb Code    10  stm32f4xx_hal_gpio.o(i.HAL_GPIO_ReadPin)
    HAL_GPIO_WritePin                        0x0800117b   Thumb Code    10  stm32f4xx_hal_gpio.o(i.HAL_GPIO_WritePin)
    HAL_GetTick                              0x08001185   Thumb Code     6  stm32f4xx_hal.o(i.HAL_GetTick)
    HAL_I2C_Init                             0x08001191   Thumb Code   376  stm32f4xx_hal_i2c.o(i.HAL_I2C_Init)
    HAL_I2C_MspInit                          0x08001319   Thumb Code    92  i2c.o(i.HAL_I2C_MspInit)
    HAL_IncTick                              0x08001381   Thumb Code    12  stm32f4xx_hal.o(i.HAL_IncTick)
    HAL_Init                                 0x08001391   Thumb Code    48  stm32f4xx_hal.o(i.HAL_Init)
    HAL_InitTick                             0x080013c5   Thumb Code   118  stm32f4xx_hal_timebase_tim.o(i.HAL_InitTick)
    HAL_MspInit                              0x08001451   Thumb Code    42  stm32f4xx_hal_msp.o(i.HAL_MspInit)
    HAL_NVIC_EnableIRQ                       0x08001481   Thumb Code    26  stm32f4xx_hal_cortex.o(i.HAL_NVIC_EnableIRQ)
    HAL_NVIC_SetPriority                     0x0800149d   Thumb Code    60  stm32f4xx_hal_cortex.o(i.HAL_NVIC_SetPriority)
    HAL_NVIC_SetPriorityGrouping             0x080014dd   Thumb Code    26  stm32f4xx_hal_cortex.o(i.HAL_NVIC_SetPriorityGrouping)
    HAL_RCC_ClockConfig                      0x08001501   Thumb Code   288  stm32f4xx_hal_rcc.o(i.HAL_RCC_ClockConfig)
    HAL_RCC_GetClockConfig                   0x08001635   Thumb Code    54  stm32f4xx_hal_rcc.o(i.HAL_RCC_GetClockConfig)
    HAL_RCC_GetPCLK1Freq                     0x08001675   Thumb Code    20  stm32f4xx_hal_rcc.o(i.HAL_RCC_GetPCLK1Freq)
    HAL_RCC_GetPCLK2Freq                     0x08001695   Thumb Code    20  stm32f4xx_hal_rcc.o(i.HAL_RCC_GetPCLK2Freq)
    HAL_RCC_GetSysClockFreq                  0x080016b5   Thumb Code    88  stm32f4xx_hal_rcc.o(i.HAL_RCC_GetSysClockFreq)
    HAL_RCC_OscConfig                        0x08001719   Thumb Code   856  stm32f4xx_hal_rcc.o(i.HAL_RCC_OscConfig)
    HAL_SPI_Init                             0x08001a85   Thumb Code   188  stm32f4xx_hal_spi.o(i.HAL_SPI_Init)
    HAL_SPI_MspInit                          0x08001b41   Thumb Code    92  spi.o(i.HAL_SPI_MspInit)
    HAL_SPI_Transmit                         0x08001ba9   Thumb Code   358  stm32f4xx_hal_spi.o(i.HAL_SPI_Transmit)
    HAL_TIMEx_BreakCallback                  0x08001d0f   Thumb Code     2  stm32f4xx_hal_tim_ex.o(i.HAL_TIMEx_BreakCallback)
    HAL_TIMEx_CommutCallback                 0x08001d11   Thumb Code     2  stm32f4xx_hal_tim_ex.o(i.HAL_TIMEx_CommutCallback)
    HAL_TIMEx_MasterConfigSynchronization    0x08001d15   Thumb Code   104  stm32f4xx_hal_tim_ex.o(i.HAL_TIMEx_MasterConfigSynchronization)
    HAL_TIM_Base_Init                        0x08001d91   Thumb Code    90  stm32f4xx_hal_tim.o(i.HAL_TIM_Base_Init)
    HAL_TIM_Base_MspInit                     0x08001ded   Thumb Code    30  tim.o(i.HAL_TIM_Base_MspInit)
    HAL_TIM_Base_Start                       0x08001e15   Thumb Code    78  stm32f4xx_hal_tim.o(i.HAL_TIM_Base_Start)
    HAL_TIM_Base_Start_IT                    0x08001e79   Thumb Code    88  stm32f4xx_hal_tim.o(i.HAL_TIM_Base_Start_IT)
    HAL_TIM_ConfigClockSource                0x08001ee5   Thumb Code   220  stm32f4xx_hal_tim.o(i.HAL_TIM_ConfigClockSource)
    HAL_TIM_IC_CaptureCallback               0x08001fc1   Thumb Code     2  stm32f4xx_hal_tim.o(i.HAL_TIM_IC_CaptureCallback)
    HAL_TIM_IRQHandler                       0x08001fc3   Thumb Code   304  stm32f4xx_hal_tim.o(i.HAL_TIM_IRQHandler)
    HAL_TIM_OC_DelayElapsedCallback          0x080020f3   Thumb Code     2  stm32f4xx_hal_tim.o(i.HAL_TIM_OC_DelayElapsedCallback)
    HAL_TIM_PWM_PulseFinishedCallback        0x080020f5   Thumb Code     2  stm32f4xx_hal_tim.o(i.HAL_TIM_PWM_PulseFinishedCallback)
    HAL_TIM_PeriodElapsedCallback            0x080020f9   Thumb Code    14  main.o(i.HAL_TIM_PeriodElapsedCallback)
    HAL_TIM_TriggerCallback                  0x0800210d   Thumb Code     2  stm32f4xx_hal_tim.o(i.HAL_TIM_TriggerCallback)
    HAL_UARTEx_RxEventCallback               0x0800210f   Thumb Code     2  stm32f4xx_hal_uart.o(i.HAL_UARTEx_RxEventCallback)
    HAL_UART_ErrorCallback                   0x08002111   Thumb Code     2  stm32f4xx_hal_uart.o(i.HAL_UART_ErrorCallback)
    HAL_UART_IRQHandler                      0x08002115   Thumb Code   636  stm32f4xx_hal_uart.o(i.HAL_UART_IRQHandler)
    HAL_UART_Init                            0x08002395   Thumb Code   100  stm32f4xx_hal_uart.o(i.HAL_UART_Init)
    HAL_UART_MspInit                         0x080023f9   Thumb Code   170  usart.o(i.HAL_UART_MspInit)
    HAL_UART_Receive_IT                      0x080024b5   Thumb Code    28  stm32f4xx_hal_uart.o(i.HAL_UART_Receive_IT)
    HAL_UART_RxCpltCallback                  0x080024d1   Thumb Code     4  main.o(i.HAL_UART_RxCpltCallback)
    HAL_UART_Transmit                        0x080024d5   Thumb Code   160  stm32f4xx_hal_uart.o(i.HAL_UART_Transmit)
    HAL_UART_TxCpltCallback                  0x08002575   Thumb Code     2  stm32f4xx_hal_uart.o(i.HAL_UART_TxCpltCallback)
    HardFault_Handler                        0x08002577   Thumb Code     2  stm32f4xx_it.o(i.HardFault_Handler)
    MX_GPIO_Init                             0x08002579   Thumb Code   138  gpio.o(i.MX_GPIO_Init)
    MX_I2C1_Init                             0x0800260d   Thumb Code    50  i2c.o(i.MX_I2C1_Init)
    MX_SPI1_Init                             0x0800264d   Thumb Code    60  spi.o(i.MX_SPI1_Init)
    MX_TIM4_Init                             0x08002691   Thumb Code    92  tim.o(i.MX_TIM4_Init)
    MX_USART1_UART_Init                      0x080026f5   Thumb Code    48  usart.o(i.MX_USART1_UART_Init)
    MX_USART2_UART_Init                      0x0800272d   Thumb Code    48  usart.o(i.MX_USART2_UART_Init)
    MemManage_Handler                        0x08002765   Thumb Code     2  stm32f4xx_it.o(i.MemManage_Handler)
    NMI_Handler                              0x08002767   Thumb Code     2  stm32f4xx_it.o(i.NMI_Handler)
    PendSV_Handler                           0x08002769   Thumb Code     2  stm32f4xx_it.o(i.PendSV_Handler)
    ST7735_DrawImageLESize                   0x08002c39   Thumb Code   250  st7735.o(i.ST7735_DrawImageLESize)
    ST7735_DrawRectangle                     0x08002d39   Thumb Code    92  st7735.o(i.ST7735_DrawRectangle)
    ST7735_DrawStringMapleSize               0x08002f21   Thumb Code    18  st7735.o(i.ST7735_DrawStringMapleSize)
    ST7735_DrawStringSize                    0x08002f33   Thumb Code   150  st7735.o(i.ST7735_DrawStringSize)
    ST7735_FillScreen                        0x08002fc9   Thumb Code    18  st7735.o(i.ST7735_FillScreen)
    ST7735_Init                              0x08002fdb   Thumb Code   544  st7735.o(i.ST7735_Init)
    ST7735_Reset                             0x080031fd   Thumb Code    44  st7735.o(i.ST7735_Reset)
    ST7735_SetAddressWindow                  0x0800322d   Thumb Code    60  st7735.o(i.ST7735_SetAddressWindow)
    ST7735_SetRotation                       0x08003269   Thumb Code    46  st7735.o(i.ST7735_SetRotation)
    ST7735_WriteByte                         0x08003299   Thumb Code    54  st7735.o(i.ST7735_WriteByte)
    ST7735_WriteCommand                      0x080032d9   Thumb Code    56  st7735.o(i.ST7735_WriteCommand)
    ST7735_WriteData                         0x08003319   Thumb Code    62  st7735.o(i.ST7735_WriteData)
    SVC_Handler                              0x08003361   Thumb Code     2  stm32f4xx_it.o(i.SVC_Handler)
    SysTick_Handler                          0x08003363   Thumb Code     2  stm32f4xx_it.o(i.SysTick_Handler)
    SystemClock_Config                       0x08003365   Thumb Code   136  main.o(i.SystemClock_Config)
    SystemInit                               0x080033f5   Thumb Code    12  system_stm32f4xx.o(i.SystemInit)
    TIM1_UP_TIM10_IRQHandler                 0x08003405   Thumb Code     6  stm32f4xx_it.o(i.TIM1_UP_TIM10_IRQHandler)
    TIM_Base_SetConfig                       0x08003411   Thumb Code   130  stm32f4xx_hal_tim.o(i.TIM_Base_SetConfig)
    TIM_ETR_SetConfig                        0x080034b1   Thumb Code    20  stm32f4xx_hal_tim.o(i.TIM_ETR_SetConfig)
    UART_Start_Receive_IT                    0x08003745   Thumb Code    54  stm32f4xx_hal_uart.o(i.UART_Start_Receive_IT)
    UI_DrawLayout                            0x080037ed   Thumb Code    72  st7735.o(i.UI_DrawLayout)
    UI_FormatTimeHM                          0x08003835   Thumb Code    74  espat.o(i.UI_FormatTimeHM)
    USART2_IRQHandler                        0x08003889   Thumb Code     6  stm32f4xx_it.o(i.USART2_IRQHandler)
    UsageFault_Handler                       0x08003895   Thumb Code     2  stm32f4xx_it.o(i.UsageFault_Handler)
    __0printf$6                              0x08003899   Thumb Code    22  printf6.o(i.__0printf$6)
    __1printf$6                              0x08003899   Thumb Code     0  printf6.o(i.__0printf$6)
    __2printf                                0x08003899   Thumb Code     0  printf6.o(i.__0printf$6)
    __0snprintf$6                            0x080038b9   Thumb Code    44  printf6.o(i.__0snprintf$6)
    __1snprintf$6                            0x080038b9   Thumb Code     0  printf6.o(i.__0snprintf$6)
    __2snprintf                              0x080038b9   Thumb Code     0  printf6.o(i.__0snprintf$6)
    __aeabi_errno_addr                       0x08003909   Thumb Code     4  errno.o(i.__aeabi_errno_addr)
    __rt_errno_addr                          0x08003909   Thumb Code     0  errno.o(i.__aeabi_errno_addr)
    __scatterload_copy                       0x08003911   Thumb Code    14  handlers.o(i.__scatterload_copy)
    __scatterload_null                       0x0800391f   Thumb Code     2  handlers.o(i.__scatterload_null)
    __scatterload_zeroinit                   0x08003921   Thumb Code    14  handlers.o(i.__scatterload_zeroinit)
    driver_timer_init                        0x08003c89   Thumb Code   102  driver_timer.o(i.driver_timer_init)
    fputc                                    0x08003d01   Thumb Code    20  usart.o(i.fputc)
    main                                     0x08003d19   Thumb Code   686  main.o(i.main)
    mdelay                                   0x080040b1   Thumb Code    28  driver_timer.o(i.mdelay)
    udelay                                   0x080040cd   Thumb Code    64  driver_timer.o(i.udelay)
    AHBPrescTable                            0x08004110   Data          16  system_stm32f4xx.o(.constdata)
    APBPrescTable                            0x08004120   Data           8  system_stm32f4xx.o(.constdata)
    icon_duoyun                              0x080057f0   Data           8  icon_duoyun_1.o(.constdata)
    icon_leizhenyu                           0x08006ec0   Data           8  icon_leizhenyu_1.o(.constdata)
    icon_na                                  0x08008590   Data           8  icon_na_1.o(.constdata)
    icon_qing                                0x08009c60   Data           8  icon_qing_1.o(.constdata)
    icon_yintian                             0x0800b330   Data           8  icon_yintian_1.o(.constdata)
    icon_yueliang                            0x0800ca00   Data           8  icon_yueliang_1.o(.constdata)
    icon_zhongxue                            0x0800e0d0   Data           8  icon_zhongxue_1.o(.constdata)
    icon_zhongyu                             0x0800f7a0   Data           8  icon_zhongyu_1.o(.constdata)
    font20_maple_bold                        0x08010ce8   Data          16  font20_maple_bold.o(.constdata)
    Font_7x10                                0x08011bd4   Data           8  fonts.o(.constdata)
    Font_Custom                              0x08011bdc   Data           8  fonts.o(.constdata)
    __ctype_table                            0x08011e84   Data         129  ctype_o.o(.constdata)
    Region$$Table$$Base                      0x080120a0   Number         0  anon$$obj.o(Region$$Table)
    Region$$Table$$Limit                     0x080120c0   Number         0  anon$$obj.o(Region$$Table)
    weather_temp                             0x20000000   Data           4  main.o(.data)
    weather_code                             0x20000004   Data           4  main.o(.data)
    weather_tick                             0x20000008   Data           4  main.o(.data)
    hum                                      0x2000000c   Data           4  main.o(.data)
    temp                                     0x20000010   Data           4  main.o(.data)
    weather_text                             0x20000014   Data          16  main.o(.data)
    weather_city                             0x20000024   Data          16  main.o(.data)
    weather_time                             0x20000034   Data          16  main.o(.data)
    uwTickFreq                               0x20000044   Data           1  stm32f4xx_hal.o(.data)
    uwTickPrio                               0x20000048   Data           4  stm32f4xx_hal.o(.data)
    uwTick                                   0x2000004c   Data           4  stm32f4xx_hal.o(.data)
    SystemCoreClock                          0x20000050   Data           4  system_stm32f4xx.o(.data)
    __stdout                                 0x20000064   Data           4  stdout.o(.data)
    hi2c1                                    0x2000006c   Data          84  i2c.o(.bss)
    hspi1                                    0x200000c0   Data          88  spi.o(.bss)
    htim4                                    0x20000118   Data          72  tim.o(.bss)
    huart1                                   0x20000160   Data          72  usart.o(.bss)
    huart2                                   0x200001a8   Data          72  usart.o(.bss)
    htim10                                   0x200001f0   Data          72  stm32f4xx_hal_timebase_tim.o(.bss)
    __initial_sp                             0x20001638   Data           0  startup_stm32f411xe.o(STACK)



==============================================================================

Memory Map of the image

  Image Entry point : 0x08000199

  Load Region LR_IROM1 (Base: 0x08000000, Size: 0x0001212c, Max: 0x00080000, ABSOLUTE)

    Execution Region ER_IROM1 (Exec base: 0x08000000, Load base: 0x08000000, Size: 0x000120c0, Max: 0x00080000, ABSOLUTE)

    Exec Addr    Load Addr    Size         Type   Attr      Idx    E Section Name        Object

    0x08000000   0x08000000   0x00000198   Data   RO            3    RESET               startup_stm32f411xe.o
    0x08000198   0x08000198   0x00000000   Code   RO         4787  * .ARM.Collect$$$$00000000  mc_w.l(entry.o)
    0x08000198   0x08000198   0x00000004   Code   RO         5073    .ARM.Collect$$$$00000001  mc_w.l(entry2.o)
    0x0800019c   0x0800019c   0x00000004   Code   RO         5076    .ARM.Collect$$$$00000004  mc_w.l(entry5.o)
    0x080001a0   0x080001a0   0x00000000   Code   RO         5078    .ARM.Collect$$$$00000008  mc_w.l(entry7b.o)
    0x080001a0   0x080001a0   0x00000000   Code   RO         5080    .ARM.Collect$$$$0000000A  mc_w.l(entry8b.o)
    0x080001a0   0x080001a0   0x00000008   Code   RO         5081    .ARM.Collect$$$$0000000B  mc_w.l(entry9a.o)
    0x080001a8   0x080001a8   0x00000000   Code   RO         5083    .ARM.Collect$$$$0000000D  mc_w.l(entry10a.o)
    0x080001a8   0x080001a8   0x00000000   Code   RO         5085    .ARM.Collect$$$$0000000F  mc_w.l(entry11a.o)
    0x080001a8   0x080001a8   0x00000004   Code   RO         5074    .ARM.Collect$$$$00002712  mc_w.l(entry2.o)
    0x080001ac   0x080001ac   0x00000024   Code   RO            4    .text               startup_stm32f411xe.o
    0x080001d0   0x080001d0   0x00000062   Code   RO         4790    .text               mc_w.l(uldiv.o)
    0x08000232   0x08000232   0x00000040   Code   RO         4794    .text               mc_w.l(memmovea.o)
    0x08000272   0x08000272   0x00000024   Code   RO         4796    .text               mc_w.l(memseta.o)
    0x08000296   0x08000296   0x00000024   Code   RO         4798    .text               mc_w.l(strstr.o)
    0x080002ba   0x080002ba   0x00000014   Code   RO         4800    .text               mc_w.l(strchr.o)
    0x080002ce   0x080002ce   0x0000000e   Code   RO         4802    .text               mc_w.l(strlen.o)
    0x080002dc   0x080002dc   0x0000001a   Code   RO         4804    .text               mc_w.l(memcmp.o)
    0x080002f6   0x080002f6   0x0000001a   Code   RO         5071    .text               mc_w.l(atoi.o)
    0x08000310   0x08000310   0x0000002c   Code   RO         5088    .text               mc_w.l(uidiv.o)
    0x0800033c   0x0800033c   0x0000001e   Code   RO         5090    .text               mc_w.l(llshl.o)
    0x0800035a   0x0800035a   0x00000020   Code   RO         5092    .text               mc_w.l(llushr.o)
    0x0800037a   0x0800037a   0x00000070   Code   RO         5101    .text               mc_w.l(strtol.o)
    0x080003ea   0x080003ea   0x00000002   PAD
    0x080003ec   0x080003ec   0x00000024   Code   RO         5114    .text               mc_w.l(init.o)
    0x08000410   0x08000410   0x00000008   Code   RO         5118    .text               mc_w.l(ctype_o.o)
    0x08000418   0x08000418   0x0000009e   Code   RO         5146    .text               mc_w.l(_strtoul.o)
    0x080004b6   0x080004b6   0x0000001c   Code   RO         5150    .text               mc_w.l(_chval.o)
    0x080004d2   0x080004d2   0x00000002   Code   RO          418    i.BusFault_Handler  stm32f4xx_it.o
    0x080004d4   0x080004d4   0x00000010   Code   RO         4142    i.DHT11_Init        driver_dht11.o
    0x080004e4   0x080004e4   0x00000018   Code   RO         4143    i.DHT11_PinRead     driver_dht11.o
    0x080004fc   0x080004fc   0x00000014   Code   RO         4144    i.DHT11_PinSet      driver_dht11.o
    0x08000510   0x08000510   0x000000bc   Code   RO         4145    i.DHT11_Read        driver_dht11.o
    0x080005cc   0x080005cc   0x0000003e   Code   RO         4146    i.DHT11_ReadByte    driver_dht11.o
    0x0800060a   0x0800060a   0x00000028   Code   RO         4148    i.DHT11_WaitForLevel  driver_dht11.o
    0x08000632   0x08000632   0x00000002   Code   RO          419    i.DebugMon_Handler  stm32f4xx_it.o
    0x08000634   0x08000634   0x00000188   Code   RO         4680    i.ESPAT_ConnectWiFi  espat.o
    0x080007bc   0x080007bc   0x00000018   Code   RO         4681    i.ESPAT_GetUart     espat.o
    0x080007d4   0x080007d4   0x000001bc   Code   RO         4683    i.ESPAT_GetWeatherNowEx  espat.o
    0x08000990   0x08000990   0x00000030   Code   RO         4684    i.ESPAT_Init        espat.o
    0x080009c0   0x080009c0   0x00000094   Code   RO         4685    i.ESPAT_ParseUpdateTime  espat.o
    0x08000a54   0x08000a54   0x0000011c   Code   RO         4686    i.ESPAT_ParseWeather  espat.o
    0x08000b70   0x08000b70   0x00000010   Code   RO         4687    i.ESPAT_RxFifoClear  espat.o
    0x08000b80   0x08000b80   0x00000030   Code   RO         4688    i.ESPAT_RxFifoPop   espat.o
    0x08000bb0   0x08000bb0   0x00000134   Code   RO         4689    i.ESPAT_SendCmdCollect  espat.o
    0x08000ce4   0x08000ce4   0x000000ec   Code   RO         4690    i.ESPAT_SendCmdWait  espat.o
    0x08000dd0   0x08000dd0   0x00000050   Code   RO         4691    i.ESPAT_UART_RxCpltCallback  espat.o
    0x08000e20   0x08000e20   0x00000004   Code   RO           13    i.Error_Handler     main.o
    0x08000e24   0x08000e24   0x00000090   Code   RO         4692    i.GetWeatherIconByCode  espat.o
    0x08000eb4   0x08000eb4   0x00000092   Code   RO         2525    i.HAL_DMA_Abort     stm32f4xx_hal_dma.o
    0x08000f46   0x08000f46   0x00000024   Code   RO         2526    i.HAL_DMA_Abort_IT  stm32f4xx_hal_dma.o
    0x08000f6a   0x08000f6a   0x00000002   PAD
    0x08000f6c   0x08000f6c   0x00000024   Code   RO         2986    i.HAL_Delay         stm32f4xx_hal.o
    0x08000f90   0x08000f90   0x000001e0   Code   RO         2418    i.HAL_GPIO_Init     stm32f4xx_hal_gpio.o
    0x08001170   0x08001170   0x0000000a   Code   RO         2420    i.HAL_GPIO_ReadPin  stm32f4xx_hal_gpio.o
    0x0800117a   0x0800117a   0x0000000a   Code   RO         2422    i.HAL_GPIO_WritePin  stm32f4xx_hal_gpio.o
    0x08001184   0x08001184   0x0000000c   Code   RO         2992    i.HAL_GetTick       stm32f4xx_hal.o
    0x08001190   0x08001190   0x00000188   Code   RO         1553    i.HAL_I2C_Init      stm32f4xx_hal_i2c.o
    0x08001318   0x08001318   0x00000068   Code   RO          239    i.HAL_I2C_MspInit   i2c.o
    0x08001380   0x08001380   0x00000010   Code   RO         2998    i.HAL_IncTick       stm32f4xx_hal.o
    0x08001390   0x08001390   0x00000034   Code   RO         2999    i.HAL_Init          stm32f4xx_hal.o
    0x080013c4   0x080013c4   0x0000008c   Code   RO          530    i.HAL_InitTick      stm32f4xx_hal_timebase_tim.o
    0x08001450   0x08001450   0x00000030   Code   RO          506    i.HAL_MspInit       stm32f4xx_hal_msp.o
    0x08001480   0x08001480   0x0000001a   Code   RO         2834    i.HAL_NVIC_EnableIRQ  stm32f4xx_hal_cortex.o
    0x0800149a   0x0800149a   0x00000002   PAD
    0x0800149c   0x0800149c   0x00000040   Code   RO         2840    i.HAL_NVIC_SetPriority  stm32f4xx_hal_cortex.o
    0x080014dc   0x080014dc   0x00000024   Code   RO         2841    i.HAL_NVIC_SetPriorityGrouping  stm32f4xx_hal_cortex.o
    0x08001500   0x08001500   0x00000134   Code   RO         2010    i.HAL_RCC_ClockConfig  stm32f4xx_hal_rcc.o
    0x08001634   0x08001634   0x00000040   Code   RO         2014    i.HAL_RCC_GetClockConfig  stm32f4xx_hal_rcc.o
    0x08001674   0x08001674   0x00000020   Code   RO         2017    i.HAL_RCC_GetPCLK1Freq  stm32f4xx_hal_rcc.o
    0x08001694   0x08001694   0x00000020   Code   RO         2018    i.HAL_RCC_GetPCLK2Freq  stm32f4xx_hal_rcc.o
    0x080016b4   0x080016b4   0x00000064   Code   RO         2019    i.HAL_RCC_GetSysClockFreq  stm32f4xx_hal_rcc.o
    0x08001718   0x08001718   0x0000036c   Code   RO         2022    i.HAL_RCC_OscConfig  stm32f4xx_hal_rcc.o
    0x08001a84   0x08001a84   0x000000bc   Code   RO         3248    i.HAL_SPI_Init      stm32f4xx_hal_spi.o
    0x08001b40   0x08001b40   0x00000068   Code   RO          281    i.HAL_SPI_MspInit   spi.o
    0x08001ba8   0x08001ba8   0x00000166   Code   RO         3256    i.HAL_SPI_Transmit  stm32f4xx_hal_spi.o
    0x08001d0e   0x08001d0e   0x00000002   Code   RO         1275    i.HAL_TIMEx_BreakCallback  stm32f4xx_hal_tim_ex.o
    0x08001d10   0x08001d10   0x00000002   Code   RO         1276    i.HAL_TIMEx_CommutCallback  stm32f4xx_hal_tim_ex.o
    0x08001d12   0x08001d12   0x00000002   PAD
    0x08001d14   0x08001d14   0x0000007c   Code   RO         1294    i.HAL_TIMEx_MasterConfigSynchronization  stm32f4xx_hal_tim_ex.o
    0x08001d90   0x08001d90   0x0000005a   Code   RO          571    i.HAL_TIM_Base_Init  stm32f4xx_hal_tim.o
    0x08001dea   0x08001dea   0x00000002   PAD
    0x08001dec   0x08001dec   0x00000028   Code   RO          323    i.HAL_TIM_Base_MspInit  tim.o
    0x08001e14   0x08001e14   0x00000064   Code   RO          574    i.HAL_TIM_Base_Start  stm32f4xx_hal_tim.o
    0x08001e78   0x08001e78   0x0000006c   Code   RO          576    i.HAL_TIM_Base_Start_IT  stm32f4xx_hal_tim.o
    0x08001ee4   0x08001ee4   0x000000dc   Code   RO          580    i.HAL_TIM_ConfigClockSource  stm32f4xx_hal_tim.o
    0x08001fc0   0x08001fc0   0x00000002   Code   RO          605    i.HAL_TIM_IC_CaptureCallback  stm32f4xx_hal_tim.o
    0x08001fc2   0x08001fc2   0x00000130   Code   RO          619    i.HAL_TIM_IRQHandler  stm32f4xx_hal_tim.o
    0x080020f2   0x080020f2   0x00000002   Code   RO          622    i.HAL_TIM_OC_DelayElapsedCallback  stm32f4xx_hal_tim.o
    0x080020f4   0x080020f4   0x00000002   Code   RO          649    i.HAL_TIM_PWM_PulseFinishedCallback  stm32f4xx_hal_tim.o
    0x080020f6   0x080020f6   0x00000002   PAD
    0x080020f8   0x080020f8   0x00000014   Code   RO           14    i.HAL_TIM_PeriodElapsedCallback  main.o
    0x0800210c   0x0800210c   0x00000002   Code   RO          662    i.HAL_TIM_TriggerCallback  stm32f4xx_hal_tim.o
    0x0800210e   0x0800210e   0x00000002   Code   RO         3571    i.HAL_UARTEx_RxEventCallback  stm32f4xx_hal_uart.o
    0x08002110   0x08002110   0x00000002   Code   RO         3585    i.HAL_UART_ErrorCallback  stm32f4xx_hal_uart.o
    0x08002112   0x08002112   0x00000002   PAD
    0x08002114   0x08002114   0x00000280   Code   RO         3588    i.HAL_UART_IRQHandler  stm32f4xx_hal_uart.o
    0x08002394   0x08002394   0x00000064   Code   RO         3589    i.HAL_UART_Init     stm32f4xx_hal_uart.o
    0x080023f8   0x080023f8   0x000000bc   Code   RO          365    i.HAL_UART_MspInit  usart.o
    0x080024b4   0x080024b4   0x0000001c   Code   RO         3594    i.HAL_UART_Receive_IT  stm32f4xx_hal_uart.o
    0x080024d0   0x080024d0   0x00000004   Code   RO           15    i.HAL_UART_RxCpltCallback  main.o
    0x080024d4   0x080024d4   0x000000a0   Code   RO         3597    i.HAL_UART_Transmit  stm32f4xx_hal_uart.o
    0x08002574   0x08002574   0x00000002   Code   RO         3600    i.HAL_UART_TxCpltCallback  stm32f4xx_hal_uart.o
    0x08002576   0x08002576   0x00000002   Code   RO          420    i.HardFault_Handler  stm32f4xx_it.o
    0x08002578   0x08002578   0x00000094   Code   RO          214    i.MX_GPIO_Init      gpio.o
    0x0800260c   0x0800260c   0x00000040   Code   RO          240    i.MX_I2C1_Init      i2c.o
    0x0800264c   0x0800264c   0x00000044   Code   RO          282    i.MX_SPI1_Init      spi.o
    0x08002690   0x08002690   0x00000064   Code   RO          324    i.MX_TIM4_Init      tim.o
    0x080026f4   0x080026f4   0x00000038   Code   RO          366    i.MX_USART1_UART_Init  usart.o
    0x0800272c   0x0800272c   0x00000038   Code   RO          367    i.MX_USART2_UART_Init  usart.o
    0x08002764   0x08002764   0x00000002   Code   RO          421    i.MemManage_Handler  stm32f4xx_it.o
    0x08002766   0x08002766   0x00000002   Code   RO          422    i.NMI_Handler       stm32f4xx_it.o
    0x08002768   0x08002768   0x00000002   Code   RO          423    i.PendSV_Handler    stm32f4xx_it.o
    0x0800276a   0x0800276a   0x00000002   PAD
    0x0800276c   0x0800276c   0x0000006c   Code   RO         3286    i.SPI_EndRxTxTransaction  stm32f4xx_hal_spi.o
    0x080027d8   0x080027d8   0x000000bc   Code   RO         3291    i.SPI_WaitFlagStateUntilTimeout  stm32f4xx_hal_spi.o
    0x08002894   0x08002894   0x00000058   Code   RO         4425    i.ST7735_ChineseGlyph  st7735.o
    0x080028ec   0x080028ec   0x00000046   Code   RO         4426    i.ST7735_ChineseGlyphByBytes  st7735.o
    0x08002932   0x08002932   0x00000002   PAD
    0x08002934   0x08002934   0x00000140   Code   RO         4431    i.ST7735_DrawCharSize  st7735.o
    0x08002a74   0x08002a74   0x000000d0   Code   RO         4432    i.ST7735_DrawGlyph  st7735.o
    0x08002b44   0x08002b44   0x000000f4   Code   RO         4433    i.ST7735_DrawGlyphScaled  st7735.o
    0x08002c38   0x08002c38   0x00000100   Code   RO         4436    i.ST7735_DrawImageLESize  st7735.o
    0x08002d38   0x08002d38   0x00000060   Code   RO         4440    i.ST7735_DrawRectangle  st7735.o
    0x08002d98   0x08002d98   0x00000188   Code   RO         4443    i.ST7735_DrawStringMapleInternal  st7735.o
    0x08002f20   0x08002f20   0x00000012   Code   RO         4444    i.ST7735_DrawStringMapleSize  st7735.o
    0x08002f32   0x08002f32   0x00000096   Code   RO         4445    i.ST7735_DrawStringSize  st7735.o
    0x08002fc8   0x08002fc8   0x00000012   Code   RO         4446    i.ST7735_FillScreen  st7735.o
    0x08002fda   0x08002fda   0x00000220   Code   RO         4447    i.ST7735_Init       st7735.o
    0x080031fa   0x080031fa   0x00000002   PAD
    0x080031fc   0x080031fc   0x00000030   Code   RO         4448    i.ST7735_Reset      st7735.o
    0x0800322c   0x0800322c   0x0000003c   Code   RO         4449    i.ST7735_SetAddressWindow  st7735.o
    0x08003268   0x08003268   0x0000002e   Code   RO         4450    i.ST7735_SetRotation  st7735.o
    0x08003296   0x08003296   0x00000002   PAD
    0x08003298   0x08003298   0x00000040   Code   RO         4451    i.ST7735_WriteByte  st7735.o
    0x080032d8   0x080032d8   0x00000040   Code   RO         4452    i.ST7735_WriteCommand  st7735.o
    0x08003318   0x08003318   0x00000048   Code   RO         4453    i.ST7735_WriteData  st7735.o
    0x08003360   0x08003360   0x00000002   Code   RO          424    i.SVC_Handler       stm32f4xx_it.o
    0x08003362   0x08003362   0x00000002   Code   RO          425    i.SysTick_Handler   stm32f4xx_it.o
    0x08003364   0x08003364   0x00000090   Code   RO           16    i.SystemClock_Config  main.o
    0x080033f4   0x080033f4   0x00000010   Code   RO         3923    i.SystemInit        system_stm32f4xx.o
    0x08003404   0x08003404   0x0000000c   Code   RO          426    i.TIM1_UP_TIM10_IRQHandler  stm32f4xx_it.o
    0x08003410   0x08003410   0x000000a0   Code   RO          664    i.TIM_Base_SetConfig  stm32f4xx_hal_tim.o
    0x080034b0   0x080034b0   0x00000014   Code   RO          675    i.TIM_ETR_SetConfig  stm32f4xx_hal_tim.o
    0x080034c4   0x080034c4   0x00000010   Code   RO          676    i.TIM_ITRx_SetConfig  stm32f4xx_hal_tim.o
    0x080034d4   0x080034d4   0x00000022   Code   RO          682    i.TIM_TI1_ConfigInputStage  stm32f4xx_hal_tim.o
    0x080034f6   0x080034f6   0x00000024   Code   RO          684    i.TIM_TI2_ConfigInputStage  stm32f4xx_hal_tim.o
    0x0800351a   0x0800351a   0x0000000e   Code   RO         3602    i.UART_DMAAbortOnError  stm32f4xx_hal_uart.o
    0x08003528   0x08003528   0x0000004e   Code   RO         3612    i.UART_EndRxTransfer  stm32f4xx_hal_uart.o
    0x08003576   0x08003576   0x000000c2   Code   RO         3614    i.UART_Receive_IT   stm32f4xx_hal_uart.o
    0x08003638   0x08003638   0x0000010c   Code   RO         3615    i.UART_SetConfig    stm32f4xx_hal_uart.o
    0x08003744   0x08003744   0x00000036   Code   RO         3617    i.UART_Start_Receive_IT  stm32f4xx_hal_uart.o
    0x0800377a   0x0800377a   0x00000072   Code   RO         3618    i.UART_WaitOnFlagUntilTimeout  stm32f4xx_hal_uart.o
    0x080037ec   0x080037ec   0x00000048   Code   RO         4454    i.UI_DrawLayout     st7735.o
    0x08003834   0x08003834   0x00000054   Code   RO         4693    i.UI_FormatTimeHM   espat.o
    0x08003888   0x08003888   0x0000000c   Code   RO          427    i.USART2_IRQHandler  stm32f4xx_it.o
    0x08003894   0x08003894   0x00000002   Code   RO          428    i.UsageFault_Handler  stm32f4xx_it.o
    0x08003896   0x08003896   0x00000002   PAD
    0x08003898   0x08003898   0x00000020   Code   RO         4965    i.__0printf$6       mc_w.l(printf6.o)
    0x080038b8   0x080038b8   0x00000030   Code   RO         4966    i.__0snprintf$6     mc_w.l(printf6.o)
    0x080038e8   0x080038e8   0x00000020   Code   RO         2847    i.__NVIC_SetPriority  stm32f4xx_hal_cortex.o
    0x08003908   0x08003908   0x00000008   Code   RO         5094    i.__aeabi_errno_addr  mc_w.l(errno.o)
    0x08003910   0x08003910   0x0000000e   Code   RO         5154    i.__scatterload_copy  mc_w.l(handlers.o)
    0x0800391e   0x0800391e   0x00000002   Code   RO         5155    i.__scatterload_null  mc_w.l(handlers.o)
    0x08003920   0x08003920   0x0000000e   Code   RO         5156    i.__scatterload_zeroinit  mc_w.l(handlers.o)
    0x0800392e   0x0800392e   0x00000002   PAD
    0x08003930   0x08003930   0x000002f0   Code   RO         4972    i._printf_core      mc_w.l(printf6.o)
    0x08003c20   0x08003c20   0x00000024   Code   RO         4973    i._printf_post_padding  mc_w.l(printf6.o)
    0x08003c44   0x08003c44   0x0000002e   Code   RO         4974    i._printf_pre_padding  mc_w.l(printf6.o)
    0x08003c72   0x08003c72   0x00000016   Code   RO         4975    i._snputc           mc_w.l(printf6.o)
    0x08003c88   0x08003c88   0x00000078   Code   RO         4633    i.driver_timer_init  driver_timer.o
    0x08003d00   0x08003d00   0x00000018   Code   RO          368    i.fputc             usart.o
    0x08003d18   0x08003d18   0x00000398   Code   RO           17    i.main              main.o
    0x080040b0   0x080040b0   0x0000001c   Code   RO         4634    i.mdelay            driver_timer.o
    0x080040cc   0x080040cc   0x00000044   Code   RO         4636    i.udelay            driver_timer.o
    0x08004110   0x08004110   0x00000010   Data   RO         3924    .constdata          system_stm32f4xx.o
    0x08004120   0x08004120   0x00000008   Data   RO         3925    .constdata          system_stm32f4xx.o
    0x08004128   0x08004128   0x000016c8   Data   RO         3957    .constdata          icon_duoyun_1.o
    0x080057f0   0x080057f0   0x00000008   Data   RO         3958    .constdata          icon_duoyun_1.o
    0x080057f8   0x080057f8   0x000016c8   Data   RO         3971    .constdata          icon_leizhenyu_1.o
    0x08006ec0   0x08006ec0   0x00000008   Data   RO         3972    .constdata          icon_leizhenyu_1.o
    0x08006ec8   0x08006ec8   0x000016c8   Data   RO         3985    .constdata          icon_na_1.o
    0x08008590   0x08008590   0x00000008   Data   RO         3986    .constdata          icon_na_1.o
    0x08008598   0x08008598   0x000016c8   Data   RO         3999    .constdata          icon_qing_1.o
    0x08009c60   0x08009c60   0x00000008   Data   RO         4000    .constdata          icon_qing_1.o
    0x08009c68   0x08009c68   0x000016c8   Data   RO         4041    .constdata          icon_yintian_1.o
    0x0800b330   0x0800b330   0x00000008   Data   RO         4042    .constdata          icon_yintian_1.o
    0x0800b338   0x0800b338   0x000016c8   Data   RO         4055    .constdata          icon_yueliang_1.o
    0x0800ca00   0x0800ca00   0x00000008   Data   RO         4056    .constdata          icon_yueliang_1.o
    0x0800ca08   0x0800ca08   0x000016c8   Data   RO         4069    .constdata          icon_zhongxue_1.o
    0x0800e0d0   0x0800e0d0   0x00000008   Data   RO         4070    .constdata          icon_zhongxue_1.o
    0x0800e0d8   0x0800e0d8   0x000016c8   Data   RO         4083    .constdata          icon_zhongyu_1.o
    0x0800f7a0   0x0800f7a0   0x00000008   Data   RO         4084    .constdata          icon_zhongyu_1.o
    0x0800f7a8   0x0800f7a8   0x0000003c   Data   RO         4218    .constdata          font20_maple_bold.o
    0x0800f7e4   0x0800f7e4   0x0000003c   Data   RO         4219    .constdata          font20_maple_bold.o
    0x0800f820   0x0800f820   0x0000003c   Data   RO         4220    .constdata          font20_maple_bold.o
    0x0800f85c   0x0800f85c   0x0000003c   Data   RO         4221    .constdata          font20_maple_bold.o
    0x0800f898   0x0800f898   0x0000003c   Data   RO         4222    .constdata          font20_maple_bold.o
    0x0800f8d4   0x0800f8d4   0x0000003c   Data   RO         4223    .constdata          font20_maple_bold.o
    0x0800f910   0x0800f910   0x0000003c   Data   RO         4224    .constdata          font20_maple_bold.o
    0x0800f94c   0x0800f94c   0x0000003c   Data   RO         4225    .constdata          font20_maple_bold.o
    0x0800f988   0x0800f988   0x0000003c   Data   RO         4226    .constdata          font20_maple_bold.o
    0x0800f9c4   0x0800f9c4   0x0000003c   Data   RO         4227    .constdata          font20_maple_bold.o
    0x0800fa00   0x0800fa00   0x0000003c   Data   RO         4228    .constdata          font20_maple_bold.o
    0x0800fa3c   0x0800fa3c   0x0000003c   Data   RO         4229    .constdata          font20_maple_bold.o
    0x0800fa78   0x0800fa78   0x0000003c   Data   RO         4230    .constdata          font20_maple_bold.o
    0x0800fab4   0x0800fab4   0x0000003c   Data   RO         4231    .constdata          font20_maple_bold.o
    0x0800faf0   0x0800faf0   0x0000003c   Data   RO         4232    .constdata          font20_maple_bold.o
    0x0800fb2c   0x0800fb2c   0x0000003c   Data   RO         4233    .constdata          font20_maple_bold.o
    0x0800fb68   0x0800fb68   0x0000003c   Data   RO         4234    .constdata          font20_maple_bold.o
    0x0800fba4   0x0800fba4   0x0000003c   Data   RO         4235    .constdata          font20_maple_bold.o
    0x0800fbe0   0x0800fbe0   0x0000003c   Data   RO         4236    .constdata          font20_maple_bold.o
    0x0800fc1c   0x0800fc1c   0x0000003c   Data   RO         4237    .constdata          font20_maple_bold.o
    0x0800fc58   0x0800fc58   0x0000003c   Data   RO         4238    .constdata          font20_maple_bold.o
    0x0800fc94   0x0800fc94   0x0000003c   Data   RO         4239    .constdata          font20_maple_bold.o
    0x0800fcd0   0x0800fcd0   0x0000003c   Data   RO         4240    .constdata          font20_maple_bold.o
    0x0800fd0c   0x0800fd0c   0x0000003c   Data   RO         4241    .constdata          font20_maple_bold.o
    0x0800fd48   0x0800fd48   0x00000ed8   Data   RO         4242    .constdata          font20_maple_bold.o
    0x08010c20   0x08010c20   0x000000c8   Data   RO         4243    .constdata          font20_maple_bold.o
    0x08010ce8   0x08010ce8   0x00000010   Data   RO         4244    .constdata          font20_maple_bold.o
    0x08010cf8   0x08010cf8   0x00000ed8   Data   RO         4405    .constdata          fonts.o
    0x08011bd0   0x08011bd0   0x00000004   Data   RO         4407    .constdata          fonts.o
    0x08011bd4   0x08011bd4   0x00000008   Data   RO         4408    .constdata          fonts.o
    0x08011bdc   0x08011bdc   0x00000008   Data   RO         4410    .constdata          fonts.o
    0x08011be4   0x08011be4   0x000002a0   Data   RO         4456    .constdata          st7735.o
    0x08011e84   0x08011e84   0x00000081   Data   RO         5119    .constdata          mc_w.l(ctype_o.o)
    0x08011f05   0x08011f05   0x00000003   PAD
    0x08011f08   0x08011f08   0x00000004   Data   RO         5120    .constdata          mc_w.l(ctype_o.o)
    0x08011f0c   0x08011f0c   0x0000005b   Data   RO         4245    .conststring        font20_maple_bold.o
    0x08011f67   0x08011f67   0x00000001   PAD
    0x08011f68   0x08011f68   0x000000c3   Data   RO         4457    .conststring        st7735.o
    0x0801202b   0x0801202b   0x00000001   PAD
    0x0801202c   0x0801202c   0x00000071   Data   RO         4695    .conststring        espat.o
    0x0801209d   0x0801209d   0x00000003   PAD
    0x080120a0   0x080120a0   0x00000020   Data   RO         5152    Region$$Table       anon$$obj.o


    Execution Region RW_IRAM1 (Exec base: 0x20000000, Load base: 0x080120c0, Size: 0x00001638, Max: 0x00020000, ABSOLUTE)

    Exec Addr    Load Addr    Size         Type   Attr      Idx    E Section Name        Object

    0x20000000   0x080120c0   0x00000044   Data   RW           18    .data               main.o
    0x20000044   0x08012104   0x0000000c   Data   RW         3006    .data               stm32f4xx_hal.o
    0x20000050   0x08012110   0x00000004   Data   RW         3926    .data               system_stm32f4xx.o
    0x20000054   0x08012114   0x00000001   Data   RW         4637    .data               driver_timer.o
    0x20000055   0x08012115   0x00000003   PAD
    0x20000058   0x08012118   0x0000000c   Data   RW         4696    .data               espat.o
    0x20000064   0x08012124   0x00000004   Data   RW         5087    .data               mc_w.l(stdout.o)
    0x20000068   0x08012128   0x00000004   Data   RW         5097    .data               mc_w.l(errno.o)
    0x2000006c        -       0x00000054   Zero   RW          241    .bss                i2c.o
    0x200000c0        -       0x00000058   Zero   RW          283    .bss                spi.o
    0x20000118        -       0x00000048   Zero   RW          325    .bss                tim.o
    0x20000160        -       0x00000090   Zero   RW          369    .bss                usart.o
    0x200001f0        -       0x00000048   Zero   RW          533    .bss                stm32f4xx_hal_timebase_tim.o
    0x20000238        -       0x00000800   Zero   RW         4455    .bss                st7735.o
    0x20000a38        -       0x00000800   Zero   RW         4694    .bss                espat.o
    0x20001238        -       0x00000400   Zero   RW            1    STACK               startup_stm32f411xe.o


==============================================================================

Image component sizes


      Code (inc. data)   RO Data    RW Data    ZI Data      Debug   Object Name

       350         10          0          0          0      10130   driver_dht11.o
       216         22          0          1          0       2858   driver_timer.o
      2256        628        113         12       2048      13748   espat.o
         0          0       5547          0          0       1579   font20_maple_bold.o
         0          0       3820          0          0       1079   fonts.o
       148         10          0          0          0        955   gpio.o
       168         26          0          0         84       1645   i2c.o
         0          0       5840          0          0       1408   icon_duoyun_1.o
         0          0       5840          0          0       1416   icon_leizhenyu_1.o
         0          0       5840          0          0       1392   icon_na_1.o
         0          0       5840          0          0       1396   icon_qing_1.o
         0          0       5840          0          0       1412   icon_yintian_1.o
         0          0       5840          0          0       1412   icon_yueliang_1.o
         0          0       5840          0          0       1412   icon_zhongxue_1.o
         0          0       5840          0          0       1412   icon_zhongyu_1.o
      1092        248          0         68          0     441229   main.o
       172         20          0          0         88       1657   spi.o
      2830         70        867          0       2048      24556   st7735.o
        36          8        408          0       1024        824   startup_stm32f411xe.o
       116         18          0         12          0       8534   stm32f4xx_hal.o
       158         14          0          0          0      32994   stm32f4xx_hal_cortex.o
       182          0          0          0          0       2075   stm32f4xx_hal_dma.o
       500         34          0          0          0       2795   stm32f4xx_hal_gpio.o
       392         16          0          0          0       3211   stm32f4xx_hal_i2c.o
        48          6          0          0          0        846   stm32f4xx_hal_msp.o
      1412         86          0          0          0       5865   stm32f4xx_hal_rcc.o
       842         16          0          0          0       4550   stm32f4xx_hal_spi.o
      1096         72          0          0          0      10866   stm32f4xx_hal_tim.o
       128         20          0          0          0       2457   stm32f4xx_hal_tim_ex.o
       140         22          0          0         72       1404   stm32f4xx_hal_timebase_tim.o
      1656         14          0          0          0      11336   stm32f4xx_hal_uart.o
        42         12          0          0          0       5041   stm32f4xx_it.o
        16          4         24          4          0       1103   system_stm32f4xx.o
       140         18          0          0         72       1630   tim.o
       324         38          0          0        144       2971   usart.o

    ----------------------------------------------------------------------
     14482       1432      57536        100       5580     609198   Object Totals
         0          0         32          0          0          0   (incl. Generated)
        22          0          5          3          0          0   (incl. Padding)

    ----------------------------------------------------------------------

      Code (inc. data)   RO Data    RW Data    ZI Data      Debug   Library Member Name

        28          0          0          0          0         68   _chval.o
       158          0          0          0          0         92   _strtoul.o
        26          0          0          0          0         80   atoi.o
         8          4        133          0          0         68   ctype_o.o
         0          0          0          0          0          0   entry.o
         0          0          0          0          0          0   entry10a.o
         0          0          0          0          0          0   entry11a.o
         8          4          0          0          0          0   entry2.o
         4          0          0          0          0          0   entry5.o
         0          0          0          0          0          0   entry7b.o
         0          0          0          0          0          0   entry8b.o
         8          4          0          0          0          0   entry9a.o
         8          4          0          4          0         68   errno.o
        30          0          0          0          0          0   handlers.o
        36          8          0          0          0         68   init.o
        30          0          0          0          0         68   llshl.o
        32          0          0          0          0         68   llushr.o
        26          0          0          0          0         80   memcmp.o
        64          0          0          0          0         76   memmovea.o
        36          0          0          0          0        108   memseta.o
       936         18          0          0          0        504   printf6.o
         0          0          0          4          0          0   stdout.o
        20          0          0          0          0         68   strchr.o
        14          0          0          0          0         68   strlen.o
        36          0          0          0          0         80   strstr.o
       112          0          0          0          0         88   strtol.o
        44          0          0          0          0         80   uidiv.o
        98          0          0          0          0         92   uldiv.o

    ----------------------------------------------------------------------
      1766         42        136          8          0       1824   Library Totals
         4          0          3          0          0          0   (incl. Padding)

    ----------------------------------------------------------------------

      Code (inc. data)   RO Data    RW Data    ZI Data      Debug   Library Name

      1762         42        133          8          0       1824   mc_w.l

    ----------------------------------------------------------------------
      1766         42        136          8          0       1824   Library Totals

    ----------------------------------------------------------------------

==============================================================================


      Code (inc. data)   RO Data    RW Data    ZI Data      Debug   

     16248       1474      57672        108       5580     598490   Grand Totals
     16248       1474      57672        108       5580     598490   ELF Image Totals
     16248       1474      57672        108          0          0   ROM Totals

==============================================================================

    Total RO  Size (Code + RO Data)                73920 (  72.19kB)
    Total RW  Size (RW Data + ZI Data)              5688 (   5.55kB)
    Total ROM Size (Code + RO Data + RW Data)      74028 (  72.29kB)

==============================================================================

